[0.124s] DEBUG:colcon:Command line arguments: ['/usr/bin/colcon', 'build']
[0.124s] DEBUG:colcon:Parsed command line arguments: Namespace(log_base=None, log_level=None, verb_name='build', build_base='build', install_base='install', merge_install=False, symlink_install=False, test_result_base=None, continue_on_error=False, executor='parallel', parallel_workers=16, event_handlers=None, ignore_user_meta=False, metas=['./colcon.meta'], base_paths=['.'], packages_ignore=None, packages_ignore_regex=None, paths=None, packages_up_to=None, packages_up_to_regex=None, packages_above=None, packages_above_and_dependencies=None, packages_above_depth=None, packages_select_by_dep=None, packages_skip_by_dep=None, packages_skip_up_to=None, packages_select_build_failed=False, packages_skip_build_finished=False, packages_select_test_failures=False, packages_skip_test_passed=False, packages_select=None, packages_skip=None, packages_select_regex=None, packages_skip_regex=None, packages_start=None, packages_end=None, allow_overriding=[], cmake_args=None, cmake_target=None, cmake_target_skip_unavailable=False, cmake_clean_cache=False, cmake_clean_first=False, cmake_force_configure=False, ament_cmake_args=None, catkin_cmake_args=None, catkin_skip_building_tests=False, mixin_files=None, mixin=None, verb_parser=<colcon_mixin.mixin.mixin_argument.MixinArgumentDecorator object at 0x76b06c589870>, verb_extension=<colcon_core.verb.build.BuildVerb object at 0x76b06c513070>, main=<bound method BuildVerb.main of <colcon_core.verb.build.BuildVerb object at 0x76b06c513070>>, mixin_verb=('build',))
[0.319s] Level 1:colcon.colcon_core.package_discovery:discover_packages(colcon_meta) check parameters
[0.319s] Level 1:colcon.colcon_core.package_discovery:discover_packages(recursive) check parameters
[0.320s] Level 1:colcon.colcon_core.package_discovery:discover_packages(ignore) check parameters
[0.320s] Level 1:colcon.colcon_core.package_discovery:discover_packages(path) check parameters
[0.320s] Level 1:colcon.colcon_core.package_discovery:discover_packages(colcon_meta) discover
[0.320s] Level 1:colcon.colcon_core.package_discovery:discover_packages(recursive) discover
[0.320s] INFO:colcon.colcon_core.package_discovery:Crawling recursively for packages in '/home/entity014/3GP6-bot/robot_ws'
[0.320s] Level 1:colcon.colcon_core.package_identification:_identify(.) by extensions ['ignore', 'ignore_ament_install']
[0.320s] Level 1:colcon.colcon_core.package_identification:_identify(.) by extension 'ignore'
[0.320s] Level 1:colcon.colcon_core.package_identification:_identify(.) by extension 'ignore_ament_install'
[0.320s] Level 1:colcon.colcon_core.package_identification:_identify(.) by extensions ['colcon_pkg']
[0.320s] Level 1:colcon.colcon_core.package_identification:_identify(.) by extension 'colcon_pkg'
[0.320s] Level 1:colcon.colcon_core.package_identification:_identify(.) by extensions ['colcon_meta']
[0.320s] Level 1:colcon.colcon_core.package_identification:_identify(.) by extension 'colcon_meta'
[0.320s] Level 1:colcon.colcon_core.package_identification:_identify(.) by extensions ['ros']
[0.320s] Level 1:colcon.colcon_core.package_identification:_identify(.) by extension 'ros'
[0.342s] Level 1:colcon.colcon_core.package_identification:_identify(.) by extensions ['cmake', 'python']
[0.342s] Level 1:colcon.colcon_core.package_identification:_identify(.) by extension 'cmake'
[0.342s] Level 1:colcon.colcon_core.package_identification:_identify(.) by extension 'python'
[0.342s] Level 1:colcon.colcon_core.package_identification:_identify(.) by extensions ['python_setup_py']
[0.342s] Level 1:colcon.colcon_core.package_identification:_identify(.) by extension 'python_setup_py'
[0.343s] Level 1:colcon.colcon_core.package_identification:_identify(build) by extensions ['ignore', 'ignore_ament_install']
[0.343s] Level 1:colcon.colcon_core.package_identification:_identify(build) by extension 'ignore'
[0.343s] Level 1:colcon.colcon_core.package_identification:_identify(build) ignored
[0.343s] Level 1:colcon.colcon_core.package_identification:_identify(install) by extensions ['ignore', 'ignore_ament_install']
[0.343s] Level 1:colcon.colcon_core.package_identification:_identify(install) by extension 'ignore'
[0.343s] Level 1:colcon.colcon_core.package_identification:_identify(install) ignored
[0.343s] Level 1:colcon.colcon_core.package_identification:_identify(log) by extensions ['ignore', 'ignore_ament_install']
[0.343s] Level 1:colcon.colcon_core.package_identification:_identify(log) by extension 'ignore'
[0.343s] Level 1:colcon.colcon_core.package_identification:_identify(log) ignored
[0.343s] Level 1:colcon.colcon_core.package_identification:_identify(src) by extensions ['ignore', 'ignore_ament_install']
[0.343s] Level 1:colcon.colcon_core.package_identification:_identify(src) by extension 'ignore'
[0.343s] Level 1:colcon.colcon_core.package_identification:_identify(src) by extension 'ignore_ament_install'
[0.343s] Level 1:colcon.colcon_core.package_identification:_identify(src) by extensions ['colcon_pkg']
[0.343s] Level 1:colcon.colcon_core.package_identification:_identify(src) by extension 'colcon_pkg'
[0.344s] Level 1:colcon.colcon_core.package_identification:_identify(src) by extensions ['colcon_meta']
[0.344s] Level 1:colcon.colcon_core.package_identification:_identify(src) by extension 'colcon_meta'
[0.344s] Level 1:colcon.colcon_core.package_identification:_identify(src) by extensions ['ros']
[0.344s] Level 1:colcon.colcon_core.package_identification:_identify(src) by extension 'ros'
[0.344s] Level 1:colcon.colcon_core.package_identification:_identify(src) by extensions ['cmake', 'python']
[0.344s] Level 1:colcon.colcon_core.package_identification:_identify(src) by extension 'cmake'
[0.344s] Level 1:colcon.colcon_core.package_identification:_identify(src) by extension 'python'
[0.344s] Level 1:colcon.colcon_core.package_identification:_identify(src) by extensions ['python_setup_py']
[0.344s] Level 1:colcon.colcon_core.package_identification:_identify(src) by extension 'python_setup_py'
[0.344s] Level 1:colcon.colcon_core.package_identification:_identify(src/robot_core) by extensions ['ignore', 'ignore_ament_install']
[0.344s] Level 1:colcon.colcon_core.package_identification:_identify(src/robot_core) by extension 'ignore'
[0.344s] Level 1:colcon.colcon_core.package_identification:_identify(src/robot_core) by extension 'ignore_ament_install'
[0.344s] Level 1:colcon.colcon_core.package_identification:_identify(src/robot_core) by extensions ['colcon_pkg']
[0.344s] Level 1:colcon.colcon_core.package_identification:_identify(src/robot_core) by extension 'colcon_pkg'
[0.344s] Level 1:colcon.colcon_core.package_identification:_identify(src/robot_core) by extensions ['colcon_meta']
[0.344s] Level 1:colcon.colcon_core.package_identification:_identify(src/robot_core) by extension 'colcon_meta'
[0.344s] Level 1:colcon.colcon_core.package_identification:_identify(src/robot_core) by extensions ['ros']
[0.344s] Level 1:colcon.colcon_core.package_identification:_identify(src/robot_core) by extension 'ros'
[0.347s] DEBUG:colcon.colcon_core.package_identification:Package 'src/robot_core' with type 'ros.ament_cmake' and name 'robot_core'
[0.347s] Level 1:colcon.colcon_core.package_identification:_identify(src/robot_description) by extensions ['ignore', 'ignore_ament_install']
[0.347s] Level 1:colcon.colcon_core.package_identification:_identify(src/robot_description) by extension 'ignore'
[0.347s] Level 1:colcon.colcon_core.package_identification:_identify(src/robot_description) by extension 'ignore_ament_install'
[0.347s] Level 1:colcon.colcon_core.package_identification:_identify(src/robot_description) by extensions ['colcon_pkg']
[0.347s] Level 1:colcon.colcon_core.package_identification:_identify(src/robot_description) by extension 'colcon_pkg'
[0.347s] Level 1:colcon.colcon_core.package_identification:_identify(src/robot_description) by extensions ['colcon_meta']
[0.347s] Level 1:colcon.colcon_core.package_identification:_identify(src/robot_description) by extension 'colcon_meta'
[0.347s] Level 1:colcon.colcon_core.package_identification:_identify(src/robot_description) by extensions ['ros']
[0.348s] Level 1:colcon.colcon_core.package_identification:_identify(src/robot_description) by extension 'ros'
[0.348s] DEBUG:colcon.colcon_core.package_identification:Package 'src/robot_description' with type 'ros.ament_cmake' and name 'robot_description'
[0.348s] Level 1:colcon.colcon_core.package_identification:_identify(src/robot_interface) by extensions ['ignore', 'ignore_ament_install']
[0.348s] Level 1:colcon.colcon_core.package_identification:_identify(src/robot_interface) by extension 'ignore'
[0.348s] Level 1:colcon.colcon_core.package_identification:_identify(src/robot_interface) by extension 'ignore_ament_install'
[0.348s] Level 1:colcon.colcon_core.package_identification:_identify(src/robot_interface) by extensions ['colcon_pkg']
[0.348s] Level 1:colcon.colcon_core.package_identification:_identify(src/robot_interface) by extension 'colcon_pkg'
[0.349s] Level 1:colcon.colcon_core.package_identification:_identify(src/robot_interface) by extensions ['colcon_meta']
[0.349s] Level 1:colcon.colcon_core.package_identification:_identify(src/robot_interface) by extension 'colcon_meta'
[0.349s] Level 1:colcon.colcon_core.package_identification:_identify(src/robot_interface) by extensions ['ros']
[0.349s] Level 1:colcon.colcon_core.package_identification:_identify(src/robot_interface) by extension 'ros'
[0.349s] DEBUG:colcon.colcon_core.package_identification:Package 'src/robot_interface' with type 'ros.ament_cmake' and name 'robot_interface'
[0.349s] Level 1:colcon.colcon_core.package_discovery:discover_packages(recursive) using defaults
[0.349s] Level 1:colcon.colcon_core.package_discovery:discover_packages(ignore) discover
[0.349s] Level 1:colcon.colcon_core.package_discovery:discover_packages(ignore) using defaults
[0.349s] Level 1:colcon.colcon_core.package_discovery:discover_packages(path) discover
[0.349s] Level 1:colcon.colcon_core.package_discovery:discover_packages(path) using defaults
[0.373s] Level 1:colcon.colcon_core.package_discovery:discover_packages(prefix_path) check parameters
[0.373s] Level 1:colcon.colcon_core.package_discovery:discover_packages(prefix_path) discover
[0.375s] DEBUG:colcon.colcon_installed_package_information.package_discovery:Found 3 installed packages in /home/entity014/3GP6-bot/robot_ws/install
[0.376s] DEBUG:colcon.colcon_installed_package_information.package_discovery:Found 1 installed packages in /home/entity014/Ros-Major/project_ws/install
[0.376s] DEBUG:colcon.colcon_installed_package_information.package_discovery:Found 3 installed packages in /home/entity014/Ros-Major/650610841_final/install
[0.377s] DEBUG:colcon.colcon_installed_package_information.package_discovery:Found 15 installed packages in /home/entity014/turtlebot3_ws/install
[0.377s] DEBUG:colcon.colcon_installed_package_information.package_discovery:Found 3 installed packages in /home/entity014/microros_ws/install
[0.379s] DEBUG:colcon.colcon_installed_package_information.package_discovery:Found 377 installed packages in /opt/ros/humble
[0.381s] Level 1:colcon.colcon_core.package_discovery:discover_packages(prefix_path) using defaults
[0.431s] Level 5:colcon.colcon_core.verb:set package 'robot_core' build argument 'cmake_args' from command line to 'None'
[0.431s] Level 5:colcon.colcon_core.verb:set package 'robot_core' build argument 'cmake_target' from command line to 'None'
[0.431s] Level 5:colcon.colcon_core.verb:set package 'robot_core' build argument 'cmake_target_skip_unavailable' from command line to 'False'
[0.431s] Level 5:colcon.colcon_core.verb:set package 'robot_core' build argument 'cmake_clean_cache' from command line to 'False'
[0.431s] Level 5:colcon.colcon_core.verb:set package 'robot_core' build argument 'cmake_clean_first' from command line to 'False'
[0.431s] Level 5:colcon.colcon_core.verb:set package 'robot_core' build argument 'cmake_force_configure' from command line to 'False'
[0.431s] Level 5:colcon.colcon_core.verb:set package 'robot_core' build argument 'ament_cmake_args' from command line to 'None'
[0.431s] Level 5:colcon.colcon_core.verb:set package 'robot_core' build argument 'catkin_cmake_args' from command line to 'None'
[0.431s] Level 5:colcon.colcon_core.verb:set package 'robot_core' build argument 'catkin_skip_building_tests' from command line to 'False'
[0.431s] DEBUG:colcon.colcon_core.verb:Building package 'robot_core' with the following arguments: {'ament_cmake_args': None, 'build_base': '/home/entity014/3GP6-bot/robot_ws/build/robot_core', 'catkin_cmake_args': None, 'catkin_skip_building_tests': False, 'cmake_args': None, 'cmake_clean_cache': False, 'cmake_clean_first': False, 'cmake_force_configure': False, 'cmake_target': None, 'cmake_target_skip_unavailable': False, 'install_base': '/home/entity014/3GP6-bot/robot_ws/install/robot_core', 'merge_install': False, 'path': '/home/entity014/3GP6-bot/robot_ws/src/robot_core', 'symlink_install': False, 'test_result_base': None}
[0.432s] Level 5:colcon.colcon_core.verb:set package 'robot_description' build argument 'cmake_args' from command line to 'None'
[0.432s] Level 5:colcon.colcon_core.verb:set package 'robot_description' build argument 'cmake_target' from command line to 'None'
[0.432s] Level 5:colcon.colcon_core.verb:set package 'robot_description' build argument 'cmake_target_skip_unavailable' from command line to 'False'
[0.432s] Level 5:colcon.colcon_core.verb:set package 'robot_description' build argument 'cmake_clean_cache' from command line to 'False'
[0.432s] Level 5:colcon.colcon_core.verb:set package 'robot_description' build argument 'cmake_clean_first' from command line to 'False'
[0.432s] Level 5:colcon.colcon_core.verb:set package 'robot_description' build argument 'cmake_force_configure' from command line to 'False'
[0.432s] Level 5:colcon.colcon_core.verb:set package 'robot_description' build argument 'ament_cmake_args' from command line to 'None'
[0.432s] Level 5:colcon.colcon_core.verb:set package 'robot_description' build argument 'catkin_cmake_args' from command line to 'None'
[0.432s] Level 5:colcon.colcon_core.verb:set package 'robot_description' build argument 'catkin_skip_building_tests' from command line to 'False'
[0.432s] DEBUG:colcon.colcon_core.verb:Building package 'robot_description' with the following arguments: {'ament_cmake_args': None, 'build_base': '/home/entity014/3GP6-bot/robot_ws/build/robot_description', 'catkin_cmake_args': None, 'catkin_skip_building_tests': False, 'cmake_args': None, 'cmake_clean_cache': False, 'cmake_clean_first': False, 'cmake_force_configure': False, 'cmake_target': None, 'cmake_target_skip_unavailable': False, 'install_base': '/home/entity014/3GP6-bot/robot_ws/install/robot_description', 'merge_install': False, 'path': '/home/entity014/3GP6-bot/robot_ws/src/robot_description', 'symlink_install': False, 'test_result_base': None}
[0.432s] Level 5:colcon.colcon_core.verb:set package 'robot_interface' build argument 'cmake_args' from command line to 'None'
[0.432s] Level 5:colcon.colcon_core.verb:set package 'robot_interface' build argument 'cmake_target' from command line to 'None'
[0.433s] Level 5:colcon.colcon_core.verb:set package 'robot_interface' build argument 'cmake_target_skip_unavailable' from command line to 'False'
[0.433s] Level 5:colcon.colcon_core.verb:set package 'robot_interface' build argument 'cmake_clean_cache' from command line to 'False'
[0.433s] Level 5:colcon.colcon_core.verb:set package 'robot_interface' build argument 'cmake_clean_first' from command line to 'False'
[0.433s] Level 5:colcon.colcon_core.verb:set package 'robot_interface' build argument 'cmake_force_configure' from command line to 'False'
[0.433s] Level 5:colcon.colcon_core.verb:set package 'robot_interface' build argument 'ament_cmake_args' from command line to 'None'
[0.433s] Level 5:colcon.colcon_core.verb:set package 'robot_interface' build argument 'catkin_cmake_args' from command line to 'None'
[0.433s] Level 5:colcon.colcon_core.verb:set package 'robot_interface' build argument 'catkin_skip_building_tests' from command line to 'False'
[0.433s] DEBUG:colcon.colcon_core.verb:Building package 'robot_interface' with the following arguments: {'ament_cmake_args': None, 'build_base': '/home/entity014/3GP6-bot/robot_ws/build/robot_interface', 'catkin_cmake_args': None, 'catkin_skip_building_tests': False, 'cmake_args': None, 'cmake_clean_cache': False, 'cmake_clean_first': False, 'cmake_force_configure': False, 'cmake_target': None, 'cmake_target_skip_unavailable': False, 'install_base': '/home/entity014/3GP6-bot/robot_ws/install/robot_interface', 'merge_install': False, 'path': '/home/entity014/3GP6-bot/robot_ws/src/robot_interface', 'symlink_install': False, 'test_result_base': None}
[0.433s] INFO:colcon.colcon_core.executor:Executing jobs using 'parallel' executor
[0.434s] DEBUG:colcon.colcon_parallel_executor.executor.parallel:run_until_complete
[0.434s] INFO:colcon.colcon_ros.task.ament_cmake.build:Building ROS package in '/home/entity014/3GP6-bot/robot_ws/src/robot_core' with build type 'ament_cmake'
[0.434s] INFO:colcon.colcon_cmake.task.cmake.build:Building CMake package in '/home/entity014/3GP6-bot/robot_ws/src/robot_core'
[0.437s] INFO:colcon.colcon_core.plugin_system:Skipping extension 'colcon_core.shell.bat': Not used on non-Windows systems
[0.437s] INFO:colcon.colcon_core.shell:Skip shell extension 'powershell' for command environment: Not usable outside of PowerShell
[0.437s] DEBUG:colcon.colcon_core.shell:Skip shell extension 'dsv' for command environment
[0.443s] INFO:colcon.colcon_ros.task.ament_cmake.build:Building ROS package in '/home/entity014/3GP6-bot/robot_ws/src/robot_description' with build type 'ament_cmake'
[0.444s] INFO:colcon.colcon_cmake.task.cmake.build:Building CMake package in '/home/entity014/3GP6-bot/robot_ws/src/robot_description'
[0.444s] INFO:colcon.colcon_core.shell:Skip shell extension 'powershell' for command environment: Not usable outside of PowerShell
[0.444s] DEBUG:colcon.colcon_core.shell:Skip shell extension 'dsv' for command environment
[0.451s] INFO:colcon.colcon_ros.task.ament_cmake.build:Building ROS package in '/home/entity014/3GP6-bot/robot_ws/src/robot_interface' with build type 'ament_cmake'
[0.451s] INFO:colcon.colcon_cmake.task.cmake.build:Building CMake package in '/home/entity014/3GP6-bot/robot_ws/src/robot_interface'
[0.451s] INFO:colcon.colcon_core.shell:Skip shell extension 'powershell' for command environment: Not usable outside of PowerShell
[0.451s] DEBUG:colcon.colcon_core.shell:Skip shell extension 'dsv' for command environment
[0.470s] DEBUG:colcon.colcon_core.event_handler.log_command:Invoking command in '/home/entity014/3GP6-bot/robot_ws/build/robot_core': CMAKE_PREFIX_PATH=${CMAKE_PREFIX_PATH}:/home/entity014/Ros-Major/project_ws/install/object_detect:/home/entity014/Ros-Major/650610841_final/install/lidar_650610841:/home/entity014/turtlebot3_ws/install/turtlebot3_teleop:/home/entity014/turtlebot3_ws/install/turtlebot3_example:/opt/ros/humble /usr/bin/cmake --build /home/entity014/3GP6-bot/robot_ws/build/robot_core -- -j16 -l16
[0.477s] DEBUG:colcon.colcon_core.event_handler.log_command:Invoking command in '/home/entity014/3GP6-bot/robot_ws/build/robot_description': CMAKE_PREFIX_PATH=${CMAKE_PREFIX_PATH}:/home/entity014/Ros-Major/project_ws/install/object_detect:/home/entity014/Ros-Major/650610841_final/install/lidar_650610841:/home/entity014/turtlebot3_ws/install/turtlebot3_teleop:/home/entity014/turtlebot3_ws/install/turtlebot3_example:/opt/ros/humble /usr/bin/cmake --build /home/entity014/3GP6-bot/robot_ws/build/robot_description -- -j16 -l16
[0.487s] DEBUG:colcon.colcon_core.event_handler.log_command:Invoking command in '/home/entity014/3GP6-bot/robot_ws/build/robot_interface': CMAKE_PREFIX_PATH=${CMAKE_PREFIX_PATH}:/home/entity014/Ros-Major/project_ws/install/object_detect:/home/entity014/Ros-Major/650610841_final/install/lidar_650610841:/home/entity014/turtlebot3_ws/install/turtlebot3_teleop:/home/entity014/turtlebot3_ws/install/turtlebot3_example:/opt/ros/humble /usr/bin/cmake --build /home/entity014/3GP6-bot/robot_ws/build/robot_interface -- -j16 -l16
[0.525s] DEBUG:colcon.colcon_core.event_handler.log_command:Invoked command in '/home/entity014/3GP6-bot/robot_ws/build/robot_interface' returned '0': CMAKE_PREFIX_PATH=${CMAKE_PREFIX_PATH}:/home/entity014/Ros-Major/project_ws/install/object_detect:/home/entity014/Ros-Major/650610841_final/install/lidar_650610841:/home/entity014/turtlebot3_ws/install/turtlebot3_teleop:/home/entity014/turtlebot3_ws/install/turtlebot3_example:/opt/ros/humble /usr/bin/cmake --build /home/entity014/3GP6-bot/robot_ws/build/robot_interface -- -j16 -l16
[0.535s] DEBUG:colcon.colcon_core.event_handler.log_command:Invoking command in '/home/entity014/3GP6-bot/robot_ws/build/robot_interface': CMAKE_PREFIX_PATH=${CMAKE_PREFIX_PATH}:/home/entity014/Ros-Major/project_ws/install/object_detect:/home/entity014/Ros-Major/650610841_final/install/lidar_650610841:/home/entity014/turtlebot3_ws/install/turtlebot3_teleop:/home/entity014/turtlebot3_ws/install/turtlebot3_example:/opt/ros/humble /usr/bin/cmake --install /home/entity014/3GP6-bot/robot_ws/build/robot_interface
[0.545s] Level 1:colcon.colcon_core.environment:create_environment_scripts_only(robot_interface)
[0.547s] DEBUG:colcon.colcon_core.event_handler.log_command:Invoked command in '/home/entity014/3GP6-bot/robot_ws/build/robot_interface' returned '0': CMAKE_PREFIX_PATH=${CMAKE_PREFIX_PATH}:/home/entity014/Ros-Major/project_ws/install/object_detect:/home/entity014/Ros-Major/650610841_final/install/lidar_650610841:/home/entity014/turtlebot3_ws/install/turtlebot3_teleop:/home/entity014/turtlebot3_ws/install/turtlebot3_example:/opt/ros/humble /usr/bin/cmake --install /home/entity014/3GP6-bot/robot_ws/build/robot_interface
[0.553s] Level 1:colcon.colcon_core.environment:checking '/home/entity014/3GP6-bot/robot_ws/install/robot_interface' for CMake module files
[0.555s] Level 1:colcon.colcon_core.environment:checking '/home/entity014/3GP6-bot/robot_ws/install/robot_interface' for CMake config files
[0.555s] Level 1:colcon.colcon_core.shell:create_environment_hook('robot_interface', 'cmake_prefix_path')
[0.555s] INFO:colcon.colcon_core.shell:Creating environment hook '/home/entity014/3GP6-bot/robot_ws/install/robot_interface/share/robot_interface/hook/cmake_prefix_path.ps1'
[0.556s] INFO:colcon.colcon_core.shell:Creating environment descriptor '/home/entity014/3GP6-bot/robot_ws/install/robot_interface/share/robot_interface/hook/cmake_prefix_path.dsv'
[0.557s] INFO:colcon.colcon_core.shell:Creating environment hook '/home/entity014/3GP6-bot/robot_ws/install/robot_interface/share/robot_interface/hook/cmake_prefix_path.sh'
[0.559s] Level 1:colcon.colcon_core.environment:checking '/home/entity014/3GP6-bot/robot_ws/install/robot_interface/bin'
[0.559s] Level 1:colcon.colcon_core.environment:checking '/home/entity014/3GP6-bot/robot_ws/install/robot_interface/lib/pkgconfig/robot_interface.pc'
[0.560s] Level 1:colcon.colcon_core.environment:checking '/home/entity014/3GP6-bot/robot_ws/install/robot_interface/lib/python3.10/site-packages'
[0.560s] Level 1:colcon.colcon_core.environment:checking '/home/entity014/3GP6-bot/robot_ws/install/robot_interface/bin'
[0.561s] INFO:colcon.colcon_core.shell:Creating package script '/home/entity014/3GP6-bot/robot_ws/install/robot_interface/share/robot_interface/package.ps1'
[0.562s] INFO:colcon.colcon_core.shell:Creating package descriptor '/home/entity014/3GP6-bot/robot_ws/install/robot_interface/share/robot_interface/package.dsv'
[0.563s] INFO:colcon.colcon_core.shell:Creating package script '/home/entity014/3GP6-bot/robot_ws/install/robot_interface/share/robot_interface/package.sh'
[0.564s] INFO:colcon.colcon_core.shell:Creating package script '/home/entity014/3GP6-bot/robot_ws/install/robot_interface/share/robot_interface/package.bash'
[0.565s] INFO:colcon.colcon_core.shell:Creating package script '/home/entity014/3GP6-bot/robot_ws/install/robot_interface/share/robot_interface/package.zsh'
[0.566s] Level 1:colcon.colcon_core.environment:create_file_with_runtime_dependencies(/home/entity014/3GP6-bot/robot_ws/install/robot_interface/share/colcon-core/packages/robot_interface)
[0.567s] Level 1:colcon.colcon_core.environment:create_environment_scripts_only(robot_interface)
[0.568s] Level 1:colcon.colcon_core.environment:checking '/home/entity014/3GP6-bot/robot_ws/install/robot_interface' for CMake module files
[0.568s] Level 1:colcon.colcon_core.environment:checking '/home/entity014/3GP6-bot/robot_ws/install/robot_interface' for CMake config files
[0.569s] Level 1:colcon.colcon_core.shell:create_environment_hook('robot_interface', 'cmake_prefix_path')
[0.569s] INFO:colcon.colcon_core.shell:Creating environment hook '/home/entity014/3GP6-bot/robot_ws/install/robot_interface/share/robot_interface/hook/cmake_prefix_path.ps1'
[0.570s] INFO:colcon.colcon_core.shell:Creating environment descriptor '/home/entity014/3GP6-bot/robot_ws/install/robot_interface/share/robot_interface/hook/cmake_prefix_path.dsv'
[0.570s] INFO:colcon.colcon_core.shell:Creating environment hook '/home/entity014/3GP6-bot/robot_ws/install/robot_interface/share/robot_interface/hook/cmake_prefix_path.sh'
[0.571s] Level 1:colcon.colcon_core.environment:checking '/home/entity014/3GP6-bot/robot_ws/install/robot_interface/bin'
[0.572s] Level 1:colcon.colcon_core.environment:checking '/home/entity014/3GP6-bot/robot_ws/install/robot_interface/lib/pkgconfig/robot_interface.pc'
[0.572s] Level 1:colcon.colcon_core.environment:checking '/home/entity014/3GP6-bot/robot_ws/install/robot_interface/lib/python3.10/site-packages'
[0.573s] Level 1:colcon.colcon_core.environment:checking '/home/entity014/3GP6-bot/robot_ws/install/robot_interface/bin'
[0.573s] INFO:colcon.colcon_core.shell:Creating package script '/home/entity014/3GP6-bot/robot_ws/install/robot_interface/share/robot_interface/package.ps1'
[0.575s] INFO:colcon.colcon_core.shell:Creating package descriptor '/home/entity014/3GP6-bot/robot_ws/install/robot_interface/share/robot_interface/package.dsv'
[0.575s] INFO:colcon.colcon_core.shell:Creating package script '/home/entity014/3GP6-bot/robot_ws/install/robot_interface/share/robot_interface/package.sh'
[0.576s] INFO:colcon.colcon_core.shell:Creating package script '/home/entity014/3GP6-bot/robot_ws/install/robot_interface/share/robot_interface/package.bash'
[0.577s] INFO:colcon.colcon_core.shell:Creating package script '/home/entity014/3GP6-bot/robot_ws/install/robot_interface/share/robot_interface/package.zsh'
[0.578s] Level 1:colcon.colcon_core.environment:create_file_with_runtime_dependencies(/home/entity014/3GP6-bot/robot_ws/install/robot_interface/share/colcon-core/packages/robot_interface)
[1.059s] DEBUG:colcon.colcon_core.event_handler.log_command:Invoked command in '/home/entity014/3GP6-bot/robot_ws/build/robot_description' returned '0': CMAKE_PREFIX_PATH=${CMAKE_PREFIX_PATH}:/home/entity014/Ros-Major/project_ws/install/object_detect:/home/entity014/Ros-Major/650610841_final/install/lidar_650610841:/home/entity014/turtlebot3_ws/install/turtlebot3_teleop:/home/entity014/turtlebot3_ws/install/turtlebot3_example:/opt/ros/humble /usr/bin/cmake --build /home/entity014/3GP6-bot/robot_ws/build/robot_description -- -j16 -l16
[1.062s] DEBUG:colcon.colcon_core.event_handler.log_command:Invoking command in '/home/entity014/3GP6-bot/robot_ws/build/robot_description': CMAKE_PREFIX_PATH=${CMAKE_PREFIX_PATH}:/home/entity014/Ros-Major/project_ws/install/object_detect:/home/entity014/Ros-Major/650610841_final/install/lidar_650610841:/home/entity014/turtlebot3_ws/install/turtlebot3_teleop:/home/entity014/turtlebot3_ws/install/turtlebot3_example:/opt/ros/humble /usr/bin/cmake --install /home/entity014/3GP6-bot/robot_ws/build/robot_description
[1.064s] DEBUG:colcon.colcon_core.event_handler.log_command:Invoked command in '/home/entity014/3GP6-bot/robot_ws/build/robot_core' returned '0': CMAKE_PREFIX_PATH=${CMAKE_PREFIX_PATH}:/home/entity014/Ros-Major/project_ws/install/object_detect:/home/entity014/Ros-Major/650610841_final/install/lidar_650610841:/home/entity014/turtlebot3_ws/install/turtlebot3_teleop:/home/entity014/turtlebot3_ws/install/turtlebot3_example:/opt/ros/humble /usr/bin/cmake --build /home/entity014/3GP6-bot/robot_ws/build/robot_core -- -j16 -l16
[1.067s] DEBUG:colcon.colcon_core.event_handler.log_command:Invoking command in '/home/entity014/3GP6-bot/robot_ws/build/robot_core': CMAKE_PREFIX_PATH=${CMAKE_PREFIX_PATH}:/home/entity014/Ros-Major/project_ws/install/object_detect:/home/entity014/Ros-Major/650610841_final/install/lidar_650610841:/home/entity014/turtlebot3_ws/install/turtlebot3_teleop:/home/entity014/turtlebot3_ws/install/turtlebot3_example:/opt/ros/humble /usr/bin/cmake --install /home/entity014/3GP6-bot/robot_ws/build/robot_core
[1.144s] Level 1:colcon.colcon_core.environment:create_environment_scripts_only(robot_description)
[1.145s] Level 1:colcon.colcon_core.environment:checking '/home/entity014/3GP6-bot/robot_ws/install/robot_description' for CMake module files
[1.147s] Level 1:colcon.colcon_core.environment:checking '/home/entity014/3GP6-bot/robot_ws/install/robot_description' for CMake config files
[1.148s] Level 1:colcon.colcon_core.shell:create_environment_hook('robot_description', 'cmake_prefix_path')
[1.149s] INFO:colcon.colcon_core.shell:Creating environment hook '/home/entity014/3GP6-bot/robot_ws/install/robot_description/share/robot_description/hook/cmake_prefix_path.ps1'
[1.150s] INFO:colcon.colcon_core.shell:Creating environment descriptor '/home/entity014/3GP6-bot/robot_ws/install/robot_description/share/robot_description/hook/cmake_prefix_path.dsv'
[1.153s] DEBUG:colcon.colcon_core.event_handler.log_command:Invoked command in '/home/entity014/3GP6-bot/robot_ws/build/robot_description' returned '0': CMAKE_PREFIX_PATH=${CMAKE_PREFIX_PATH}:/home/entity014/Ros-Major/project_ws/install/object_detect:/home/entity014/Ros-Major/650610841_final/install/lidar_650610841:/home/entity014/turtlebot3_ws/install/turtlebot3_teleop:/home/entity014/turtlebot3_ws/install/turtlebot3_example:/opt/ros/humble /usr/bin/cmake --install /home/entity014/3GP6-bot/robot_ws/build/robot_description
[1.156s] INFO:colcon.colcon_core.shell:Creating environment hook '/home/entity014/3GP6-bot/robot_ws/install/robot_description/share/robot_description/hook/cmake_prefix_path.sh'
[1.158s] Level 1:colcon.colcon_core.environment:checking '/home/entity014/3GP6-bot/robot_ws/install/robot_description/bin'
[1.158s] Level 1:colcon.colcon_core.environment:checking '/home/entity014/3GP6-bot/robot_ws/install/robot_description/lib/pkgconfig/robot_description.pc'
[1.158s] Level 1:colcon.colcon_core.environment:checking '/home/entity014/3GP6-bot/robot_ws/install/robot_description/lib/python3.10/site-packages'
[1.159s] Level 1:colcon.colcon_core.environment:checking '/home/entity014/3GP6-bot/robot_ws/install/robot_description/bin'
[1.160s] INFO:colcon.colcon_core.shell:Creating package script '/home/entity014/3GP6-bot/robot_ws/install/robot_description/share/robot_description/package.ps1'
[1.161s] INFO:colcon.colcon_core.shell:Creating package descriptor '/home/entity014/3GP6-bot/robot_ws/install/robot_description/share/robot_description/package.dsv'
[1.162s] INFO:colcon.colcon_core.shell:Creating package script '/home/entity014/3GP6-bot/robot_ws/install/robot_description/share/robot_description/package.sh'
[1.163s] INFO:colcon.colcon_core.shell:Creating package script '/home/entity014/3GP6-bot/robot_ws/install/robot_description/share/robot_description/package.bash'
[1.163s] INFO:colcon.colcon_core.shell:Creating package script '/home/entity014/3GP6-bot/robot_ws/install/robot_description/share/robot_description/package.zsh'
[1.164s] Level 1:colcon.colcon_core.environment:create_file_with_runtime_dependencies(/home/entity014/3GP6-bot/robot_ws/install/robot_description/share/colcon-core/packages/robot_description)
[1.165s] Level 1:colcon.colcon_core.environment:create_environment_scripts_only(robot_description)
[1.166s] Level 1:colcon.colcon_core.environment:checking '/home/entity014/3GP6-bot/robot_ws/install/robot_description' for CMake module files
[1.167s] Level 1:colcon.colcon_core.environment:checking '/home/entity014/3GP6-bot/robot_ws/install/robot_description' for CMake config files
[1.168s] Level 1:colcon.colcon_core.shell:create_environment_hook('robot_description', 'cmake_prefix_path')
[1.169s] INFO:colcon.colcon_core.shell:Creating environment hook '/home/entity014/3GP6-bot/robot_ws/install/robot_description/share/robot_description/hook/cmake_prefix_path.ps1'
[1.170s] INFO:colcon.colcon_core.shell:Creating environment descriptor '/home/entity014/3GP6-bot/robot_ws/install/robot_description/share/robot_description/hook/cmake_prefix_path.dsv'
[1.170s] INFO:colcon.colcon_core.shell:Creating environment hook '/home/entity014/3GP6-bot/robot_ws/install/robot_description/share/robot_description/hook/cmake_prefix_path.sh'
[1.172s] Level 1:colcon.colcon_core.environment:checking '/home/entity014/3GP6-bot/robot_ws/install/robot_description/bin'
[1.172s] Level 1:colcon.colcon_core.environment:checking '/home/entity014/3GP6-bot/robot_ws/install/robot_description/lib/pkgconfig/robot_description.pc'
[1.172s] Level 1:colcon.colcon_core.environment:checking '/home/entity014/3GP6-bot/robot_ws/install/robot_description/lib/python3.10/site-packages'
[1.172s] Level 1:colcon.colcon_core.environment:checking '/home/entity014/3GP6-bot/robot_ws/install/robot_description/bin'
[1.173s] INFO:colcon.colcon_core.shell:Creating package script '/home/entity014/3GP6-bot/robot_ws/install/robot_description/share/robot_description/package.ps1'
[1.174s] INFO:colcon.colcon_core.shell:Creating package descriptor '/home/entity014/3GP6-bot/robot_ws/install/robot_description/share/robot_description/package.dsv'
[1.175s] INFO:colcon.colcon_core.shell:Creating package script '/home/entity014/3GP6-bot/robot_ws/install/robot_description/share/robot_description/package.sh'
[1.176s] INFO:colcon.colcon_core.shell:Creating package script '/home/entity014/3GP6-bot/robot_ws/install/robot_description/share/robot_description/package.bash'
[1.176s] INFO:colcon.colcon_core.shell:Creating package script '/home/entity014/3GP6-bot/robot_ws/install/robot_description/share/robot_description/package.zsh'
[1.177s] Level 1:colcon.colcon_core.environment:create_file_with_runtime_dependencies(/home/entity014/3GP6-bot/robot_ws/install/robot_description/share/colcon-core/packages/robot_description)
[1.179s] Level 1:colcon.colcon_core.environment:create_environment_scripts_only(robot_core)
[1.180s] DEBUG:colcon.colcon_core.event_handler.log_command:Invoked command in '/home/entity014/3GP6-bot/robot_ws/build/robot_core' returned '0': CMAKE_PREFIX_PATH=${CMAKE_PREFIX_PATH}:/home/entity014/Ros-Major/project_ws/install/object_detect:/home/entity014/Ros-Major/650610841_final/install/lidar_650610841:/home/entity014/turtlebot3_ws/install/turtlebot3_teleop:/home/entity014/turtlebot3_ws/install/turtlebot3_example:/opt/ros/humble /usr/bin/cmake --install /home/entity014/3GP6-bot/robot_ws/build/robot_core
[1.181s] Level 1:colcon.colcon_core.environment:checking '/home/entity014/3GP6-bot/robot_ws/install/robot_core' for CMake module files
[1.182s] Level 1:colcon.colcon_core.environment:checking '/home/entity014/3GP6-bot/robot_ws/install/robot_core' for CMake config files
[1.182s] Level 1:colcon.colcon_core.shell:create_environment_hook('robot_core', 'cmake_prefix_path')
[1.182s] INFO:colcon.colcon_core.shell:Creating environment hook '/home/entity014/3GP6-bot/robot_ws/install/robot_core/share/robot_core/hook/cmake_prefix_path.ps1'
[1.183s] INFO:colcon.colcon_core.shell:Creating environment descriptor '/home/entity014/3GP6-bot/robot_ws/install/robot_core/share/robot_core/hook/cmake_prefix_path.dsv'
[1.184s] INFO:colcon.colcon_core.shell:Creating environment hook '/home/entity014/3GP6-bot/robot_ws/install/robot_core/share/robot_core/hook/cmake_prefix_path.sh'
[1.184s] Level 1:colcon.colcon_core.environment:checking '/home/entity014/3GP6-bot/robot_ws/install/robot_core/lib'
[1.185s] Level 1:colcon.colcon_core.environment:checking '/home/entity014/3GP6-bot/robot_ws/install/robot_core/bin'
[1.185s] Level 1:colcon.colcon_core.environment:checking '/home/entity014/3GP6-bot/robot_ws/install/robot_core/lib/pkgconfig/robot_core.pc'
[1.185s] Level 1:colcon.colcon_core.environment:checking '/home/entity014/3GP6-bot/robot_ws/install/robot_core/lib/python3.10/site-packages'
[1.186s] Level 1:colcon.colcon_core.environment:checking '/home/entity014/3GP6-bot/robot_ws/install/robot_core/bin'
[1.186s] INFO:colcon.colcon_core.shell:Creating package script '/home/entity014/3GP6-bot/robot_ws/install/robot_core/share/robot_core/package.ps1'
[1.187s] INFO:colcon.colcon_core.shell:Creating package descriptor '/home/entity014/3GP6-bot/robot_ws/install/robot_core/share/robot_core/package.dsv'
[1.188s] INFO:colcon.colcon_core.shell:Creating package script '/home/entity014/3GP6-bot/robot_ws/install/robot_core/share/robot_core/package.sh'
[1.188s] INFO:colcon.colcon_core.shell:Creating package script '/home/entity014/3GP6-bot/robot_ws/install/robot_core/share/robot_core/package.bash'
[1.189s] INFO:colcon.colcon_core.shell:Creating package script '/home/entity014/3GP6-bot/robot_ws/install/robot_core/share/robot_core/package.zsh'
[1.189s] Level 1:colcon.colcon_core.environment:create_file_with_runtime_dependencies(/home/entity014/3GP6-bot/robot_ws/install/robot_core/share/colcon-core/packages/robot_core)
[1.190s] Level 1:colcon.colcon_core.environment:create_environment_scripts_only(robot_core)
[1.191s] Level 1:colcon.colcon_core.environment:checking '/home/entity014/3GP6-bot/robot_ws/install/robot_core' for CMake module files
[1.192s] Level 1:colcon.colcon_core.environment:checking '/home/entity014/3GP6-bot/robot_ws/install/robot_core' for CMake config files
[1.192s] Level 1:colcon.colcon_core.shell:create_environment_hook('robot_core', 'cmake_prefix_path')
[1.192s] INFO:colcon.colcon_core.shell:Creating environment hook '/home/entity014/3GP6-bot/robot_ws/install/robot_core/share/robot_core/hook/cmake_prefix_path.ps1'
[1.193s] INFO:colcon.colcon_core.shell:Creating environment descriptor '/home/entity014/3GP6-bot/robot_ws/install/robot_core/share/robot_core/hook/cmake_prefix_path.dsv'
[1.194s] INFO:colcon.colcon_core.shell:Creating environment hook '/home/entity014/3GP6-bot/robot_ws/install/robot_core/share/robot_core/hook/cmake_prefix_path.sh'
[1.195s] Level 1:colcon.colcon_core.environment:checking '/home/entity014/3GP6-bot/robot_ws/install/robot_core/lib'
[1.195s] Level 1:colcon.colcon_core.environment:checking '/home/entity014/3GP6-bot/robot_ws/install/robot_core/bin'
[1.195s] Level 1:colcon.colcon_core.environment:checking '/home/entity014/3GP6-bot/robot_ws/install/robot_core/lib/pkgconfig/robot_core.pc'
[1.196s] Level 1:colcon.colcon_core.environment:checking '/home/entity014/3GP6-bot/robot_ws/install/robot_core/lib/python3.10/site-packages'
[1.196s] Level 1:colcon.colcon_core.environment:checking '/home/entity014/3GP6-bot/robot_ws/install/robot_core/bin'
[1.196s] INFO:colcon.colcon_core.shell:Creating package script '/home/entity014/3GP6-bot/robot_ws/install/robot_core/share/robot_core/package.ps1'
[1.197s] INFO:colcon.colcon_core.shell:Creating package descriptor '/home/entity014/3GP6-bot/robot_ws/install/robot_core/share/robot_core/package.dsv'
[1.198s] INFO:colcon.colcon_core.shell:Creating package script '/home/entity014/3GP6-bot/robot_ws/install/robot_core/share/robot_core/package.sh'
[1.199s] INFO:colcon.colcon_core.shell:Creating package script '/home/entity014/3GP6-bot/robot_ws/install/robot_core/share/robot_core/package.bash'
[1.200s] INFO:colcon.colcon_core.shell:Creating package script '/home/entity014/3GP6-bot/robot_ws/install/robot_core/share/robot_core/package.zsh'
[1.200s] Level 1:colcon.colcon_core.environment:create_file_with_runtime_dependencies(/home/entity014/3GP6-bot/robot_ws/install/robot_core/share/colcon-core/packages/robot_core)
[1.201s] DEBUG:colcon.colcon_parallel_executor.executor.parallel:closing loop
[1.201s] DEBUG:colcon.colcon_parallel_executor.executor.parallel:loop closed
[1.201s] DEBUG:colcon.colcon_parallel_executor.executor.parallel:run_until_complete finished with '0'
[1.201s] DEBUG:colcon.colcon_core.event_reactor:joining thread
[1.212s] INFO:colcon.colcon_core.plugin_system:Skipping extension 'colcon_notification.desktop_notification.terminal_notifier': Not used on non-Darwin systems
[1.212s] INFO:colcon.colcon_core.plugin_system:Skipping extension 'colcon_notification.desktop_notification.win32': Not used on non-Windows systems
[1.212s] INFO:colcon.colcon_notification.desktop_notification:Sending desktop notification using 'notify2'
[1.233s] DEBUG:colcon.colcon_core.event_reactor:joined thread
[1.234s] INFO:colcon.colcon_core.shell:Creating prefix script '/home/entity014/3GP6-bot/robot_ws/install/local_setup.ps1'
[1.235s] INFO:colcon.colcon_core.shell:Creating prefix util module '/home/entity014/3GP6-bot/robot_ws/install/_local_setup_util_ps1.py'
[1.238s] INFO:colcon.colcon_core.shell:Creating prefix chain script '/home/entity014/3GP6-bot/robot_ws/install/setup.ps1'
[1.241s] INFO:colcon.colcon_core.shell:Creating prefix script '/home/entity014/3GP6-bot/robot_ws/install/local_setup.sh'
[1.242s] INFO:colcon.colcon_core.shell:Creating prefix util module '/home/entity014/3GP6-bot/robot_ws/install/_local_setup_util_sh.py'
[1.244s] INFO:colcon.colcon_core.shell:Creating prefix chain script '/home/entity014/3GP6-bot/robot_ws/install/setup.sh'
[1.247s] INFO:colcon.colcon_core.shell:Creating prefix script '/home/entity014/3GP6-bot/robot_ws/install/local_setup.bash'
[1.247s] INFO:colcon.colcon_core.shell:Creating prefix chain script '/home/entity014/3GP6-bot/robot_ws/install/setup.bash'
[1.250s] INFO:colcon.colcon_core.shell:Creating prefix script '/home/entity014/3GP6-bot/robot_ws/install/local_setup.zsh'
[1.251s] INFO:colcon.colcon_core.shell:Creating prefix chain script '/home/entity014/3GP6-bot/robot_ws/install/setup.zsh'
