[0.059s] Invoking command in '/home/robot_ws/build/robot_interface': CMAKE_PREFIX_PATH=${CMAKE_PREFIX_PATH}:/opt/ros/humble /usr/bin/cmake --build /home/robot_ws/build/robot_interface -- -j16 -l16
[0.268s] Invoked command in '/home/robot_ws/build/robot_interface' returned '0': CMAKE_PREFIX_PATH=${CMAKE_PREFIX_PATH}:/opt/ros/humble /usr/bin/cmake --build /home/robot_ws/build/robot_interface -- -j16 -l16
[0.317s] Invoking command in '/home/robot_ws/build/robot_interface': CMAKE_PREFIX_PATH=${CMAKE_PREFIX_PATH}:/opt/ros/humble /usr/bin/cmake --install /home/robot_ws/build/robot_interface
[0.352s] -- Install configuration: ""
[0.354s] -- Up-to-date: /home/robot_ws/install/robot_interface/share/ament_index/resource_index/package_run_dependencies/robot_interface
[0.355s] -- Up-to-date: /home/robot_ws/install/robot_interface/share/ament_index/resource_index/parent_prefix_path/robot_interface
[0.357s] -- Up-to-date: /home/robot_ws/install/robot_interface/share/robot_interface/environment/ament_prefix_path.sh
[0.358s] -- Up-to-date: /home/robot_ws/install/robot_interface/share/robot_interface/environment/ament_prefix_path.dsv
[0.359s] -- Up-to-date: /home/robot_ws/install/robot_interface/share/robot_interface/environment/path.sh
[0.359s] -- Up-to-date: /home/robot_ws/install/robot_interface/share/robot_interface/environment/path.dsv
[0.360s] -- Up-to-date: /home/robot_ws/install/robot_interface/share/robot_interface/local_setup.bash
[0.361s] -- Up-to-date: /home/robot_ws/install/robot_interface/share/robot_interface/local_setup.sh
[0.361s] -- Up-to-date: /home/robot_ws/install/robot_interface/share/robot_interface/local_setup.zsh
[0.362s] -- Up-to-date: /home/robot_ws/install/robot_interface/share/robot_interface/local_setup.dsv
[0.363s] -- Installing: /home/robot_ws/install/robot_interface/share/robot_interface/package.dsv
[0.363s] -- Up-to-date: /home/robot_ws/install/robot_interface/share/ament_index/resource_index/packages/robot_interface
[0.367s] -- Up-to-date: /home/robot_ws/install/robot_interface/share/robot_interface/cmake/robot_interfaceConfig.cmake
[0.372s] -- Up-to-date: /home/robot_ws/install/robot_interface/share/robot_interface/cmake/robot_interfaceConfig-version.cmake
[0.374s] -- Up-to-date: /home/robot_ws/install/robot_interface/share/robot_interface/package.xml
[0.375s] Invoked command in '/home/robot_ws/build/robot_interface' returned '0': CMAKE_PREFIX_PATH=${CMAKE_PREFIX_PATH}:/opt/ros/humble /usr/bin/cmake --install /home/robot_ws/build/robot_interface
