[0.020s] Invoking command in '/home/robot_ws/build/robot_interface': CMAKE_PREFIX_PATH=${CMAKE_PREFIX_PATH}:/opt/ros/humble /usr/bin/cmake --build /home/robot_ws/build/robot_interface -- -j16 -l16
[0.042s] Invoked command in '/home/robot_ws/build/robot_interface' returned '0': CMAKE_PREFIX_PATH=${CMAKE_PREFIX_PATH}:/opt/ros/humble /usr/bin/cmake --build /home/robot_ws/build/robot_interface -- -j16 -l16
[0.048s] Invoking command in '/home/robot_ws/build/robot_interface': CMAKE_PREFIX_PATH=${CMAKE_PREFIX_PATH}:/opt/ros/humble /usr/bin/cmake --install /home/robot_ws/build/robot_interface
[0.054s] -- Install configuration: ""
[0.054s] -- Up-to-date: /home/robot_ws/install/robot_interface/share/ament_index/resource_index/package_run_dependencies/robot_interface
[0.055s] -- Up-to-date: /home/robot_ws/install/robot_interface/share/ament_index/resource_index/parent_prefix_path/robot_interface
[0.056s] -- Up-to-date: /home/robot_ws/install/robot_interface/share/robot_interface/environment/ament_prefix_path.sh
[0.057s] -- Up-to-date: /home/robot_ws/install/robot_interface/share/robot_interface/environment/ament_prefix_path.dsv
[0.057s] -- Up-to-date: /home/robot_ws/install/robot_interface/share/robot_interface/environment/path.sh
[0.058s] -- Up-to-date: /home/robot_ws/install/robot_interface/share/robot_interface/environment/path.dsv
[0.058s] -- Up-to-date: /home/robot_ws/install/robot_interface/share/robot_interface/local_setup.bash
[0.059s] -- Up-to-date: /home/robot_ws/install/robot_interface/share/robot_interface/local_setup.sh
[0.059s] -- Up-to-date: /home/robot_ws/install/robot_interface/share/robot_interface/local_setup.zsh
[0.061s] -- Up-to-date: /home/robot_ws/install/robot_interface/share/robot_interface/local_setup.dsv
[0.063s] -- Installing: /home/robot_ws/install/robot_interface/share/robot_interface/package.dsv
[0.066s] -- Up-to-date: /home/robot_ws/install/robot_interface/share/ament_index/resource_index/packages/robot_interface
[0.067s] -- Up-to-date: /home/robot_ws/install/robot_interface/share/robot_interface/cmake/robot_interfaceConfig.cmake
[0.067s] -- Up-to-date: /home/robot_ws/install/robot_interface/share/robot_interface/cmake/robot_interfaceConfig-version.cmake
[0.067s] -- Up-to-date: /home/robot_ws/install/robot_interface/share/robot_interface/package.xml
[0.067s] Invoked command in '/home/robot_ws/build/robot_interface' returned '0': CMAKE_PREFIX_PATH=${CMAKE_PREFIX_PATH}:/opt/ros/humble /usr/bin/cmake --install /home/robot_ws/build/robot_interface
