[0.051s] Invoking command in '/home/entity014/3GP6-bot/robot_ws/build/robot_core': CMAKE_PREFIX_PATH=${CMAKE_PREFIX_PATH}:/home/entity014/Ros-Major/project_ws/install/object_detect:/home/entity014/Ros-Major/650610841_final/install/lidar_650610841:/home/entity014/turtlebot3_ws/install/turtlebot3_teleop:/home/entity014/turtlebot3_ws/install/turtlebot3_example:/opt/ros/humble /usr/bin/cmake --build /home/entity014/3GP6-bot/robot_ws/build/robot_core -- -j16 -l16
[0.165s] Built target ament_cmake_python_copy_src
[0.781s] running egg_info
[0.781s] writing src.egg-info/PKG-INFO
[0.781s] writing dependency_links to src.egg-info/dependency_links.txt
[0.781s] writing top-level names to src.egg-info/top_level.txt
[0.782s] reading manifest file 'src.egg-info/SOURCES.txt'
[0.783s] writing manifest file 'src.egg-info/SOURCES.txt'
[0.798s] Built target ament_cmake_python_build_src_egg
[0.803s] Invoked command in '/home/entity014/3GP6-bot/robot_ws/build/robot_core' returned '0': CMAKE_PREFIX_PATH=${CMAKE_PREFIX_PATH}:/home/entity014/Ros-Major/project_ws/install/object_detect:/home/entity014/Ros-Major/650610841_final/install/lidar_650610841:/home/entity014/turtlebot3_ws/install/turtlebot3_teleop:/home/entity014/turtlebot3_ws/install/turtlebot3_example:/opt/ros/humble /usr/bin/cmake --build /home/entity014/3GP6-bot/robot_ws/build/robot_core -- -j16 -l16
[0.804s] Invoking command in '/home/entity014/3GP6-bot/robot_ws/build/robot_core': CMAKE_PREFIX_PATH=${CMAKE_PREFIX_PATH}:/home/entity014/Ros-Major/project_ws/install/object_detect:/home/entity014/Ros-Major/650610841_final/install/lidar_650610841:/home/entity014/turtlebot3_ws/install/turtlebot3_teleop:/home/entity014/turtlebot3_ws/install/turtlebot3_example:/opt/ros/humble /usr/bin/cmake --install /home/entity014/3GP6-bot/robot_ws/build/robot_core
[0.808s] -- Install configuration: ""
[0.808s] -- Up-to-date: /home/entity014/3GP6-bot/robot_ws/install/robot_core/share/robot_core/environment/pythonpath.sh
[0.808s] -- Up-to-date: /home/entity014/3GP6-bot/robot_ws/install/robot_core/share/robot_core/environment/pythonpath.dsv
[0.808s] -- Up-to-date: /home/entity014/3GP6-bot/robot_ws/install/robot_core/local/lib/python3.10/dist-packages/src-0.0.0-py3.10.egg-info
[0.808s] -- Installing: /home/entity014/3GP6-bot/robot_ws/install/robot_core/local/lib/python3.10/dist-packages/src-0.0.0-py3.10.egg-info/SOURCES.txt
[0.808s] -- Installing: /home/entity014/3GP6-bot/robot_ws/install/robot_core/local/lib/python3.10/dist-packages/src-0.0.0-py3.10.egg-info/PKG-INFO
[0.809s] -- Installing: /home/entity014/3GP6-bot/robot_ws/install/robot_core/local/lib/python3.10/dist-packages/src-0.0.0-py3.10.egg-info/top_level.txt
[0.809s] -- Installing: /home/entity014/3GP6-bot/robot_ws/install/robot_core/local/lib/python3.10/dist-packages/src-0.0.0-py3.10.egg-info/dependency_links.txt
[0.809s] -- Up-to-date: /home/entity014/3GP6-bot/robot_ws/install/robot_core/local/lib/python3.10/dist-packages/src
[0.809s] -- Up-to-date: /home/entity014/3GP6-bot/robot_ws/install/robot_core/local/lib/python3.10/dist-packages/src/detection.py
[0.809s] -- Up-to-date: /home/entity014/3GP6-bot/robot_ws/install/robot_core/local/lib/python3.10/dist-packages/src/test_pp.py
[0.809s] -- Up-to-date: /home/entity014/3GP6-bot/robot_ws/install/robot_core/local/lib/python3.10/dist-packages/src/autonomy_node.py
[0.809s] -- Up-to-date: /home/entity014/3GP6-bot/robot_ws/install/robot_core/local/lib/python3.10/dist-packages/src/webcam_line.py
[0.809s] -- Up-to-date: /home/entity014/3GP6-bot/robot_ws/install/robot_core/local/lib/python3.10/dist-packages/src/__init__.py
[0.809s] -- Up-to-date: /home/entity014/3GP6-bot/robot_ws/install/robot_core/local/lib/python3.10/dist-packages/src/webcam_ai.py
[0.895s] Listing '/home/entity014/3GP6-bot/robot_ws/install/robot_core/local/lib/python3.10/dist-packages/src'...
[0.898s] -- Up-to-date: /home/entity014/3GP6-bot/robot_ws/install/robot_core/share/robot_core/src
[0.898s] -- Up-to-date: /home/entity014/3GP6-bot/robot_ws/install/robot_core/share/robot_core/src/detection.py
[0.898s] -- Up-to-date: /home/entity014/3GP6-bot/robot_ws/install/robot_core/share/robot_core/src/test_pp.py
[0.898s] -- Up-to-date: /home/entity014/3GP6-bot/robot_ws/install/robot_core/share/robot_core/src/autonomy_node.py
[0.899s] -- Up-to-date: /home/entity014/3GP6-bot/robot_ws/install/robot_core/share/robot_core/src/webcam_line.py
[0.899s] -- Up-to-date: /home/entity014/3GP6-bot/robot_ws/install/robot_core/share/robot_core/src/__init__.py
[0.899s] -- Up-to-date: /home/entity014/3GP6-bot/robot_ws/install/robot_core/share/robot_core/src/webcam_ai.py
[0.899s] -- Up-to-date: /home/entity014/3GP6-bot/robot_ws/install/robot_core/share/robot_core/launch
[0.899s] -- Up-to-date: /home/entity014/3GP6-bot/robot_ws/install/robot_core/share/robot_core/launch/bringup.launch.py
[0.899s] -- Up-to-date: /home/entity014/3GP6-bot/robot_ws/install/robot_core/lib/robot_core/autonomy_node.py
[0.899s] -- Up-to-date: /home/entity014/3GP6-bot/robot_ws/install/robot_core/lib/robot_core/webcam_ai.py
[0.899s] -- Up-to-date: /home/entity014/3GP6-bot/robot_ws/install/robot_core/lib/robot_core/webcam_line.py
[0.899s] -- Up-to-date: /home/entity014/3GP6-bot/robot_ws/install/robot_core/lib/robot_core/robot_core
[0.899s] -- Installing: /home/entity014/3GP6-bot/robot_ws/install/robot_core/lib/robot_core/robot_core/move.py
[0.899s] -- Up-to-date: /home/entity014/3GP6-bot/robot_ws/install/robot_core/share/ament_index/resource_index/package_run_dependencies/robot_core
[0.900s] -- Up-to-date: /home/entity014/3GP6-bot/robot_ws/install/robot_core/share/ament_index/resource_index/parent_prefix_path/robot_core
[0.900s] -- Up-to-date: /home/entity014/3GP6-bot/robot_ws/install/robot_core/share/robot_core/environment/ament_prefix_path.sh
[0.900s] -- Up-to-date: /home/entity014/3GP6-bot/robot_ws/install/robot_core/share/robot_core/environment/ament_prefix_path.dsv
[0.900s] -- Up-to-date: /home/entity014/3GP6-bot/robot_ws/install/robot_core/share/robot_core/environment/path.sh
[0.900s] -- Up-to-date: /home/entity014/3GP6-bot/robot_ws/install/robot_core/share/robot_core/environment/path.dsv
[0.900s] -- Up-to-date: /home/entity014/3GP6-bot/robot_ws/install/robot_core/share/robot_core/local_setup.bash
[0.900s] -- Up-to-date: /home/entity014/3GP6-bot/robot_ws/install/robot_core/share/robot_core/local_setup.sh
[0.900s] -- Up-to-date: /home/entity014/3GP6-bot/robot_ws/install/robot_core/share/robot_core/local_setup.zsh
[0.900s] -- Up-to-date: /home/entity014/3GP6-bot/robot_ws/install/robot_core/share/robot_core/local_setup.dsv
[0.900s] -- Installing: /home/entity014/3GP6-bot/robot_ws/install/robot_core/share/robot_core/package.dsv
[0.900s] -- Up-to-date: /home/entity014/3GP6-bot/robot_ws/install/robot_core/share/ament_index/resource_index/packages/robot_core
[0.900s] -- Up-to-date: /home/entity014/3GP6-bot/robot_ws/install/robot_core/share/robot_core/cmake/robot_coreConfig.cmake
[0.900s] -- Up-to-date: /home/entity014/3GP6-bot/robot_ws/install/robot_core/share/robot_core/cmake/robot_coreConfig-version.cmake
[0.901s] -- Up-to-date: /home/entity014/3GP6-bot/robot_ws/install/robot_core/share/robot_core/package.xml
[0.902s] Invoked command in '/home/entity014/3GP6-bot/robot_ws/build/robot_core' returned '0': CMAKE_PREFIX_PATH=${CMAKE_PREFIX_PATH}:/home/entity014/Ros-Major/project_ws/install/object_detect:/home/entity014/Ros-Major/650610841_final/install/lidar_650610841:/home/entity014/turtlebot3_ws/install/turtlebot3_teleop:/home/entity014/turtlebot3_ws/install/turtlebot3_example:/opt/ros/humble /usr/bin/cmake --install /home/entity014/3GP6-bot/robot_ws/build/robot_core
