[0.023s] Invoking command in '/home/robot_ws/build/robot_core': CMAKE_PREFIX_PATH=${CMAKE_PREFIX_PATH}:/opt/ros/humble /usr/bin/cmake --build /home/robot_ws/build/robot_core -- -j16 -l16
[0.096s] Built target ament_cmake_python_copy_src
[1.235s] running egg_info
[1.239s] writing src.egg-info/PKG-INFO
[1.242s] writing dependency_links to src.egg-info/dependency_links.txt
[1.243s] writing top-level names to src.egg-info/top_level.txt
[1.253s] reading manifest file 'src.egg-info/SOURCES.txt'
[1.257s] writing manifest file 'src.egg-info/SOURCES.txt'
[1.361s] Built target ament_cmake_python_build_src_egg
[1.371s] Invoked command in '/home/robot_ws/build/robot_core' returned '0': CMAKE_PREFIX_PATH=${CMAKE_PREFIX_PATH}:/opt/ros/humble /usr/bin/cmake --build /home/robot_ws/build/robot_core -- -j16 -l16
[1.372s] Invoking command in '/home/robot_ws/build/robot_core': CMAKE_PREFIX_PATH=${CMAKE_PREFIX_PATH}:/opt/ros/humble /usr/bin/cmake --install /home/robot_ws/build/robot_core
[1.380s] -- Install configuration: ""
[1.380s] -- Up-to-date: /home/robot_ws/install/robot_core/share/robot_core/environment/pythonpath.sh
[1.380s] -- Up-to-date: /home/robot_ws/install/robot_core/share/robot_core/environment/pythonpath.dsv
[1.380s] -- Up-to-date: /home/robot_ws/install/robot_core/local/lib/python3.10/dist-packages/src-0.0.0-py3.10.egg-info
[1.381s] -- Installing: /home/robot_ws/install/robot_core/local/lib/python3.10/dist-packages/src-0.0.0-py3.10.egg-info/SOURCES.txt
[1.381s] -- Installing: /home/robot_ws/install/robot_core/local/lib/python3.10/dist-packages/src-0.0.0-py3.10.egg-info/PKG-INFO
[1.382s] -- Installing: /home/robot_ws/install/robot_core/local/lib/python3.10/dist-packages/src-0.0.0-py3.10.egg-info/top_level.txt
[1.382s] -- Installing: /home/robot_ws/install/robot_core/local/lib/python3.10/dist-packages/src-0.0.0-py3.10.egg-info/dependency_links.txt
[1.386s] -- Up-to-date: /home/robot_ws/install/robot_core/local/lib/python3.10/dist-packages/src
[1.387s] -- Up-to-date: /home/robot_ws/install/robot_core/local/lib/python3.10/dist-packages/src/detection.py
[1.388s] -- Installing: /home/robot_ws/install/robot_core/local/lib/python3.10/dist-packages/src/autonomy_node.py
[1.389s] -- Up-to-date: /home/robot_ws/install/robot_core/local/lib/python3.10/dist-packages/src/__init__.py
[1.482s] Listing '/home/robot_ws/install/robot_core/local/lib/python3.10/dist-packages/src'...
[1.482s] Compiling '/home/robot_ws/install/robot_core/local/lib/python3.10/dist-packages/src/autonomy_node.py'...
[1.509s] -- Up-to-date: /home/robot_ws/install/robot_core/share/robot_core/src
[1.510s] -- Up-to-date: /home/robot_ws/install/robot_core/share/robot_core/src/detection.py
[1.510s] -- Installing: /home/robot_ws/install/robot_core/share/robot_core/src/autonomy_node.py
[1.511s] -- Up-to-date: /home/robot_ws/install/robot_core/share/robot_core/src/__init__.py
[1.514s] -- Up-to-date: /home/robot_ws/install/robot_core/share/robot_core/launch
[1.516s] -- Up-to-date: /home/robot_ws/install/robot_core/share/robot_core/config
[1.517s] -- Installing: /home/robot_ws/install/robot_core/lib/robot_core/autonomy_node.py
[1.518s] -- Up-to-date: /home/robot_ws/install/robot_core/lib/robot_core/robot_core
[1.520s] -- Installing: /home/robot_ws/install/robot_core/lib/robot_core/robot_core/move.py
[1.521s] -- Up-to-date: /home/robot_ws/install/robot_core/share/ament_index/resource_index/package_run_dependencies/robot_core
[1.521s] -- Up-to-date: /home/robot_ws/install/robot_core/share/ament_index/resource_index/parent_prefix_path/robot_core
[1.522s] -- Up-to-date: /home/robot_ws/install/robot_core/share/robot_core/environment/ament_prefix_path.sh
[1.522s] -- Up-to-date: /home/robot_ws/install/robot_core/share/robot_core/environment/ament_prefix_path.dsv
[1.522s] -- Up-to-date: /home/robot_ws/install/robot_core/share/robot_core/environment/path.sh
[1.529s] -- Up-to-date: /home/robot_ws/install/robot_core/share/robot_core/environment/path.dsv
[1.534s] -- Up-to-date: /home/robot_ws/install/robot_core/share/robot_core/local_setup.bash
[1.537s] -- Up-to-date: /home/robot_ws/install/robot_core/share/robot_core/local_setup.sh
[1.547s] -- Up-to-date: /home/robot_ws/install/robot_core/share/robot_core/local_setup.zsh
[1.548s] -- Up-to-date: /home/robot_ws/install/robot_core/share/robot_core/local_setup.dsv
[1.549s] -- Installing: /home/robot_ws/install/robot_core/share/robot_core/package.dsv
[1.554s] -- Up-to-date: /home/robot_ws/install/robot_core/share/ament_index/resource_index/packages/robot_core
[1.556s] -- Up-to-date: /home/robot_ws/install/robot_core/share/robot_core/cmake/robot_coreConfig.cmake
[1.557s] -- Up-to-date: /home/robot_ws/install/robot_core/share/robot_core/cmake/robot_coreConfig-version.cmake
[1.563s] -- Up-to-date: /home/robot_ws/install/robot_core/share/robot_core/package.xml
[1.567s] Invoked command in '/home/robot_ws/build/robot_core' returned '0': CMAKE_PREFIX_PATH=${CMAKE_PREFIX_PATH}:/opt/ros/humble /usr/bin/cmake --install /home/robot_ws/build/robot_core
