[0.027s] Invoking command in '/home/robot_ws/build/robot_description': CMAKE_PREFIX_PATH=${CMAKE_PREFIX_PATH}:/opt/ros/humble /usr/bin/cmake --build /home/robot_ws/build/robot_description -- -j16 -l16
[0.207s] Built target ament_cmake_python_copy_src
[1.538s] running egg_info
[1.544s] writing src.egg-info/PKG-INFO
[1.545s] writing dependency_links to src.egg-info/dependency_links.txt
[1.548s] writing top-level names to src.egg-info/top_level.txt
[1.563s] reading manifest file 'src.egg-info/SOURCES.txt'
[1.568s] writing manifest file 'src.egg-info/SOURCES.txt'
[1.646s] Built target ament_cmake_python_build_src_egg
[1.707s] Invoked command in '/home/robot_ws/build/robot_description' returned '0': CMAKE_PREFIX_PATH=${CMAKE_PREFIX_PATH}:/opt/ros/humble /usr/bin/cmake --build /home/robot_ws/build/robot_description -- -j16 -l16
[1.717s] Invoking command in '/home/robot_ws/build/robot_description': CMAKE_PREFIX_PATH=${CMAKE_PREFIX_PATH}:/opt/ros/humble /usr/bin/cmake --install /home/robot_ws/build/robot_description
[1.745s] -- Install configuration: ""
[1.746s] -- Up-to-date: /home/robot_ws/install/robot_description/share/robot_description/environment/pythonpath.sh
[1.747s] -- Up-to-date: /home/robot_ws/install/robot_description/share/robot_description/environment/pythonpath.dsv
[1.749s] -- Up-to-date: /home/robot_ws/install/robot_description/local/lib/python3.10/dist-packages/src-0.0.0-py3.10.egg-info
[1.750s] -- Installing: /home/robot_ws/install/robot_description/local/lib/python3.10/dist-packages/src-0.0.0-py3.10.egg-info/SOURCES.txt
[1.752s] -- Installing: /home/robot_ws/install/robot_description/local/lib/python3.10/dist-packages/src-0.0.0-py3.10.egg-info/PKG-INFO
[1.753s] -- Installing: /home/robot_ws/install/robot_description/local/lib/python3.10/dist-packages/src-0.0.0-py3.10.egg-info/top_level.txt
[1.754s] -- Installing: /home/robot_ws/install/robot_description/local/lib/python3.10/dist-packages/src-0.0.0-py3.10.egg-info/dependency_links.txt
[1.754s] -- Up-to-date: /home/robot_ws/install/robot_description/local/lib/python3.10/dist-packages/src
[1.755s] -- Up-to-date: /home/robot_ws/install/robot_description/local/lib/python3.10/dist-packages/src/__init__.py
[1.810s] Listing '/home/robot_ws/install/robot_description/local/lib/python3.10/dist-packages/src'...
[1.828s] -- Up-to-date: /home/robot_ws/install/robot_description/share/robot_description/urdf
[1.828s] -- Up-to-date: /home/robot_ws/install/robot_description/share/robot_description/urdf/robot.urdf.xacro
[1.828s] -- Up-to-date: /home/robot_ws/install/robot_description/share/robot_description/urdf/base.urdf.xacro
[1.828s] -- Up-to-date: /home/robot_ws/install/robot_description/share/robot_description/urdf/properties.urdf.xacro
[1.831s] -- Up-to-date: /home/robot_ws/install/robot_description/share/robot_description/urdf/sensors
[1.832s] -- Up-to-date: /home/robot_ws/install/robot_description/share/robot_description/urdf/sensors/imu.urdf.xacro
[1.833s] -- Up-to-date: /home/robot_ws/install/robot_description/share/robot_description/urdf/sensors/depth_sensor.urdf.xacro
[1.834s] -- Up-to-date: /home/robot_ws/install/robot_description/share/robot_description/urdf/drive.urdf.xacro
[1.834s] -- Up-to-date: /home/robot_ws/install/robot_description/share/robot_description/urdf/wheel.urdf.xacro
[1.835s] -- Up-to-date: /home/robot_ws/install/robot_description/share/robot_description/src
[1.835s] -- Up-to-date: /home/robot_ws/install/robot_description/share/robot_description/src/__init__.py
[1.836s] -- Up-to-date: /home/robot_ws/install/robot_description/share/robot_description/rviz
[1.836s] -- Up-to-date: /home/robot_ws/install/robot_description/share/robot_description/rviz/view_urdf.rviz
[1.836s] -- Up-to-date: /home/robot_ws/install/robot_description/share/robot_description/rviz/description.rviz
[1.837s] -- Up-to-date: /home/robot_ws/install/robot_description/share/robot_description/worlds
[1.839s] -- Up-to-date: /home/robot_ws/install/robot_description/share/robot_description/worlds/Floor_Blend.blend
[1.841s] -- Up-to-date: /home/robot_ws/install/robot_description/share/robot_description/worlds/world.world
[1.841s] -- Up-to-date: /home/robot_ws/install/robot_description/share/robot_description/worlds/map.dae
[1.841s] -- Up-to-date: /home/robot_ws/install/robot_description/share/robot_description/worlds/Floor_Blend.blend1
[1.841s] -- Up-to-date: /home/robot_ws/install/robot_description/share/robot_description/worlds/map
[1.842s] -- Up-to-date: /home/robot_ws/install/robot_description/share/robot_description/worlds/map/model.sdf
[1.842s] -- Up-to-date: /home/robot_ws/install/robot_description/share/robot_description/worlds/map/model.config
[1.842s] -- Up-to-date: /home/robot_ws/install/robot_description/share/robot_description/maps
[1.842s] -- Up-to-date: /home/robot_ws/install/robot_description/share/robot_description/launch
[1.844s] -- Up-to-date: /home/robot_ws/install/robot_description/share/robot_description/launch/description.launch.py
[1.844s] -- Up-to-date: /home/robot_ws/install/robot_description/share/robot_description/launch/gazebo.launch.py
[1.845s] -- Up-to-date: /home/robot_ws/install/robot_description/share/robot_description/config
[1.845s] -- Up-to-date: /home/robot_ws/install/robot_description/share/robot_description/config/ekf.yaml
[1.846s] -- Up-to-date: /home/robot_ws/install/robot_description/share/ament_index/resource_index/package_run_dependencies/robot_description
[1.846s] -- Up-to-date: /home/robot_ws/install/robot_description/share/ament_index/resource_index/parent_prefix_path/robot_description
[1.846s] -- Up-to-date: /home/robot_ws/install/robot_description/share/robot_description/environment/ament_prefix_path.sh
[1.846s] -- Up-to-date: /home/robot_ws/install/robot_description/share/robot_description/environment/ament_prefix_path.dsv
[1.846s] -- Up-to-date: /home/robot_ws/install/robot_description/share/robot_description/environment/path.sh
[1.847s] -- Up-to-date: /home/robot_ws/install/robot_description/share/robot_description/environment/path.dsv
[1.848s] -- Up-to-date: /home/robot_ws/install/robot_description/share/robot_description/local_setup.bash
[1.850s] -- Up-to-date: /home/robot_ws/install/robot_description/share/robot_description/local_setup.sh
[1.851s] -- Up-to-date: /home/robot_ws/install/robot_description/share/robot_description/local_setup.zsh
[1.852s] -- Up-to-date: /home/robot_ws/install/robot_description/share/robot_description/local_setup.dsv
[1.854s] -- Installing: /home/robot_ws/install/robot_description/share/robot_description/package.dsv
[1.855s] -- Up-to-date: /home/robot_ws/install/robot_description/share/ament_index/resource_index/packages/robot_description
[1.857s] -- Up-to-date: /home/robot_ws/install/robot_description/share/robot_description/cmake/robot_descriptionConfig.cmake
[1.858s] -- Up-to-date: /home/robot_ws/install/robot_description/share/robot_description/cmake/robot_descriptionConfig-version.cmake
[1.859s] -- Up-to-date: /home/robot_ws/install/robot_description/share/robot_description/package.xml
[1.880s] Invoked command in '/home/robot_ws/build/robot_description' returned '0': CMAKE_PREFIX_PATH=${CMAKE_PREFIX_PATH}:/opt/ros/humble /usr/bin/cmake --install /home/robot_ws/build/robot_description
