[0.044s] Invoking command in '/home/robot_ws/build/robot_interface': CMAKE_PREFIX_PATH=${CMAKE_PREFIX_PATH}:/opt/ros/humble /usr/bin/cmake --build /home/robot_ws/build/robot_interface -- -j16 -l16
[0.081s] Invoked command in '/home/robot_ws/build/robot_interface' returned '0': CMAKE_PREFIX_PATH=${CMAKE_PREFIX_PATH}:/opt/ros/humble /usr/bin/cmake --build /home/robot_ws/build/robot_interface -- -j16 -l16
[0.131s] Invoking command in '/home/robot_ws/build/robot_interface': CMAKE_PREFIX_PATH=${CMAKE_PREFIX_PATH}:/opt/ros/humble /usr/bin/cmake --install /home/robot_ws/build/robot_interface
[0.152s] -- Install configuration: ""
[0.153s] -- Up-to-date: /home/robot_ws/install/robot_interface/share/ament_index/resource_index/package_run_dependencies/robot_interface
[0.153s] -- Up-to-date: /home/robot_ws/install/robot_interface/share/ament_index/resource_index/parent_prefix_path/robot_interface
[0.154s] -- Up-to-date: /home/robot_ws/install/robot_interface/share/robot_interface/environment/ament_prefix_path.sh
[0.154s] -- Up-to-date: /home/robot_ws/install/robot_interface/share/robot_interface/environment/ament_prefix_path.dsv
[0.155s] -- Up-to-date: /home/robot_ws/install/robot_interface/share/robot_interface/environment/path.sh
[0.156s] -- Up-to-date: /home/robot_ws/install/robot_interface/share/robot_interface/environment/path.dsv
[0.156s] -- Up-to-date: /home/robot_ws/install/robot_interface/share/robot_interface/local_setup.bash
[0.156s] -- Up-to-date: /home/robot_ws/install/robot_interface/share/robot_interface/local_setup.sh
[0.157s] -- Up-to-date: /home/robot_ws/install/robot_interface/share/robot_interface/local_setup.zsh
[0.157s] -- Up-to-date: /home/robot_ws/install/robot_interface/share/robot_interface/local_setup.dsv
[0.158s] -- Installing: /home/robot_ws/install/robot_interface/share/robot_interface/package.dsv
[0.158s] -- Up-to-date: /home/robot_ws/install/robot_interface/share/ament_index/resource_index/packages/robot_interface
[0.158s] -- Up-to-date: /home/robot_ws/install/robot_interface/share/robot_interface/cmake/robot_interfaceConfig.cmake
[0.159s] -- Up-to-date: /home/robot_ws/install/robot_interface/share/robot_interface/cmake/robot_interfaceConfig-version.cmake
[0.159s] -- Up-to-date: /home/robot_ws/install/robot_interface/share/robot_interface/package.xml
[0.166s] Invoked command in '/home/robot_ws/build/robot_interface' returned '0': CMAKE_PREFIX_PATH=${CMAKE_PREFIX_PATH}:/opt/ros/humble /usr/bin/cmake --install /home/robot_ws/build/robot_interface
