[0.141s] DEBUG:colcon:Command line arguments: ['/usr/bin/colcon', 'build']
[0.141s] DEBUG:colcon:Parsed command line arguments: Namespace(log_base=None, log_level=None, verb_name='build', build_base='build', install_base='install', merge_install=False, symlink_install=False, test_result_base=None, continue_on_error=False, executor='parallel', parallel_workers=16, event_handlers=None, ignore_user_meta=False, metas=['./colcon.meta'], base_paths=['.'], packages_ignore=None, packages_ignore_regex=None, paths=None, packages_up_to=None, packages_up_to_regex=None, packages_above=None, packages_above_and_dependencies=None, packages_above_depth=None, packages_select_by_dep=None, packages_skip_by_dep=None, packages_skip_up_to=None, packages_select_build_failed=False, packages_skip_build_finished=False, packages_select_test_failures=False, packages_skip_test_passed=False, packages_select=None, packages_skip=None, packages_select_regex=None, packages_skip_regex=None, packages_start=None, packages_end=None, allow_overriding=[], cmake_args=None, cmake_target=None, cmake_target_skip_unavailable=False, cmake_clean_cache=False, cmake_clean_first=False, cmake_force_configure=False, ament_cmake_args=None, catkin_cmake_args=None, catkin_skip_building_tests=False, mixin_files=None, mixin=None, verb_parser=<colcon_mixin.mixin.mixin_argument.MixinArgumentDecorator object at 0x77eeeb401870>, verb_extension=<colcon_core.verb.build.BuildVerb object at 0x77eeeb38b070>, main=<bound method BuildVerb.main of <colcon_core.verb.build.BuildVerb object at 0x77eeeb38b070>>, mixin_verb=('build',))
[0.344s] Level 1:colcon.colcon_core.package_discovery:discover_packages(colcon_meta) check parameters
[0.345s] Level 1:colcon.colcon_core.package_discovery:discover_packages(recursive) check parameters
[0.345s] Level 1:colcon.colcon_core.package_discovery:discover_packages(ignore) check parameters
[0.345s] Level 1:colcon.colcon_core.package_discovery:discover_packages(path) check parameters
[0.345s] Level 1:colcon.colcon_core.package_discovery:discover_packages(colcon_meta) discover
[0.345s] Level 1:colcon.colcon_core.package_discovery:discover_packages(recursive) discover
[0.345s] INFO:colcon.colcon_core.package_discovery:Crawling recursively for packages in '/home/entity014/3GP6-bot/robot_ws'
[0.345s] Level 1:colcon.colcon_core.package_identification:_identify(.) by extensions ['ignore', 'ignore_ament_install']
[0.345s] Level 1:colcon.colcon_core.package_identification:_identify(.) by extension 'ignore'
[0.345s] Level 1:colcon.colcon_core.package_identification:_identify(.) by extension 'ignore_ament_install'
[0.345s] Level 1:colcon.colcon_core.package_identification:_identify(.) by extensions ['colcon_pkg']
[0.345s] Level 1:colcon.colcon_core.package_identification:_identify(.) by extension 'colcon_pkg'
[0.345s] Level 1:colcon.colcon_core.package_identification:_identify(.) by extensions ['colcon_meta']
[0.345s] Level 1:colcon.colcon_core.package_identification:_identify(.) by extension 'colcon_meta'
[0.345s] Level 1:colcon.colcon_core.package_identification:_identify(.) by extensions ['ros']
[0.345s] Level 1:colcon.colcon_core.package_identification:_identify(.) by extension 'ros'
[0.368s] Level 1:colcon.colcon_core.package_identification:_identify(.) by extensions ['cmake', 'python']
[0.369s] Level 1:colcon.colcon_core.package_identification:_identify(.) by extension 'cmake'
[0.369s] Level 1:colcon.colcon_core.package_identification:_identify(.) by extension 'python'
[0.369s] Level 1:colcon.colcon_core.package_identification:_identify(.) by extensions ['python_setup_py']
[0.369s] Level 1:colcon.colcon_core.package_identification:_identify(.) by extension 'python_setup_py'
[0.369s] Level 1:colcon.colcon_core.package_identification:_identify(build) by extensions ['ignore', 'ignore_ament_install']
[0.369s] Level 1:colcon.colcon_core.package_identification:_identify(build) by extension 'ignore'
[0.369s] Level 1:colcon.colcon_core.package_identification:_identify(build) ignored
[0.369s] Level 1:colcon.colcon_core.package_identification:_identify(install) by extensions ['ignore', 'ignore_ament_install']
[0.369s] Level 1:colcon.colcon_core.package_identification:_identify(install) by extension 'ignore'
[0.369s] Level 1:colcon.colcon_core.package_identification:_identify(install) ignored
[0.369s] Level 1:colcon.colcon_core.package_identification:_identify(log) by extensions ['ignore', 'ignore_ament_install']
[0.369s] Level 1:colcon.colcon_core.package_identification:_identify(log) by extension 'ignore'
[0.370s] Level 1:colcon.colcon_core.package_identification:_identify(log) ignored
[0.370s] Level 1:colcon.colcon_core.package_identification:_identify(src) by extensions ['ignore', 'ignore_ament_install']
[0.370s] Level 1:colcon.colcon_core.package_identification:_identify(src) by extension 'ignore'
[0.370s] Level 1:colcon.colcon_core.package_identification:_identify(src) by extension 'ignore_ament_install'
[0.370s] Level 1:colcon.colcon_core.package_identification:_identify(src) by extensions ['colcon_pkg']
[0.370s] Level 1:colcon.colcon_core.package_identification:_identify(src) by extension 'colcon_pkg'
[0.370s] Level 1:colcon.colcon_core.package_identification:_identify(src) by extensions ['colcon_meta']
[0.370s] Level 1:colcon.colcon_core.package_identification:_identify(src) by extension 'colcon_meta'
[0.370s] Level 1:colcon.colcon_core.package_identification:_identify(src) by extensions ['ros']
[0.370s] Level 1:colcon.colcon_core.package_identification:_identify(src) by extension 'ros'
[0.370s] Level 1:colcon.colcon_core.package_identification:_identify(src) by extensions ['cmake', 'python']
[0.370s] Level 1:colcon.colcon_core.package_identification:_identify(src) by extension 'cmake'
[0.370s] Level 1:colcon.colcon_core.package_identification:_identify(src) by extension 'python'
[0.370s] Level 1:colcon.colcon_core.package_identification:_identify(src) by extensions ['python_setup_py']
[0.370s] Level 1:colcon.colcon_core.package_identification:_identify(src) by extension 'python_setup_py'
[0.370s] Level 1:colcon.colcon_core.package_identification:_identify(src/robot_core) by extensions ['ignore', 'ignore_ament_install']
[0.370s] Level 1:colcon.colcon_core.package_identification:_identify(src/robot_core) by extension 'ignore'
[0.370s] Level 1:colcon.colcon_core.package_identification:_identify(src/robot_core) by extension 'ignore_ament_install'
[0.370s] Level 1:colcon.colcon_core.package_identification:_identify(src/robot_core) by extensions ['colcon_pkg']
[0.370s] Level 1:colcon.colcon_core.package_identification:_identify(src/robot_core) by extension 'colcon_pkg'
[0.371s] Level 1:colcon.colcon_core.package_identification:_identify(src/robot_core) by extensions ['colcon_meta']
[0.371s] Level 1:colcon.colcon_core.package_identification:_identify(src/robot_core) by extension 'colcon_meta'
[0.371s] Level 1:colcon.colcon_core.package_identification:_identify(src/robot_core) by extensions ['ros']
[0.371s] Level 1:colcon.colcon_core.package_identification:_identify(src/robot_core) by extension 'ros'
[0.374s] DEBUG:colcon.colcon_core.package_identification:Package 'src/robot_core' with type 'ros.ament_cmake' and name 'robot_core'
[0.374s] Level 1:colcon.colcon_core.package_identification:_identify(src/robot_description) by extensions ['ignore', 'ignore_ament_install']
[0.374s] Level 1:colcon.colcon_core.package_identification:_identify(src/robot_description) by extension 'ignore'
[0.374s] Level 1:colcon.colcon_core.package_identification:_identify(src/robot_description) by extension 'ignore_ament_install'
[0.374s] Level 1:colcon.colcon_core.package_identification:_identify(src/robot_description) by extensions ['colcon_pkg']
[0.374s] Level 1:colcon.colcon_core.package_identification:_identify(src/robot_description) by extension 'colcon_pkg'
[0.374s] Level 1:colcon.colcon_core.package_identification:_identify(src/robot_description) by extensions ['colcon_meta']
[0.374s] Level 1:colcon.colcon_core.package_identification:_identify(src/robot_description) by extension 'colcon_meta'
[0.374s] Level 1:colcon.colcon_core.package_identification:_identify(src/robot_description) by extensions ['ros']
[0.374s] Level 1:colcon.colcon_core.package_identification:_identify(src/robot_description) by extension 'ros'
[0.375s] DEBUG:colcon.colcon_core.package_identification:Package 'src/robot_description' with type 'ros.ament_cmake' and name 'robot_description'
[0.375s] Level 1:colcon.colcon_core.package_identification:_identify(src/robot_interface) by extensions ['ignore', 'ignore_ament_install']
[0.375s] Level 1:colcon.colcon_core.package_identification:_identify(src/robot_interface) by extension 'ignore'
[0.375s] Level 1:colcon.colcon_core.package_identification:_identify(src/robot_interface) by extension 'ignore_ament_install'
[0.375s] Level 1:colcon.colcon_core.package_identification:_identify(src/robot_interface) by extensions ['colcon_pkg']
[0.375s] Level 1:colcon.colcon_core.package_identification:_identify(src/robot_interface) by extension 'colcon_pkg'
[0.376s] Level 1:colcon.colcon_core.package_identification:_identify(src/robot_interface) by extensions ['colcon_meta']
[0.376s] Level 1:colcon.colcon_core.package_identification:_identify(src/robot_interface) by extension 'colcon_meta'
[0.376s] Level 1:colcon.colcon_core.package_identification:_identify(src/robot_interface) by extensions ['ros']
[0.376s] Level 1:colcon.colcon_core.package_identification:_identify(src/robot_interface) by extension 'ros'
[0.376s] DEBUG:colcon.colcon_core.package_identification:Package 'src/robot_interface' with type 'ros.ament_cmake' and name 'robot_interface'
[0.376s] Level 1:colcon.colcon_core.package_discovery:discover_packages(recursive) using defaults
[0.376s] Level 1:colcon.colcon_core.package_discovery:discover_packages(ignore) discover
[0.376s] Level 1:colcon.colcon_core.package_discovery:discover_packages(ignore) using defaults
[0.376s] Level 1:colcon.colcon_core.package_discovery:discover_packages(path) discover
[0.376s] Level 1:colcon.colcon_core.package_discovery:discover_packages(path) using defaults
[0.400s] Level 1:colcon.colcon_core.package_discovery:discover_packages(prefix_path) check parameters
[0.401s] Level 1:colcon.colcon_core.package_discovery:discover_packages(prefix_path) discover
[0.403s] DEBUG:colcon.colcon_installed_package_information.package_discovery:Found 3 installed packages in /home/entity014/3GP6-bot/robot_ws/install
[0.404s] DEBUG:colcon.colcon_installed_package_information.package_discovery:Found 1 installed packages in /home/entity014/Ros-Major/project_ws/install
[0.404s] DEBUG:colcon.colcon_installed_package_information.package_discovery:Found 3 installed packages in /home/entity014/Ros-Major/650610841_final/install
[0.405s] DEBUG:colcon.colcon_installed_package_information.package_discovery:Found 15 installed packages in /home/entity014/turtlebot3_ws/install
[0.405s] DEBUG:colcon.colcon_installed_package_information.package_discovery:Found 3 installed packages in /home/entity014/microros_ws/install
[0.407s] DEBUG:colcon.colcon_installed_package_information.package_discovery:Found 377 installed packages in /opt/ros/humble
[0.410s] Level 1:colcon.colcon_core.package_discovery:discover_packages(prefix_path) using defaults
[0.462s] Level 5:colcon.colcon_core.verb:set package 'robot_core' build argument 'cmake_args' from command line to 'None'
[0.462s] Level 5:colcon.colcon_core.verb:set package 'robot_core' build argument 'cmake_target' from command line to 'None'
[0.462s] Level 5:colcon.colcon_core.verb:set package 'robot_core' build argument 'cmake_target_skip_unavailable' from command line to 'False'
[0.462s] Level 5:colcon.colcon_core.verb:set package 'robot_core' build argument 'cmake_clean_cache' from command line to 'False'
[0.462s] Level 5:colcon.colcon_core.verb:set package 'robot_core' build argument 'cmake_clean_first' from command line to 'False'
[0.462s] Level 5:colcon.colcon_core.verb:set package 'robot_core' build argument 'cmake_force_configure' from command line to 'False'
[0.462s] Level 5:colcon.colcon_core.verb:set package 'robot_core' build argument 'ament_cmake_args' from command line to 'None'
[0.462s] Level 5:colcon.colcon_core.verb:set package 'robot_core' build argument 'catkin_cmake_args' from command line to 'None'
[0.462s] Level 5:colcon.colcon_core.verb:set package 'robot_core' build argument 'catkin_skip_building_tests' from command line to 'False'
[0.462s] DEBUG:colcon.colcon_core.verb:Building package 'robot_core' with the following arguments: {'ament_cmake_args': None, 'build_base': '/home/entity014/3GP6-bot/robot_ws/build/robot_core', 'catkin_cmake_args': None, 'catkin_skip_building_tests': False, 'cmake_args': None, 'cmake_clean_cache': False, 'cmake_clean_first': False, 'cmake_force_configure': False, 'cmake_target': None, 'cmake_target_skip_unavailable': False, 'install_base': '/home/entity014/3GP6-bot/robot_ws/install/robot_core', 'merge_install': False, 'path': '/home/entity014/3GP6-bot/robot_ws/src/robot_core', 'symlink_install': False, 'test_result_base': None}
[0.462s] Level 5:colcon.colcon_core.verb:set package 'robot_description' build argument 'cmake_args' from command line to 'None'
[0.463s] Level 5:colcon.colcon_core.verb:set package 'robot_description' build argument 'cmake_target' from command line to 'None'
[0.463s] Level 5:colcon.colcon_core.verb:set package 'robot_description' build argument 'cmake_target_skip_unavailable' from command line to 'False'
[0.463s] Level 5:colcon.colcon_core.verb:set package 'robot_description' build argument 'cmake_clean_cache' from command line to 'False'
[0.463s] Level 5:colcon.colcon_core.verb:set package 'robot_description' build argument 'cmake_clean_first' from command line to 'False'
[0.463s] Level 5:colcon.colcon_core.verb:set package 'robot_description' build argument 'cmake_force_configure' from command line to 'False'
[0.463s] Level 5:colcon.colcon_core.verb:set package 'robot_description' build argument 'ament_cmake_args' from command line to 'None'
[0.463s] Level 5:colcon.colcon_core.verb:set package 'robot_description' build argument 'catkin_cmake_args' from command line to 'None'
[0.463s] Level 5:colcon.colcon_core.verb:set package 'robot_description' build argument 'catkin_skip_building_tests' from command line to 'False'
[0.463s] DEBUG:colcon.colcon_core.verb:Building package 'robot_description' with the following arguments: {'ament_cmake_args': None, 'build_base': '/home/entity014/3GP6-bot/robot_ws/build/robot_description', 'catkin_cmake_args': None, 'catkin_skip_building_tests': False, 'cmake_args': None, 'cmake_clean_cache': False, 'cmake_clean_first': False, 'cmake_force_configure': False, 'cmake_target': None, 'cmake_target_skip_unavailable': False, 'install_base': '/home/entity014/3GP6-bot/robot_ws/install/robot_description', 'merge_install': False, 'path': '/home/entity014/3GP6-bot/robot_ws/src/robot_description', 'symlink_install': False, 'test_result_base': None}
[0.463s] Level 5:colcon.colcon_core.verb:set package 'robot_interface' build argument 'cmake_args' from command line to 'None'
[0.463s] Level 5:colcon.colcon_core.verb:set package 'robot_interface' build argument 'cmake_target' from command line to 'None'
[0.463s] Level 5:colcon.colcon_core.verb:set package 'robot_interface' build argument 'cmake_target_skip_unavailable' from command line to 'False'
[0.463s] Level 5:colcon.colcon_core.verb:set package 'robot_interface' build argument 'cmake_clean_cache' from command line to 'False'
[0.463s] Level 5:colcon.colcon_core.verb:set package 'robot_interface' build argument 'cmake_clean_first' from command line to 'False'
[0.463s] Level 5:colcon.colcon_core.verb:set package 'robot_interface' build argument 'cmake_force_configure' from command line to 'False'
[0.463s] Level 5:colcon.colcon_core.verb:set package 'robot_interface' build argument 'ament_cmake_args' from command line to 'None'
[0.463s] Level 5:colcon.colcon_core.verb:set package 'robot_interface' build argument 'catkin_cmake_args' from command line to 'None'
[0.463s] Level 5:colcon.colcon_core.verb:set package 'robot_interface' build argument 'catkin_skip_building_tests' from command line to 'False'
[0.463s] DEBUG:colcon.colcon_core.verb:Building package 'robot_interface' with the following arguments: {'ament_cmake_args': None, 'build_base': '/home/entity014/3GP6-bot/robot_ws/build/robot_interface', 'catkin_cmake_args': None, 'catkin_skip_building_tests': False, 'cmake_args': None, 'cmake_clean_cache': False, 'cmake_clean_first': False, 'cmake_force_configure': False, 'cmake_target': None, 'cmake_target_skip_unavailable': False, 'install_base': '/home/entity014/3GP6-bot/robot_ws/install/robot_interface', 'merge_install': False, 'path': '/home/entity014/3GP6-bot/robot_ws/src/robot_interface', 'symlink_install': False, 'test_result_base': None}
[0.463s] INFO:colcon.colcon_core.executor:Executing jobs using 'parallel' executor
[0.465s] DEBUG:colcon.colcon_parallel_executor.executor.parallel:run_until_complete
[0.465s] INFO:colcon.colcon_ros.task.ament_cmake.build:Building ROS package in '/home/entity014/3GP6-bot/robot_ws/src/robot_core' with build type 'ament_cmake'
[0.465s] INFO:colcon.colcon_cmake.task.cmake.build:Building CMake package in '/home/entity014/3GP6-bot/robot_ws/src/robot_core'
[0.468s] INFO:colcon.colcon_core.plugin_system:Skipping extension 'colcon_core.shell.bat': Not used on non-Windows systems
[0.468s] INFO:colcon.colcon_core.shell:Skip shell extension 'powershell' for command environment: Not usable outside of PowerShell
[0.468s] DEBUG:colcon.colcon_core.shell:Skip shell extension 'dsv' for command environment
[0.476s] INFO:colcon.colcon_ros.task.ament_cmake.build:Building ROS package in '/home/entity014/3GP6-bot/robot_ws/src/robot_description' with build type 'ament_cmake'
[0.476s] INFO:colcon.colcon_cmake.task.cmake.build:Building CMake package in '/home/entity014/3GP6-bot/robot_ws/src/robot_description'
[0.476s] INFO:colcon.colcon_core.shell:Skip shell extension 'powershell' for command environment: Not usable outside of PowerShell
[0.476s] DEBUG:colcon.colcon_core.shell:Skip shell extension 'dsv' for command environment
[0.484s] INFO:colcon.colcon_ros.task.ament_cmake.build:Building ROS package in '/home/entity014/3GP6-bot/robot_ws/src/robot_interface' with build type 'ament_cmake'
[0.484s] INFO:colcon.colcon_cmake.task.cmake.build:Building CMake package in '/home/entity014/3GP6-bot/robot_ws/src/robot_interface'
[0.484s] INFO:colcon.colcon_core.shell:Skip shell extension 'powershell' for command environment: Not usable outside of PowerShell
[0.484s] DEBUG:colcon.colcon_core.shell:Skip shell extension 'dsv' for command environment
[0.503s] DEBUG:colcon.colcon_core.event_handler.log_command:Invoking command in '/home/entity014/3GP6-bot/robot_ws/build/robot_core': CMAKE_PREFIX_PATH=${CMAKE_PREFIX_PATH}:/home/entity014/Ros-Major/project_ws/install/object_detect:/home/entity014/Ros-Major/650610841_final/install/lidar_650610841:/home/entity014/turtlebot3_ws/install/turtlebot3_teleop:/home/entity014/turtlebot3_ws/install/turtlebot3_example:/opt/ros/humble /usr/bin/cmake --build /home/entity014/3GP6-bot/robot_ws/build/robot_core -- -j16 -l16
[0.507s] DEBUG:colcon.colcon_core.event_handler.log_command:Invoking command in '/home/entity014/3GP6-bot/robot_ws/build/robot_description': CMAKE_PREFIX_PATH=${CMAKE_PREFIX_PATH}:/home/entity014/Ros-Major/project_ws/install/object_detect:/home/entity014/Ros-Major/650610841_final/install/lidar_650610841:/home/entity014/turtlebot3_ws/install/turtlebot3_teleop:/home/entity014/turtlebot3_ws/install/turtlebot3_example:/opt/ros/humble /usr/bin/cmake --build /home/entity014/3GP6-bot/robot_ws/build/robot_description -- -j16 -l16
[0.517s] DEBUG:colcon.colcon_core.event_handler.log_command:Invoking command in '/home/entity014/3GP6-bot/robot_ws/build/robot_interface': CMAKE_PREFIX_PATH=${CMAKE_PREFIX_PATH}:/home/entity014/Ros-Major/project_ws/install/object_detect:/home/entity014/Ros-Major/650610841_final/install/lidar_650610841:/home/entity014/turtlebot3_ws/install/turtlebot3_teleop:/home/entity014/turtlebot3_ws/install/turtlebot3_example:/opt/ros/humble /usr/bin/cmake --build /home/entity014/3GP6-bot/robot_ws/build/robot_interface -- -j16 -l16
[0.557s] DEBUG:colcon.colcon_core.event_handler.log_command:Invoked command in '/home/entity014/3GP6-bot/robot_ws/build/robot_interface' returned '0': CMAKE_PREFIX_PATH=${CMAKE_PREFIX_PATH}:/home/entity014/Ros-Major/project_ws/install/object_detect:/home/entity014/Ros-Major/650610841_final/install/lidar_650610841:/home/entity014/turtlebot3_ws/install/turtlebot3_teleop:/home/entity014/turtlebot3_ws/install/turtlebot3_example:/opt/ros/humble /usr/bin/cmake --build /home/entity014/3GP6-bot/robot_ws/build/robot_interface -- -j16 -l16
[0.568s] DEBUG:colcon.colcon_core.event_handler.log_command:Invoking command in '/home/entity014/3GP6-bot/robot_ws/build/robot_interface': CMAKE_PREFIX_PATH=${CMAKE_PREFIX_PATH}:/home/entity014/Ros-Major/project_ws/install/object_detect:/home/entity014/Ros-Major/650610841_final/install/lidar_650610841:/home/entity014/turtlebot3_ws/install/turtlebot3_teleop:/home/entity014/turtlebot3_ws/install/turtlebot3_example:/opt/ros/humble /usr/bin/cmake --install /home/entity014/3GP6-bot/robot_ws/build/robot_interface
[0.577s] Level 1:colcon.colcon_core.environment:create_environment_scripts_only(robot_interface)
[0.578s] DEBUG:colcon.colcon_core.event_handler.log_command:Invoked command in '/home/entity014/3GP6-bot/robot_ws/build/robot_interface' returned '0': CMAKE_PREFIX_PATH=${CMAKE_PREFIX_PATH}:/home/entity014/Ros-Major/project_ws/install/object_detect:/home/entity014/Ros-Major/650610841_final/install/lidar_650610841:/home/entity014/turtlebot3_ws/install/turtlebot3_teleop:/home/entity014/turtlebot3_ws/install/turtlebot3_example:/opt/ros/humble /usr/bin/cmake --install /home/entity014/3GP6-bot/robot_ws/build/robot_interface
[0.582s] Level 1:colcon.colcon_core.environment:checking '/home/entity014/3GP6-bot/robot_ws/install/robot_interface' for CMake module files
[0.583s] Level 1:colcon.colcon_core.environment:checking '/home/entity014/3GP6-bot/robot_ws/install/robot_interface' for CMake config files
[0.583s] Level 1:colcon.colcon_core.shell:create_environment_hook('robot_interface', 'cmake_prefix_path')
[0.584s] INFO:colcon.colcon_core.shell:Creating environment hook '/home/entity014/3GP6-bot/robot_ws/install/robot_interface/share/robot_interface/hook/cmake_prefix_path.ps1'
[0.585s] INFO:colcon.colcon_core.shell:Creating environment descriptor '/home/entity014/3GP6-bot/robot_ws/install/robot_interface/share/robot_interface/hook/cmake_prefix_path.dsv'
[0.586s] INFO:colcon.colcon_core.shell:Creating environment hook '/home/entity014/3GP6-bot/robot_ws/install/robot_interface/share/robot_interface/hook/cmake_prefix_path.sh'
[0.587s] Level 1:colcon.colcon_core.environment:checking '/home/entity014/3GP6-bot/robot_ws/install/robot_interface/bin'
[0.587s] Level 1:colcon.colcon_core.environment:checking '/home/entity014/3GP6-bot/robot_ws/install/robot_interface/lib/pkgconfig/robot_interface.pc'
[0.588s] Level 1:colcon.colcon_core.environment:checking '/home/entity014/3GP6-bot/robot_ws/install/robot_interface/lib/python3.10/site-packages'
[0.588s] Level 1:colcon.colcon_core.environment:checking '/home/entity014/3GP6-bot/robot_ws/install/robot_interface/bin'
[0.589s] INFO:colcon.colcon_core.shell:Creating package script '/home/entity014/3GP6-bot/robot_ws/install/robot_interface/share/robot_interface/package.ps1'
[0.590s] INFO:colcon.colcon_core.shell:Creating package descriptor '/home/entity014/3GP6-bot/robot_ws/install/robot_interface/share/robot_interface/package.dsv'
[0.591s] INFO:colcon.colcon_core.shell:Creating package script '/home/entity014/3GP6-bot/robot_ws/install/robot_interface/share/robot_interface/package.sh'
[0.593s] INFO:colcon.colcon_core.shell:Creating package script '/home/entity014/3GP6-bot/robot_ws/install/robot_interface/share/robot_interface/package.bash'
[0.594s] INFO:colcon.colcon_core.shell:Creating package script '/home/entity014/3GP6-bot/robot_ws/install/robot_interface/share/robot_interface/package.zsh'
[0.595s] Level 1:colcon.colcon_core.environment:create_file_with_runtime_dependencies(/home/entity014/3GP6-bot/robot_ws/install/robot_interface/share/colcon-core/packages/robot_interface)
[0.596s] Level 1:colcon.colcon_core.environment:create_environment_scripts_only(robot_interface)
[0.596s] Level 1:colcon.colcon_core.environment:checking '/home/entity014/3GP6-bot/robot_ws/install/robot_interface' for CMake module files
[0.597s] Level 1:colcon.colcon_core.environment:checking '/home/entity014/3GP6-bot/robot_ws/install/robot_interface' for CMake config files
[0.597s] Level 1:colcon.colcon_core.shell:create_environment_hook('robot_interface', 'cmake_prefix_path')
[0.598s] INFO:colcon.colcon_core.shell:Creating environment hook '/home/entity014/3GP6-bot/robot_ws/install/robot_interface/share/robot_interface/hook/cmake_prefix_path.ps1'
[0.598s] INFO:colcon.colcon_core.shell:Creating environment descriptor '/home/entity014/3GP6-bot/robot_ws/install/robot_interface/share/robot_interface/hook/cmake_prefix_path.dsv'
[0.599s] INFO:colcon.colcon_core.shell:Creating environment hook '/home/entity014/3GP6-bot/robot_ws/install/robot_interface/share/robot_interface/hook/cmake_prefix_path.sh'
[0.600s] Level 1:colcon.colcon_core.environment:checking '/home/entity014/3GP6-bot/robot_ws/install/robot_interface/bin'
[0.600s] Level 1:colcon.colcon_core.environment:checking '/home/entity014/3GP6-bot/robot_ws/install/robot_interface/lib/pkgconfig/robot_interface.pc'
[0.600s] Level 1:colcon.colcon_core.environment:checking '/home/entity014/3GP6-bot/robot_ws/install/robot_interface/lib/python3.10/site-packages'
[0.601s] Level 1:colcon.colcon_core.environment:checking '/home/entity014/3GP6-bot/robot_ws/install/robot_interface/bin'
[0.601s] INFO:colcon.colcon_core.shell:Creating package script '/home/entity014/3GP6-bot/robot_ws/install/robot_interface/share/robot_interface/package.ps1'
[0.602s] INFO:colcon.colcon_core.shell:Creating package descriptor '/home/entity014/3GP6-bot/robot_ws/install/robot_interface/share/robot_interface/package.dsv'
[0.603s] INFO:colcon.colcon_core.shell:Creating package script '/home/entity014/3GP6-bot/robot_ws/install/robot_interface/share/robot_interface/package.sh'
[0.604s] INFO:colcon.colcon_core.shell:Creating package script '/home/entity014/3GP6-bot/robot_ws/install/robot_interface/share/robot_interface/package.bash'
[0.605s] INFO:colcon.colcon_core.shell:Creating package script '/home/entity014/3GP6-bot/robot_ws/install/robot_interface/share/robot_interface/package.zsh'
[0.605s] Level 1:colcon.colcon_core.environment:create_file_with_runtime_dependencies(/home/entity014/3GP6-bot/robot_ws/install/robot_interface/share/colcon-core/packages/robot_interface)
[1.116s] DEBUG:colcon.colcon_core.event_handler.log_command:Invoked command in '/home/entity014/3GP6-bot/robot_ws/build/robot_core' returned '0': CMAKE_PREFIX_PATH=${CMAKE_PREFIX_PATH}:/home/entity014/Ros-Major/project_ws/install/object_detect:/home/entity014/Ros-Major/650610841_final/install/lidar_650610841:/home/entity014/turtlebot3_ws/install/turtlebot3_teleop:/home/entity014/turtlebot3_ws/install/turtlebot3_example:/opt/ros/humble /usr/bin/cmake --build /home/entity014/3GP6-bot/robot_ws/build/robot_core -- -j16 -l16
[1.120s] DEBUG:colcon.colcon_core.event_handler.log_command:Invoking command in '/home/entity014/3GP6-bot/robot_ws/build/robot_core': CMAKE_PREFIX_PATH=${CMAKE_PREFIX_PATH}:/home/entity014/Ros-Major/project_ws/install/object_detect:/home/entity014/Ros-Major/650610841_final/install/lidar_650610841:/home/entity014/turtlebot3_ws/install/turtlebot3_teleop:/home/entity014/turtlebot3_ws/install/turtlebot3_example:/opt/ros/humble /usr/bin/cmake --install /home/entity014/3GP6-bot/robot_ws/build/robot_core
[1.134s] DEBUG:colcon.colcon_core.event_handler.log_command:Invoked command in '/home/entity014/3GP6-bot/robot_ws/build/robot_description' returned '0': CMAKE_PREFIX_PATH=${CMAKE_PREFIX_PATH}:/home/entity014/Ros-Major/project_ws/install/object_detect:/home/entity014/Ros-Major/650610841_final/install/lidar_650610841:/home/entity014/turtlebot3_ws/install/turtlebot3_teleop:/home/entity014/turtlebot3_ws/install/turtlebot3_example:/opt/ros/humble /usr/bin/cmake --build /home/entity014/3GP6-bot/robot_ws/build/robot_description -- -j16 -l16
[1.136s] DEBUG:colcon.colcon_core.event_handler.log_command:Invoking command in '/home/entity014/3GP6-bot/robot_ws/build/robot_description': CMAKE_PREFIX_PATH=${CMAKE_PREFIX_PATH}:/home/entity014/Ros-Major/project_ws/install/object_detect:/home/entity014/Ros-Major/650610841_final/install/lidar_650610841:/home/entity014/turtlebot3_ws/install/turtlebot3_teleop:/home/entity014/turtlebot3_ws/install/turtlebot3_example:/opt/ros/humble /usr/bin/cmake --install /home/entity014/3GP6-bot/robot_ws/build/robot_description
[1.215s] Level 1:colcon.colcon_core.environment:create_environment_scripts_only(robot_core)
[1.216s] Level 1:colcon.colcon_core.environment:checking '/home/entity014/3GP6-bot/robot_ws/install/robot_core' for CMake module files
[1.216s] DEBUG:colcon.colcon_core.event_handler.log_command:Invoked command in '/home/entity014/3GP6-bot/robot_ws/build/robot_core' returned '0': CMAKE_PREFIX_PATH=${CMAKE_PREFIX_PATH}:/home/entity014/Ros-Major/project_ws/install/object_detect:/home/entity014/Ros-Major/650610841_final/install/lidar_650610841:/home/entity014/turtlebot3_ws/install/turtlebot3_teleop:/home/entity014/turtlebot3_ws/install/turtlebot3_example:/opt/ros/humble /usr/bin/cmake --install /home/entity014/3GP6-bot/robot_ws/build/robot_core
[1.218s] Level 1:colcon.colcon_core.environment:checking '/home/entity014/3GP6-bot/robot_ws/install/robot_core' for CMake config files
[1.218s] Level 1:colcon.colcon_core.shell:create_environment_hook('robot_core', 'cmake_prefix_path')
[1.219s] INFO:colcon.colcon_core.shell:Creating environment hook '/home/entity014/3GP6-bot/robot_ws/install/robot_core/share/robot_core/hook/cmake_prefix_path.ps1'
[1.220s] INFO:colcon.colcon_core.shell:Creating environment descriptor '/home/entity014/3GP6-bot/robot_ws/install/robot_core/share/robot_core/hook/cmake_prefix_path.dsv'
[1.220s] INFO:colcon.colcon_core.shell:Creating environment hook '/home/entity014/3GP6-bot/robot_ws/install/robot_core/share/robot_core/hook/cmake_prefix_path.sh'
[1.222s] Level 1:colcon.colcon_core.environment:checking '/home/entity014/3GP6-bot/robot_ws/install/robot_core/lib'
[1.222s] Level 1:colcon.colcon_core.environment:checking '/home/entity014/3GP6-bot/robot_ws/install/robot_core/bin'
[1.222s] Level 1:colcon.colcon_core.environment:checking '/home/entity014/3GP6-bot/robot_ws/install/robot_core/lib/pkgconfig/robot_core.pc'
[1.223s] Level 1:colcon.colcon_core.environment:checking '/home/entity014/3GP6-bot/robot_ws/install/robot_core/lib/python3.10/site-packages'
[1.223s] Level 1:colcon.colcon_core.environment:checking '/home/entity014/3GP6-bot/robot_ws/install/robot_core/bin'
[1.224s] INFO:colcon.colcon_core.shell:Creating package script '/home/entity014/3GP6-bot/robot_ws/install/robot_core/share/robot_core/package.ps1'
[1.227s] INFO:colcon.colcon_core.shell:Creating package descriptor '/home/entity014/3GP6-bot/robot_ws/install/robot_core/share/robot_core/package.dsv'
[1.230s] INFO:colcon.colcon_core.shell:Creating package script '/home/entity014/3GP6-bot/robot_ws/install/robot_core/share/robot_core/package.sh'
[1.231s] INFO:colcon.colcon_core.shell:Creating package script '/home/entity014/3GP6-bot/robot_ws/install/robot_core/share/robot_core/package.bash'
[1.232s] INFO:colcon.colcon_core.shell:Creating package script '/home/entity014/3GP6-bot/robot_ws/install/robot_core/share/robot_core/package.zsh'
[1.233s] Level 1:colcon.colcon_core.environment:create_file_with_runtime_dependencies(/home/entity014/3GP6-bot/robot_ws/install/robot_core/share/colcon-core/packages/robot_core)
[1.234s] Level 1:colcon.colcon_core.environment:create_environment_scripts_only(robot_core)
[1.234s] Level 1:colcon.colcon_core.environment:checking '/home/entity014/3GP6-bot/robot_ws/install/robot_core' for CMake module files
[1.235s] Level 1:colcon.colcon_core.environment:checking '/home/entity014/3GP6-bot/robot_ws/install/robot_core' for CMake config files
[1.235s] Level 1:colcon.colcon_core.shell:create_environment_hook('robot_core', 'cmake_prefix_path')
[1.235s] INFO:colcon.colcon_core.shell:Creating environment hook '/home/entity014/3GP6-bot/robot_ws/install/robot_core/share/robot_core/hook/cmake_prefix_path.ps1'
[1.236s] INFO:colcon.colcon_core.shell:Creating environment descriptor '/home/entity014/3GP6-bot/robot_ws/install/robot_core/share/robot_core/hook/cmake_prefix_path.dsv'
[1.237s] INFO:colcon.colcon_core.shell:Creating environment hook '/home/entity014/3GP6-bot/robot_ws/install/robot_core/share/robot_core/hook/cmake_prefix_path.sh'
[1.237s] Level 1:colcon.colcon_core.environment:checking '/home/entity014/3GP6-bot/robot_ws/install/robot_core/lib'
[1.238s] Level 1:colcon.colcon_core.environment:checking '/home/entity014/3GP6-bot/robot_ws/install/robot_core/bin'
[1.238s] Level 1:colcon.colcon_core.environment:checking '/home/entity014/3GP6-bot/robot_ws/install/robot_core/lib/pkgconfig/robot_core.pc'
[1.238s] Level 1:colcon.colcon_core.environment:checking '/home/entity014/3GP6-bot/robot_ws/install/robot_core/lib/python3.10/site-packages'
[1.238s] Level 1:colcon.colcon_core.environment:checking '/home/entity014/3GP6-bot/robot_ws/install/robot_core/bin'
[1.239s] INFO:colcon.colcon_core.shell:Creating package script '/home/entity014/3GP6-bot/robot_ws/install/robot_core/share/robot_core/package.ps1'
[1.240s] INFO:colcon.colcon_core.shell:Creating package descriptor '/home/entity014/3GP6-bot/robot_ws/install/robot_core/share/robot_core/package.dsv'
[1.240s] INFO:colcon.colcon_core.shell:Creating package script '/home/entity014/3GP6-bot/robot_ws/install/robot_core/share/robot_core/package.sh'
[1.241s] INFO:colcon.colcon_core.shell:Creating package script '/home/entity014/3GP6-bot/robot_ws/install/robot_core/share/robot_core/package.bash'
[1.242s] INFO:colcon.colcon_core.shell:Creating package script '/home/entity014/3GP6-bot/robot_ws/install/robot_core/share/robot_core/package.zsh'
[1.242s] Level 1:colcon.colcon_core.environment:create_file_with_runtime_dependencies(/home/entity014/3GP6-bot/robot_ws/install/robot_core/share/colcon-core/packages/robot_core)
[1.245s] Level 1:colcon.colcon_core.environment:create_environment_scripts_only(robot_description)
[1.245s] Level 1:colcon.colcon_core.environment:checking '/home/entity014/3GP6-bot/robot_ws/install/robot_description' for CMake module files
[1.246s] DEBUG:colcon.colcon_core.event_handler.log_command:Invoked command in '/home/entity014/3GP6-bot/robot_ws/build/robot_description' returned '0': CMAKE_PREFIX_PATH=${CMAKE_PREFIX_PATH}:/home/entity014/Ros-Major/project_ws/install/object_detect:/home/entity014/Ros-Major/650610841_final/install/lidar_650610841:/home/entity014/turtlebot3_ws/install/turtlebot3_teleop:/home/entity014/turtlebot3_ws/install/turtlebot3_example:/opt/ros/humble /usr/bin/cmake --install /home/entity014/3GP6-bot/robot_ws/build/robot_description
[1.246s] Level 1:colcon.colcon_core.environment:checking '/home/entity014/3GP6-bot/robot_ws/install/robot_description' for CMake config files
[1.247s] Level 1:colcon.colcon_core.shell:create_environment_hook('robot_description', 'cmake_prefix_path')
[1.247s] INFO:colcon.colcon_core.shell:Creating environment hook '/home/entity014/3GP6-bot/robot_ws/install/robot_description/share/robot_description/hook/cmake_prefix_path.ps1'
[1.248s] INFO:colcon.colcon_core.shell:Creating environment descriptor '/home/entity014/3GP6-bot/robot_ws/install/robot_description/share/robot_description/hook/cmake_prefix_path.dsv'
[1.249s] INFO:colcon.colcon_core.shell:Creating environment hook '/home/entity014/3GP6-bot/robot_ws/install/robot_description/share/robot_description/hook/cmake_prefix_path.sh'
[1.250s] Level 1:colcon.colcon_core.environment:checking '/home/entity014/3GP6-bot/robot_ws/install/robot_description/bin'
[1.250s] Level 1:colcon.colcon_core.environment:checking '/home/entity014/3GP6-bot/robot_ws/install/robot_description/lib/pkgconfig/robot_description.pc'
[1.251s] Level 1:colcon.colcon_core.environment:checking '/home/entity014/3GP6-bot/robot_ws/install/robot_description/lib/python3.10/site-packages'
[1.251s] Level 1:colcon.colcon_core.environment:checking '/home/entity014/3GP6-bot/robot_ws/install/robot_description/bin'
[1.252s] INFO:colcon.colcon_core.shell:Creating package script '/home/entity014/3GP6-bot/robot_ws/install/robot_description/share/robot_description/package.ps1'
[1.253s] INFO:colcon.colcon_core.shell:Creating package descriptor '/home/entity014/3GP6-bot/robot_ws/install/robot_description/share/robot_description/package.dsv'
[1.254s] INFO:colcon.colcon_core.shell:Creating package script '/home/entity014/3GP6-bot/robot_ws/install/robot_description/share/robot_description/package.sh'
[1.255s] INFO:colcon.colcon_core.shell:Creating package script '/home/entity014/3GP6-bot/robot_ws/install/robot_description/share/robot_description/package.bash'
[1.256s] INFO:colcon.colcon_core.shell:Creating package script '/home/entity014/3GP6-bot/robot_ws/install/robot_description/share/robot_description/package.zsh'
[1.257s] Level 1:colcon.colcon_core.environment:create_file_with_runtime_dependencies(/home/entity014/3GP6-bot/robot_ws/install/robot_description/share/colcon-core/packages/robot_description)
[1.258s] Level 1:colcon.colcon_core.environment:create_environment_scripts_only(robot_description)
[1.259s] Level 1:colcon.colcon_core.environment:checking '/home/entity014/3GP6-bot/robot_ws/install/robot_description' for CMake module files
[1.260s] Level 1:colcon.colcon_core.environment:checking '/home/entity014/3GP6-bot/robot_ws/install/robot_description' for CMake config files
[1.260s] Level 1:colcon.colcon_core.shell:create_environment_hook('robot_description', 'cmake_prefix_path')
[1.261s] INFO:colcon.colcon_core.shell:Creating environment hook '/home/entity014/3GP6-bot/robot_ws/install/robot_description/share/robot_description/hook/cmake_prefix_path.ps1'
[1.262s] INFO:colcon.colcon_core.shell:Creating environment descriptor '/home/entity014/3GP6-bot/robot_ws/install/robot_description/share/robot_description/hook/cmake_prefix_path.dsv'
[1.262s] INFO:colcon.colcon_core.shell:Creating environment hook '/home/entity014/3GP6-bot/robot_ws/install/robot_description/share/robot_description/hook/cmake_prefix_path.sh'
[1.264s] Level 1:colcon.colcon_core.environment:checking '/home/entity014/3GP6-bot/robot_ws/install/robot_description/bin'
[1.264s] Level 1:colcon.colcon_core.environment:checking '/home/entity014/3GP6-bot/robot_ws/install/robot_description/lib/pkgconfig/robot_description.pc'
[1.264s] Level 1:colcon.colcon_core.environment:checking '/home/entity014/3GP6-bot/robot_ws/install/robot_description/lib/python3.10/site-packages'
[1.265s] Level 1:colcon.colcon_core.environment:checking '/home/entity014/3GP6-bot/robot_ws/install/robot_description/bin'
[1.265s] INFO:colcon.colcon_core.shell:Creating package script '/home/entity014/3GP6-bot/robot_ws/install/robot_description/share/robot_description/package.ps1'
[1.267s] INFO:colcon.colcon_core.shell:Creating package descriptor '/home/entity014/3GP6-bot/robot_ws/install/robot_description/share/robot_description/package.dsv'
[1.268s] INFO:colcon.colcon_core.shell:Creating package script '/home/entity014/3GP6-bot/robot_ws/install/robot_description/share/robot_description/package.sh'
[1.269s] INFO:colcon.colcon_core.shell:Creating package script '/home/entity014/3GP6-bot/robot_ws/install/robot_description/share/robot_description/package.bash'
[1.270s] INFO:colcon.colcon_core.shell:Creating package script '/home/entity014/3GP6-bot/robot_ws/install/robot_description/share/robot_description/package.zsh'
[1.271s] Level 1:colcon.colcon_core.environment:create_file_with_runtime_dependencies(/home/entity014/3GP6-bot/robot_ws/install/robot_description/share/colcon-core/packages/robot_description)
[1.271s] DEBUG:colcon.colcon_parallel_executor.executor.parallel:closing loop
[1.271s] DEBUG:colcon.colcon_parallel_executor.executor.parallel:loop closed
[1.272s] DEBUG:colcon.colcon_parallel_executor.executor.parallel:run_until_complete finished with '0'
[1.272s] DEBUG:colcon.colcon_core.event_reactor:joining thread
[1.281s] INFO:colcon.colcon_core.plugin_system:Skipping extension 'colcon_notification.desktop_notification.terminal_notifier': Not used on non-Darwin systems
[1.281s] INFO:colcon.colcon_core.plugin_system:Skipping extension 'colcon_notification.desktop_notification.win32': Not used on non-Windows systems
[1.281s] INFO:colcon.colcon_notification.desktop_notification:Sending desktop notification using 'notify2'
[1.299s] DEBUG:colcon.colcon_core.event_reactor:joined thread
[1.300s] INFO:colcon.colcon_core.shell:Creating prefix script '/home/entity014/3GP6-bot/robot_ws/install/local_setup.ps1'
[1.302s] INFO:colcon.colcon_core.shell:Creating prefix util module '/home/entity014/3GP6-bot/robot_ws/install/_local_setup_util_ps1.py'
[1.306s] INFO:colcon.colcon_core.shell:Creating prefix chain script '/home/entity014/3GP6-bot/robot_ws/install/setup.ps1'
[1.309s] INFO:colcon.colcon_core.shell:Creating prefix script '/home/entity014/3GP6-bot/robot_ws/install/local_setup.sh'
[1.310s] INFO:colcon.colcon_core.shell:Creating prefix util module '/home/entity014/3GP6-bot/robot_ws/install/_local_setup_util_sh.py'
[1.311s] INFO:colcon.colcon_core.shell:Creating prefix chain script '/home/entity014/3GP6-bot/robot_ws/install/setup.sh'
[1.315s] INFO:colcon.colcon_core.shell:Creating prefix script '/home/entity014/3GP6-bot/robot_ws/install/local_setup.bash'
[1.316s] INFO:colcon.colcon_core.shell:Creating prefix chain script '/home/entity014/3GP6-bot/robot_ws/install/setup.bash'
[1.319s] INFO:colcon.colcon_core.shell:Creating prefix script '/home/entity014/3GP6-bot/robot_ws/install/local_setup.zsh'
[1.320s] INFO:colcon.colcon_core.shell:Creating prefix chain script '/home/entity014/3GP6-bot/robot_ws/install/setup.zsh'
