[0.014s] Invoking command in '/home/entity014/3GP6-bot/robot_ws/build/robot_core': CMAKE_PREFIX_PATH=${CMAKE_PREFIX_PATH}:/home/entity014/Ros-Major/project_ws/install/object_detect:/home/entity014/Ros-Major/650610841_final/install/lidar_650610841:/home/entity014/turtlebot3_ws/install/turtlebot3_teleop:/home/entity014/turtlebot3_ws/install/turtlebot3_example:/opt/ros/humble /usr/bin/cmake --build /home/entity014/3GP6-bot/robot_ws/build/robot_core -- -j16 -l16
[0.038s] Built target ament_cmake_python_copy_src
[0.202s] running egg_info
[0.202s] writing src.egg-info/PKG-INFO
[0.202s] writing dependency_links to src.egg-info/dependency_links.txt
[0.202s] writing top-level names to src.egg-info/top_level.txt
[0.204s] reading manifest file 'src.egg-info/SOURCES.txt'
[0.204s] writing manifest file 'src.egg-info/SOURCES.txt'
[0.221s] Built target ament_cmake_python_build_src_egg
[0.226s] Invoked command in '/home/entity014/3GP6-bot/robot_ws/build/robot_core' returned '0': CMAKE_PREFIX_PATH=${CMAKE_PREFIX_PATH}:/home/entity014/Ros-Major/project_ws/install/object_detect:/home/entity014/Ros-Major/650610841_final/install/lidar_650610841:/home/entity014/turtlebot3_ws/install/turtlebot3_teleop:/home/entity014/turtlebot3_ws/install/turtlebot3_example:/opt/ros/humble /usr/bin/cmake --build /home/entity014/3GP6-bot/robot_ws/build/robot_core -- -j16 -l16
[0.227s] Invoking command in '/home/entity014/3GP6-bot/robot_ws/build/robot_core': CMAKE_PREFIX_PATH=${CMAKE_PREFIX_PATH}:/home/entity014/Ros-Major/project_ws/install/object_detect:/home/entity014/Ros-Major/650610841_final/install/lidar_650610841:/home/entity014/turtlebot3_ws/install/turtlebot3_teleop:/home/entity014/turtlebot3_ws/install/turtlebot3_example:/opt/ros/humble /usr/bin/cmake --install /home/entity014/3GP6-bot/robot_ws/build/robot_core
[0.231s] -- Install configuration: ""
[0.231s] -- Up-to-date: /home/entity014/3GP6-bot/robot_ws/install/robot_core/share/robot_core/environment/pythonpath.sh
[0.231s] -- Up-to-date: /home/entity014/3GP6-bot/robot_ws/install/robot_core/share/robot_core/environment/pythonpath.dsv
[0.231s] -- Up-to-date: /home/entity014/3GP6-bot/robot_ws/install/robot_core/local/lib/python3.10/dist-packages/src-0.0.0-py3.10.egg-info
[0.231s] -- Installing: /home/entity014/3GP6-bot/robot_ws/install/robot_core/local/lib/python3.10/dist-packages/src-0.0.0-py3.10.egg-info/SOURCES.txt
[0.231s] -- Installing: /home/entity014/3GP6-bot/robot_ws/install/robot_core/local/lib/python3.10/dist-packages/src-0.0.0-py3.10.egg-info/PKG-INFO
[0.231s] -- Installing: /home/entity014/3GP6-bot/robot_ws/install/robot_core/local/lib/python3.10/dist-packages/src-0.0.0-py3.10.egg-info/top_level.txt
[0.231s] -- Installing: /home/entity014/3GP6-bot/robot_ws/install/robot_core/local/lib/python3.10/dist-packages/src-0.0.0-py3.10.egg-info/dependency_links.txt
[0.231s] -- Up-to-date: /home/entity014/3GP6-bot/robot_ws/install/robot_core/local/lib/python3.10/dist-packages/src
[0.232s] -- Up-to-date: /home/entity014/3GP6-bot/robot_ws/install/robot_core/local/lib/python3.10/dist-packages/src/detection.py
[0.232s] -- Up-to-date: /home/entity014/3GP6-bot/robot_ws/install/robot_core/local/lib/python3.10/dist-packages/src/detection_ai.py
[0.232s] -- Up-to-date: /home/entity014/3GP6-bot/robot_ws/install/robot_core/local/lib/python3.10/dist-packages/src/autonomy_node.py
[0.232s] -- Up-to-date: /home/entity014/3GP6-bot/robot_ws/install/robot_core/local/lib/python3.10/dist-packages/src/webcam_line.py
[0.232s] -- Up-to-date: /home/entity014/3GP6-bot/robot_ws/install/robot_core/local/lib/python3.10/dist-packages/src/find_hsv.py
[0.232s] -- Up-to-date: /home/entity014/3GP6-bot/robot_ws/install/robot_core/local/lib/python3.10/dist-packages/src/__init__.py
[0.232s] -- Up-to-date: /home/entity014/3GP6-bot/robot_ws/install/robot_core/local/lib/python3.10/dist-packages/src/webcam_ai.py
[0.382s] Listing '/home/entity014/3GP6-bot/robot_ws/install/robot_core/local/lib/python3.10/dist-packages/src'...
[0.414s] -- Up-to-date: /home/entity014/3GP6-bot/robot_ws/install/robot_core/share/robot_core/config
[0.416s] -- Up-to-date: /home/entity014/3GP6-bot/robot_ws/install/robot_core/share/robot_core/config/ekf.yaml
[0.417s] -- Up-to-date: /home/entity014/3GP6-bot/robot_ws/install/robot_core/share/robot_core/src
[0.423s] -- Up-to-date: /home/entity014/3GP6-bot/robot_ws/install/robot_core/share/robot_core/src/detection.py
[0.425s] -- Up-to-date: /home/entity014/3GP6-bot/robot_ws/install/robot_core/share/robot_core/src/detection_ai.py
[0.425s] -- Up-to-date: /home/entity014/3GP6-bot/robot_ws/install/robot_core/share/robot_core/src/autonomy_node.py
[0.427s] -- Up-to-date: /home/entity014/3GP6-bot/robot_ws/install/robot_core/share/robot_core/src/webcam_line.py
[0.430s] -- Up-to-date: /home/entity014/3GP6-bot/robot_ws/install/robot_core/share/robot_core/src/find_hsv.py
[0.431s] -- Up-to-date: /home/entity014/3GP6-bot/robot_ws/install/robot_core/share/robot_core/src/__init__.py
[0.435s] -- Up-to-date: /home/entity014/3GP6-bot/robot_ws/install/robot_core/share/robot_core/src/webcam_ai.py
[0.435s] -- Up-to-date: /home/entity014/3GP6-bot/robot_ws/install/robot_core/share/robot_core/launch
[0.435s] -- Up-to-date: /home/entity014/3GP6-bot/robot_ws/install/robot_core/share/robot_core/launch/bringup.launch.py
[0.437s] -- Up-to-date: /home/entity014/3GP6-bot/robot_ws/install/robot_core/lib/robot_core/autonomy_node.py
[0.440s] -- Up-to-date: /home/entity014/3GP6-bot/robot_ws/install/robot_core/lib/robot_core/webcam_ai.py
[0.444s] -- Up-to-date: /home/entity014/3GP6-bot/robot_ws/install/robot_core/lib/robot_core/webcam_line.py
[0.446s] -- Up-to-date: /home/entity014/3GP6-bot/robot_ws/install/robot_core/lib/robot_core/robot_core
[0.448s] -- Up-to-date: /home/entity014/3GP6-bot/robot_ws/install/robot_core/lib/robot_core/robot_core/arm.py
[0.453s] -- Up-to-date: /home/entity014/3GP6-bot/robot_ws/install/robot_core/lib/robot_core/robot_core/line.py
[0.454s] -- Up-to-date: /home/entity014/3GP6-bot/robot_ws/install/robot_core/lib/robot_core/robot_core/move.py
[0.455s] -- Installing: /home/entity014/3GP6-bot/robot_ws/install/robot_core/lib/robot_core/robot_core/ai.py
[0.456s] -- Up-to-date: /home/entity014/3GP6-bot/robot_ws/install/robot_core/share/ament_index/resource_index/package_run_dependencies/robot_core
[0.459s] -- Up-to-date: /home/entity014/3GP6-bot/robot_ws/install/robot_core/share/ament_index/resource_index/parent_prefix_path/robot_core
[0.461s] -- Up-to-date: /home/entity014/3GP6-bot/robot_ws/install/robot_core/share/robot_core/environment/ament_prefix_path.sh
[0.463s] -- Up-to-date: /home/entity014/3GP6-bot/robot_ws/install/robot_core/share/robot_core/environment/ament_prefix_path.dsv
[0.465s] -- Up-to-date: /home/entity014/3GP6-bot/robot_ws/install/robot_core/share/robot_core/environment/path.sh
[0.467s] -- Up-to-date: /home/entity014/3GP6-bot/robot_ws/install/robot_core/share/robot_core/environment/path.dsv
[0.470s] -- Up-to-date: /home/entity014/3GP6-bot/robot_ws/install/robot_core/share/robot_core/local_setup.bash
[0.471s] -- Up-to-date: /home/entity014/3GP6-bot/robot_ws/install/robot_core/share/robot_core/local_setup.sh
[0.472s] -- Up-to-date: /home/entity014/3GP6-bot/robot_ws/install/robot_core/share/robot_core/local_setup.zsh
[0.473s] -- Up-to-date: /home/entity014/3GP6-bot/robot_ws/install/robot_core/share/robot_core/local_setup.dsv
[0.473s] -- Installing: /home/entity014/3GP6-bot/robot_ws/install/robot_core/share/robot_core/package.dsv
[0.475s] -- Up-to-date: /home/entity014/3GP6-bot/robot_ws/install/robot_core/share/ament_index/resource_index/packages/robot_core
[0.475s] -- Up-to-date: /home/entity014/3GP6-bot/robot_ws/install/robot_core/share/robot_core/cmake/robot_coreConfig.cmake
[0.483s] -- Up-to-date: /home/entity014/3GP6-bot/robot_ws/install/robot_core/share/robot_core/cmake/robot_coreConfig-version.cmake
[0.486s] -- Up-to-date: /home/entity014/3GP6-bot/robot_ws/install/robot_core/share/robot_core/package.xml
[0.493s] Invoked command in '/home/entity014/3GP6-bot/robot_ws/build/robot_core' returned '0': CMAKE_PREFIX_PATH=${CMAKE_PREFIX_PATH}:/home/entity014/Ros-Major/project_ws/install/object_detect:/home/entity014/Ros-Major/650610841_final/install/lidar_650610841:/home/entity014/turtlebot3_ws/install/turtlebot3_teleop:/home/entity014/turtlebot3_ws/install/turtlebot3_example:/opt/ros/humble /usr/bin/cmake --install /home/entity014/3GP6-bot/robot_ws/build/robot_core
