-- The C compiler identification is GNU 11.4.0
-- The CXX compiler identification is GNU 11.4.0
-- Detecting C compiler ABI info
-- Detecting C compiler ABI info - done
-- Check for working C compiler: /usr/bin/cc - skipped
-- Detecting C compile features
-- Detecting C compile features - done
-- Detecting CXX compiler ABI info
-- Detecting CXX compiler ABI info - done
-- Check for working CXX compiler: /usr/bin/c++ - skipped
-- Detecting CXX compile features
-- Detecting CXX compile features - done
-- Found ament_cmake: 1.3.11 (/opt/ros/humble/share/ament_cmake/cmake)
-- Found Python3: /usr/bin/python3 (found version "3.10.12") found components: Interpreter 
-- Found rclpy: 3.3.15 (/opt/ros/humble/share/rclpy/cmake)
-- Found ament_lint_auto: 0.12.11 (/opt/ros/humble/share/ament_lint_auto/cmake)
-- Added test 'flake8' to check Python code syntax and style conventions
-- Added test 'lint_cmake' to check CMake code style
-- Added test 'pep257' to check Python code against some of the docstring style conventions in PEP 257
-- Added test 'xmllint' to check XML markup files
-- Configuring done
-- Generating done
-- Build files have been written to: /home/entity014/3GP6-bot/robot_ws/build/robot_core
Built target ament_cmake_python_copy_src
running egg_info
creating src.egg-info
writing src.egg-info/PKG-INFO
writing dependency_links to src.egg-info/dependency_links.txt
writing top-level names to src.egg-info/top_level.txt
writing manifest file 'src.egg-info/SOURCES.txt'
reading manifest file 'src.egg-info/SOURCES.txt'
writing manifest file 'src.egg-info/SOURCES.txt'
Built target ament_cmake_python_build_src_egg
-- Install configuration: ""
-- Installing: /home/entity014/3GP6-bot/robot_ws/install/robot_core/share/robot_core/environment/pythonpath.sh
-- Installing: /home/entity014/3GP6-bot/robot_ws/install/robot_core/share/robot_core/environment/pythonpath.dsv
-- Installing: /home/entity014/3GP6-bot/robot_ws/install/robot_core/local/lib/python3.10/dist-packages/src-0.0.0-py3.10.egg-info
-- Installing: /home/entity014/3GP6-bot/robot_ws/install/robot_core/local/lib/python3.10/dist-packages/src-0.0.0-py3.10.egg-info/SOURCES.txt
-- Installing: /home/entity014/3GP6-bot/robot_ws/install/robot_core/local/lib/python3.10/dist-packages/src-0.0.0-py3.10.egg-info/PKG-INFO
-- Installing: /home/entity014/3GP6-bot/robot_ws/install/robot_core/local/lib/python3.10/dist-packages/src-0.0.0-py3.10.egg-info/top_level.txt
-- Installing: /home/entity014/3GP6-bot/robot_ws/install/robot_core/local/lib/python3.10/dist-packages/src-0.0.0-py3.10.egg-info/dependency_links.txt
-- Installing: /home/entity014/3GP6-bot/robot_ws/install/robot_core/local/lib/python3.10/dist-packages/src
-- Installing: /home/entity014/3GP6-bot/robot_ws/install/robot_core/local/lib/python3.10/dist-packages/src/detection.py
-- Installing: /home/entity014/3GP6-bot/robot_ws/install/robot_core/local/lib/python3.10/dist-packages/src/test_pp.py
-- Installing: /home/entity014/3GP6-bot/robot_ws/install/robot_core/local/lib/python3.10/dist-packages/src/autonomy_node.py
-- Installing: /home/entity014/3GP6-bot/robot_ws/install/robot_core/local/lib/python3.10/dist-packages/src/webcam_line.py
-- Installing: /home/entity014/3GP6-bot/robot_ws/install/robot_core/local/lib/python3.10/dist-packages/src/__init__.py
-- Installing: /home/entity014/3GP6-bot/robot_ws/install/robot_core/local/lib/python3.10/dist-packages/src/webcam_ai.py
Listing '/home/entity014/3GP6-bot/robot_ws/install/robot_core/local/lib/python3.10/dist-packages/src'...
Compiling '/home/entity014/3GP6-bot/robot_ws/install/robot_core/local/lib/python3.10/dist-packages/src/__init__.py'...
Compiling '/home/entity014/3GP6-bot/robot_ws/install/robot_core/local/lib/python3.10/dist-packages/src/autonomy_node.py'...
Compiling '/home/entity014/3GP6-bot/robot_ws/install/robot_core/local/lib/python3.10/dist-packages/src/detection.py'...
Compiling '/home/entity014/3GP6-bot/robot_ws/install/robot_core/local/lib/python3.10/dist-packages/src/test_pp.py'...
Compiling '/home/entity014/3GP6-bot/robot_ws/install/robot_core/local/lib/python3.10/dist-packages/src/webcam_ai.py'...
Compiling '/home/entity014/3GP6-bot/robot_ws/install/robot_core/local/lib/python3.10/dist-packages/src/webcam_line.py'...
-- Installing: /home/entity014/3GP6-bot/robot_ws/install/robot_core/share/robot_core/src
-- Installing: /home/entity014/3GP6-bot/robot_ws/install/robot_core/share/robot_core/src/detection.py
-- Installing: /home/entity014/3GP6-bot/robot_ws/install/robot_core/share/robot_core/src/test_pp.py
-- Installing: /home/entity014/3GP6-bot/robot_ws/install/robot_core/share/robot_core/src/autonomy_node.py
-- Installing: /home/entity014/3GP6-bot/robot_ws/install/robot_core/share/robot_core/src/webcam_line.py
-- Installing: /home/entity014/3GP6-bot/robot_ws/install/robot_core/share/robot_core/src/__init__.py
-- Installing: /home/entity014/3GP6-bot/robot_ws/install/robot_core/share/robot_core/src/webcam_ai.py
-- Installing: /home/entity014/3GP6-bot/robot_ws/install/robot_core/share/robot_core/launch
-- Installing: /home/entity014/3GP6-bot/robot_ws/install/robot_core/share/robot_core/launch/bringup.launch.py
-- Installing: /home/entity014/3GP6-bot/robot_ws/install/robot_core/lib/robot_core/autonomy_node.py
-- Installing: /home/entity014/3GP6-bot/robot_ws/install/robot_core/lib/robot_core/webcam_ai.py
-- Installing: /home/entity014/3GP6-bot/robot_ws/install/robot_core/lib/robot_core/webcam_line.py
-- Installing: /home/entity014/3GP6-bot/robot_ws/install/robot_core/lib/robot_core/robot_core
-- Installing: /home/entity014/3GP6-bot/robot_ws/install/robot_core/lib/robot_core/robot_core/move.py
-- Installing: /home/entity014/3GP6-bot/robot_ws/install/robot_core/share/ament_index/resource_index/package_run_dependencies/robot_core
-- Installing: /home/entity014/3GP6-bot/robot_ws/install/robot_core/share/ament_index/resource_index/parent_prefix_path/robot_core
-- Installing: /home/entity014/3GP6-bot/robot_ws/install/robot_core/share/robot_core/environment/ament_prefix_path.sh
-- Installing: /home/entity014/3GP6-bot/robot_ws/install/robot_core/share/robot_core/environment/ament_prefix_path.dsv
-- Installing: /home/entity014/3GP6-bot/robot_ws/install/robot_core/share/robot_core/environment/path.sh
-- Installing: /home/entity014/3GP6-bot/robot_ws/install/robot_core/share/robot_core/environment/path.dsv
-- Installing: /home/entity014/3GP6-bot/robot_ws/install/robot_core/share/robot_core/local_setup.bash
-- Installing: /home/entity014/3GP6-bot/robot_ws/install/robot_core/share/robot_core/local_setup.sh
-- Installing: /home/entity014/3GP6-bot/robot_ws/install/robot_core/share/robot_core/local_setup.zsh
-- Installing: /home/entity014/3GP6-bot/robot_ws/install/robot_core/share/robot_core/local_setup.dsv
-- Installing: /home/entity014/3GP6-bot/robot_ws/install/robot_core/share/robot_core/package.dsv
-- Installing: /home/entity014/3GP6-bot/robot_ws/install/robot_core/share/ament_index/resource_index/packages/robot_core
-- Installing: /home/entity014/3GP6-bot/robot_ws/install/robot_core/share/robot_core/cmake/robot_coreConfig.cmake
-- Installing: /home/entity014/3GP6-bot/robot_ws/install/robot_core/share/robot_core/cmake/robot_coreConfig-version.cmake
-- Installing: /home/entity014/3GP6-bot/robot_ws/install/robot_core/share/robot_core/package.xml
