[0.078s] Invoking command in '/home/entity014/3GP6-bot/robot_ws/build/robot_core': CMAKE_PREFIX_PATH=${CMAKE_PREFIX_PATH}:/home/entity014/Ros-Major/project_ws/install/object_detect:/home/entity014/Ros-Major/650610841_final/install/lidar_650610841:/home/entity014/turtlebot3_ws/install/turtlebot3_teleop:/home/entity014/turtlebot3_ws/install/turtlebot3_example:/opt/ros/humble /usr/bin/cmake /home/entity014/3GP6-bot/robot_ws/src/robot_core -DCMAKE_INSTALL_PREFIX=/home/entity014/3GP6-bot/robot_ws/install/robot_core
[0.293s] -- The C compiler identification is GNU 11.4.0
[0.577s] -- The CXX compiler identification is GNU 11.4.0
[0.647s] -- Detecting C compiler ABI info
[0.891s] -- Detecting C compiler ABI info - done
[0.941s] -- Check for working C compiler: /usr/bin/cc - skipped
[0.942s] -- Detecting C compile features
[0.946s] -- Detecting C compile features - done
[0.970s] -- Detecting CXX compiler ABI info
[1.297s] -- Detecting CXX compiler ABI info - done
[1.366s] -- Check for working CXX compiler: /usr/bin/c++ - skipped
[1.367s] -- Detecting CXX compile features
[1.369s] -- Detecting CXX compile features - done
[1.402s] -- Found ament_cmake: 1.3.11 (/opt/ros/humble/share/ament_cmake/cmake)
[2.029s] -- Found Python3: /usr/bin/python3 (found version "3.10.12") found components: Interpreter 
[2.338s] -- Found rclpy: 3.3.15 (/opt/ros/humble/share/rclpy/cmake)
[2.416s] -- Found ament_lint_auto: 0.12.11 (/opt/ros/humble/share/ament_lint_auto/cmake)
[2.495s] -- Added test 'flake8' to check Python code syntax and style conventions
[2.496s] -- Added test 'lint_cmake' to check CMake code style
[2.496s] -- Added test 'pep257' to check Python code against some of the docstring style conventions in PEP 257
[2.498s] -- Added test 'xmllint' to check XML markup files
[2.499s] -- Configuring done
[2.501s] -- Generating done
[2.502s] -- Build files have been written to: /home/entity014/3GP6-bot/robot_ws/build/robot_core
[2.505s] Invoked command in '/home/entity014/3GP6-bot/robot_ws/build/robot_core' returned '0': CMAKE_PREFIX_PATH=${CMAKE_PREFIX_PATH}:/home/entity014/Ros-Major/project_ws/install/object_detect:/home/entity014/Ros-Major/650610841_final/install/lidar_650610841:/home/entity014/turtlebot3_ws/install/turtlebot3_teleop:/home/entity014/turtlebot3_ws/install/turtlebot3_example:/opt/ros/humble /usr/bin/cmake /home/entity014/3GP6-bot/robot_ws/src/robot_core -DCMAKE_INSTALL_PREFIX=/home/entity014/3GP6-bot/robot_ws/install/robot_core
[2.507s] Invoking command in '/home/entity014/3GP6-bot/robot_ws/build/robot_core': CMAKE_PREFIX_PATH=${CMAKE_PREFIX_PATH}:/home/entity014/Ros-Major/project_ws/install/object_detect:/home/entity014/Ros-Major/650610841_final/install/lidar_650610841:/home/entity014/turtlebot3_ws/install/turtlebot3_teleop:/home/entity014/turtlebot3_ws/install/turtlebot3_example:/opt/ros/humble /usr/bin/cmake --build /home/entity014/3GP6-bot/robot_ws/build/robot_core -- -j16 -l16
[2.546s] Built target ament_cmake_python_copy_src
[2.766s] running egg_info
[2.766s] creating src.egg-info
[2.766s] writing src.egg-info/PKG-INFO
[2.767s] writing dependency_links to src.egg-info/dependency_links.txt
[2.767s] writing top-level names to src.egg-info/top_level.txt
[2.767s] writing manifest file 'src.egg-info/SOURCES.txt'
[2.768s] reading manifest file 'src.egg-info/SOURCES.txt'
[2.768s] writing manifest file 'src.egg-info/SOURCES.txt'
[2.784s] Built target ament_cmake_python_build_src_egg
[2.789s] Invoked command in '/home/entity014/3GP6-bot/robot_ws/build/robot_core' returned '0': CMAKE_PREFIX_PATH=${CMAKE_PREFIX_PATH}:/home/entity014/Ros-Major/project_ws/install/object_detect:/home/entity014/Ros-Major/650610841_final/install/lidar_650610841:/home/entity014/turtlebot3_ws/install/turtlebot3_teleop:/home/entity014/turtlebot3_ws/install/turtlebot3_example:/opt/ros/humble /usr/bin/cmake --build /home/entity014/3GP6-bot/robot_ws/build/robot_core -- -j16 -l16
[2.790s] Invoking command in '/home/entity014/3GP6-bot/robot_ws/build/robot_core': CMAKE_PREFIX_PATH=${CMAKE_PREFIX_PATH}:/home/entity014/Ros-Major/project_ws/install/object_detect:/home/entity014/Ros-Major/650610841_final/install/lidar_650610841:/home/entity014/turtlebot3_ws/install/turtlebot3_teleop:/home/entity014/turtlebot3_ws/install/turtlebot3_example:/opt/ros/humble /usr/bin/cmake --install /home/entity014/3GP6-bot/robot_ws/build/robot_core
[2.793s] -- Install configuration: ""
[2.793s] -- Installing: /home/entity014/3GP6-bot/robot_ws/install/robot_core/share/robot_core/environment/pythonpath.sh
[2.793s] -- Installing: /home/entity014/3GP6-bot/robot_ws/install/robot_core/share/robot_core/environment/pythonpath.dsv
[2.794s] -- Installing: /home/entity014/3GP6-bot/robot_ws/install/robot_core/local/lib/python3.10/dist-packages/src-0.0.0-py3.10.egg-info
[2.794s] -- Installing: /home/entity014/3GP6-bot/robot_ws/install/robot_core/local/lib/python3.10/dist-packages/src-0.0.0-py3.10.egg-info/SOURCES.txt
[2.794s] -- Installing: /home/entity014/3GP6-bot/robot_ws/install/robot_core/local/lib/python3.10/dist-packages/src-0.0.0-py3.10.egg-info/PKG-INFO
[2.794s] -- Installing: /home/entity014/3GP6-bot/robot_ws/install/robot_core/local/lib/python3.10/dist-packages/src-0.0.0-py3.10.egg-info/top_level.txt
[2.794s] -- Installing: /home/entity014/3GP6-bot/robot_ws/install/robot_core/local/lib/python3.10/dist-packages/src-0.0.0-py3.10.egg-info/dependency_links.txt
[2.794s] -- Installing: /home/entity014/3GP6-bot/robot_ws/install/robot_core/local/lib/python3.10/dist-packages/src
[2.794s] -- Installing: /home/entity014/3GP6-bot/robot_ws/install/robot_core/local/lib/python3.10/dist-packages/src/detection.py
[2.794s] -- Installing: /home/entity014/3GP6-bot/robot_ws/install/robot_core/local/lib/python3.10/dist-packages/src/test_pp.py
[2.795s] -- Installing: /home/entity014/3GP6-bot/robot_ws/install/robot_core/local/lib/python3.10/dist-packages/src/autonomy_node.py
[2.795s] -- Installing: /home/entity014/3GP6-bot/robot_ws/install/robot_core/local/lib/python3.10/dist-packages/src/webcam_line.py
[2.795s] -- Installing: /home/entity014/3GP6-bot/robot_ws/install/robot_core/local/lib/python3.10/dist-packages/src/__init__.py
[2.795s] -- Installing: /home/entity014/3GP6-bot/robot_ws/install/robot_core/local/lib/python3.10/dist-packages/src/webcam_ai.py
[2.823s] Listing '/home/entity014/3GP6-bot/robot_ws/install/robot_core/local/lib/python3.10/dist-packages/src'...
[2.823s] Compiling '/home/entity014/3GP6-bot/robot_ws/install/robot_core/local/lib/python3.10/dist-packages/src/__init__.py'...
[2.823s] Compiling '/home/entity014/3GP6-bot/robot_ws/install/robot_core/local/lib/python3.10/dist-packages/src/autonomy_node.py'...
[2.823s] Compiling '/home/entity014/3GP6-bot/robot_ws/install/robot_core/local/lib/python3.10/dist-packages/src/detection.py'...
[2.823s] Compiling '/home/entity014/3GP6-bot/robot_ws/install/robot_core/local/lib/python3.10/dist-packages/src/test_pp.py'...
[2.823s] Compiling '/home/entity014/3GP6-bot/robot_ws/install/robot_core/local/lib/python3.10/dist-packages/src/webcam_ai.py'...
[2.823s] Compiling '/home/entity014/3GP6-bot/robot_ws/install/robot_core/local/lib/python3.10/dist-packages/src/webcam_line.py'...
[2.826s] -- Installing: /home/entity014/3GP6-bot/robot_ws/install/robot_core/share/robot_core/src
[2.826s] -- Installing: /home/entity014/3GP6-bot/robot_ws/install/robot_core/share/robot_core/src/detection.py
[2.826s] -- Installing: /home/entity014/3GP6-bot/robot_ws/install/robot_core/share/robot_core/src/test_pp.py
[2.826s] -- Installing: /home/entity014/3GP6-bot/robot_ws/install/robot_core/share/robot_core/src/autonomy_node.py
[2.826s] -- Installing: /home/entity014/3GP6-bot/robot_ws/install/robot_core/share/robot_core/src/webcam_line.py
[2.826s] -- Installing: /home/entity014/3GP6-bot/robot_ws/install/robot_core/share/robot_core/src/__init__.py
[2.826s] -- Installing: /home/entity014/3GP6-bot/robot_ws/install/robot_core/share/robot_core/src/webcam_ai.py
[2.826s] -- Installing: /home/entity014/3GP6-bot/robot_ws/install/robot_core/share/robot_core/launch
[2.826s] -- Installing: /home/entity014/3GP6-bot/robot_ws/install/robot_core/share/robot_core/launch/bringup.launch.py
[2.826s] -- Installing: /home/entity014/3GP6-bot/robot_ws/install/robot_core/lib/robot_core/autonomy_node.py
[2.826s] -- Installing: /home/entity014/3GP6-bot/robot_ws/install/robot_core/lib/robot_core/webcam_ai.py
[2.826s] -- Installing: /home/entity014/3GP6-bot/robot_ws/install/robot_core/lib/robot_core/webcam_line.py
[2.826s] -- Installing: /home/entity014/3GP6-bot/robot_ws/install/robot_core/lib/robot_core/robot_core
[2.827s] -- Installing: /home/entity014/3GP6-bot/robot_ws/install/robot_core/lib/robot_core/robot_core/move.py
[2.827s] -- Installing: /home/entity014/3GP6-bot/robot_ws/install/robot_core/share/ament_index/resource_index/package_run_dependencies/robot_core
[2.827s] -- Installing: /home/entity014/3GP6-bot/robot_ws/install/robot_core/share/ament_index/resource_index/parent_prefix_path/robot_core
[2.827s] -- Installing: /home/entity014/3GP6-bot/robot_ws/install/robot_core/share/robot_core/environment/ament_prefix_path.sh
[2.827s] -- Installing: /home/entity014/3GP6-bot/robot_ws/install/robot_core/share/robot_core/environment/ament_prefix_path.dsv
[2.827s] -- Installing: /home/entity014/3GP6-bot/robot_ws/install/robot_core/share/robot_core/environment/path.sh
[2.827s] -- Installing: /home/entity014/3GP6-bot/robot_ws/install/robot_core/share/robot_core/environment/path.dsv
[2.827s] -- Installing: /home/entity014/3GP6-bot/robot_ws/install/robot_core/share/robot_core/local_setup.bash
[2.827s] -- Installing: /home/entity014/3GP6-bot/robot_ws/install/robot_core/share/robot_core/local_setup.sh
[2.827s] -- Installing: /home/entity014/3GP6-bot/robot_ws/install/robot_core/share/robot_core/local_setup.zsh
[2.827s] -- Installing: /home/entity014/3GP6-bot/robot_ws/install/robot_core/share/robot_core/local_setup.dsv
[2.827s] -- Installing: /home/entity014/3GP6-bot/robot_ws/install/robot_core/share/robot_core/package.dsv
[2.827s] -- Installing: /home/entity014/3GP6-bot/robot_ws/install/robot_core/share/ament_index/resource_index/packages/robot_core
[2.827s] -- Installing: /home/entity014/3GP6-bot/robot_ws/install/robot_core/share/robot_core/cmake/robot_coreConfig.cmake
[2.827s] -- Installing: /home/entity014/3GP6-bot/robot_ws/install/robot_core/share/robot_core/cmake/robot_coreConfig-version.cmake
[2.827s] -- Installing: /home/entity014/3GP6-bot/robot_ws/install/robot_core/share/robot_core/package.xml
[2.829s] Invoked command in '/home/entity014/3GP6-bot/robot_ws/build/robot_core' returned '0': CMAKE_PREFIX_PATH=${CMAKE_PREFIX_PATH}:/home/entity014/Ros-Major/project_ws/install/object_detect:/home/entity014/Ros-Major/650610841_final/install/lidar_650610841:/home/entity014/turtlebot3_ws/install/turtlebot3_teleop:/home/entity014/turtlebot3_ws/install/turtlebot3_example:/opt/ros/humble /usr/bin/cmake --install /home/entity014/3GP6-bot/robot_ws/build/robot_core
