[0.089s] Invoking command in '/home/robot_ws/build/robot_core': CMAKE_PREFIX_PATH=${CMAKE_PREFIX_PATH}:/opt/ros/humble /usr/bin/cmake --build /home/robot_ws/build/robot_core -- -j16 -l16
[0.245s] Built target ament_cmake_python_copy_src
[0.854s] running egg_info
[0.856s] writing src.egg-info/PKG-INFO
[0.857s] writing dependency_links to src.egg-info/dependency_links.txt
[0.857s] writing top-level names to src.egg-info/top_level.txt
[0.862s] reading manifest file 'src.egg-info/SOURCES.txt'
[0.863s] writing manifest file 'src.egg-info/SOURCES.txt'
[0.924s] Built target ament_cmake_python_build_src_egg
[0.954s] Invoked command in '/home/robot_ws/build/robot_core' returned '0': CMAKE_PREFIX_PATH=${CMAKE_PREFIX_PATH}:/opt/ros/humble /usr/bin/cmake --build /home/robot_ws/build/robot_core -- -j16 -l16
[0.958s] Invoking command in '/home/robot_ws/build/robot_core': CMAKE_PREFIX_PATH=${CMAKE_PREFIX_PATH}:/opt/ros/humble /usr/bin/cmake --install /home/robot_ws/build/robot_core
[0.973s] -- Install configuration: ""
[0.974s] -- Up-to-date: /home/robot_ws/install/robot_core/share/robot_core/environment/pythonpath.sh
[0.974s] -- Up-to-date: /home/robot_ws/install/robot_core/share/robot_core/environment/pythonpath.dsv
[0.974s] -- Up-to-date: /home/robot_ws/install/robot_core/local/lib/python3.10/dist-packages/src-0.0.0-py3.10.egg-info
[0.974s] -- Installing: /home/robot_ws/install/robot_core/local/lib/python3.10/dist-packages/src-0.0.0-py3.10.egg-info/SOURCES.txt
[0.975s] -- Installing: /home/robot_ws/install/robot_core/local/lib/python3.10/dist-packages/src-0.0.0-py3.10.egg-info/PKG-INFO
[0.975s] -- Installing: /home/robot_ws/install/robot_core/local/lib/python3.10/dist-packages/src-0.0.0-py3.10.egg-info/top_level.txt
[0.975s] -- Installing: /home/robot_ws/install/robot_core/local/lib/python3.10/dist-packages/src-0.0.0-py3.10.egg-info/dependency_links.txt
[0.975s] -- Up-to-date: /home/robot_ws/install/robot_core/local/lib/python3.10/dist-packages/src
[0.975s] -- Up-to-date: /home/robot_ws/install/robot_core/local/lib/python3.10/dist-packages/src/detection.py
[0.975s] -- Installing: /home/robot_ws/install/robot_core/local/lib/python3.10/dist-packages/src/autonomy_node.py
[0.975s] -- Up-to-date: /home/robot_ws/install/robot_core/local/lib/python3.10/dist-packages/src/__init__.py
[1.080s] Listing '/home/robot_ws/install/robot_core/local/lib/python3.10/dist-packages/src'...
[1.081s] Compiling '/home/robot_ws/install/robot_core/local/lib/python3.10/dist-packages/src/autonomy_node.py'...
[1.094s] -- Up-to-date: /home/robot_ws/install/robot_core/share/robot_core/src
[1.095s] -- Up-to-date: /home/robot_ws/install/robot_core/share/robot_core/src/detection.py
[1.095s] -- Installing: /home/robot_ws/install/robot_core/share/robot_core/src/autonomy_node.py
[1.095s] -- Up-to-date: /home/robot_ws/install/robot_core/share/robot_core/src/__init__.py
[1.096s] -- Up-to-date: /home/robot_ws/install/robot_core/share/robot_core/launch
[1.096s] -- Up-to-date: /home/robot_ws/install/robot_core/share/robot_core/config
[1.096s] -- Installing: /home/robot_ws/install/robot_core/lib/robot_core/autonomy_node.py
[1.096s] -- Up-to-date: /home/robot_ws/install/robot_core/lib/robot_core/robot_core
[1.096s] -- Installing: /home/robot_ws/install/robot_core/lib/robot_core/robot_core/move.py
[1.097s] -- Up-to-date: /home/robot_ws/install/robot_core/share/ament_index/resource_index/package_run_dependencies/robot_core
[1.097s] -- Up-to-date: /home/robot_ws/install/robot_core/share/ament_index/resource_index/parent_prefix_path/robot_core
[1.097s] -- Up-to-date: /home/robot_ws/install/robot_core/share/robot_core/environment/ament_prefix_path.sh
[1.097s] -- Up-to-date: /home/robot_ws/install/robot_core/share/robot_core/environment/ament_prefix_path.dsv
[1.097s] -- Up-to-date: /home/robot_ws/install/robot_core/share/robot_core/environment/path.sh
[1.098s] -- Up-to-date: /home/robot_ws/install/robot_core/share/robot_core/environment/path.dsv
[1.098s] -- Up-to-date: /home/robot_ws/install/robot_core/share/robot_core/local_setup.bash
[1.098s] -- Up-to-date: /home/robot_ws/install/robot_core/share/robot_core/local_setup.sh
[1.098s] -- Up-to-date: /home/robot_ws/install/robot_core/share/robot_core/local_setup.zsh
[1.098s] -- Up-to-date: /home/robot_ws/install/robot_core/share/robot_core/local_setup.dsv
[1.098s] -- Installing: /home/robot_ws/install/robot_core/share/robot_core/package.dsv
[1.099s] -- Up-to-date: /home/robot_ws/install/robot_core/share/ament_index/resource_index/packages/robot_core
[1.099s] -- Up-to-date: /home/robot_ws/install/robot_core/share/robot_core/cmake/robot_coreConfig.cmake
[1.099s] -- Up-to-date: /home/robot_ws/install/robot_core/share/robot_core/cmake/robot_coreConfig-version.cmake
[1.099s] -- Up-to-date: /home/robot_ws/install/robot_core/share/robot_core/package.xml
[1.150s] Invoked command in '/home/robot_ws/build/robot_core' returned '0': CMAKE_PREFIX_PATH=${CMAKE_PREFIX_PATH}:/opt/ros/humble /usr/bin/cmake --install /home/robot_ws/build/robot_core
