[0.127s] DEBUG:colcon:Command line arguments: ['/usr/bin/colcon', 'build']
[0.127s] DEBUG:colcon:Parsed command line arguments: Namespace(log_base=None, log_level=None, verb_name='build', build_base='build', install_base='install', merge_install=False, symlink_install=False, test_result_base=None, continue_on_error=False, executor='parallel', parallel_workers=16, event_handlers=None, ignore_user_meta=False, metas=['./colcon.meta'], base_paths=['.'], packages_ignore=None, packages_ignore_regex=None, paths=None, packages_up_to=None, packages_up_to_regex=None, packages_above=None, packages_above_and_dependencies=None, packages_above_depth=None, packages_select_by_dep=None, packages_skip_by_dep=None, packages_skip_up_to=None, packages_select_build_failed=False, packages_skip_build_finished=False, packages_select_test_failures=False, packages_skip_test_passed=False, packages_select=None, packages_skip=None, packages_select_regex=None, packages_skip_regex=None, packages_start=None, packages_end=None, allow_overriding=[], cmake_args=None, cmake_target=None, cmake_target_skip_unavailable=False, cmake_clean_cache=False, cmake_clean_first=False, cmake_force_configure=False, ament_cmake_args=None, catkin_cmake_args=None, catkin_skip_building_tests=False, mixin_files=None, mixin=None, verb_parser=<colcon_mixin.mixin.mixin_argument.MixinArgumentDecorator object at 0x7eac0a079870>, verb_extension=<colcon_core.verb.build.BuildVerb object at 0x7eac0a007070>, main=<bound method BuildVerb.main of <colcon_core.verb.build.BuildVerb object at 0x7eac0a007070>>, mixin_verb=('build',))
[0.324s] Level 1:colcon.colcon_core.package_discovery:discover_packages(colcon_meta) check parameters
[0.324s] Level 1:colcon.colcon_core.package_discovery:discover_packages(recursive) check parameters
[0.324s] Level 1:colcon.colcon_core.package_discovery:discover_packages(ignore) check parameters
[0.324s] Level 1:colcon.colcon_core.package_discovery:discover_packages(path) check parameters
[0.324s] Level 1:colcon.colcon_core.package_discovery:discover_packages(colcon_meta) discover
[0.324s] Level 1:colcon.colcon_core.package_discovery:discover_packages(recursive) discover
[0.324s] INFO:colcon.colcon_core.package_discovery:Crawling recursively for packages in '/home/entity014/3GP6-bot/robot_ws'
[0.324s] Level 1:colcon.colcon_core.package_identification:_identify(.) by extensions ['ignore', 'ignore_ament_install']
[0.325s] Level 1:colcon.colcon_core.package_identification:_identify(.) by extension 'ignore'
[0.325s] Level 1:colcon.colcon_core.package_identification:_identify(.) by extension 'ignore_ament_install'
[0.325s] Level 1:colcon.colcon_core.package_identification:_identify(.) by extensions ['colcon_pkg']
[0.325s] Level 1:colcon.colcon_core.package_identification:_identify(.) by extension 'colcon_pkg'
[0.325s] Level 1:colcon.colcon_core.package_identification:_identify(.) by extensions ['colcon_meta']
[0.325s] Level 1:colcon.colcon_core.package_identification:_identify(.) by extension 'colcon_meta'
[0.325s] Level 1:colcon.colcon_core.package_identification:_identify(.) by extensions ['ros']
[0.325s] Level 1:colcon.colcon_core.package_identification:_identify(.) by extension 'ros'
[0.348s] Level 1:colcon.colcon_core.package_identification:_identify(.) by extensions ['cmake', 'python']
[0.348s] Level 1:colcon.colcon_core.package_identification:_identify(.) by extension 'cmake'
[0.348s] Level 1:colcon.colcon_core.package_identification:_identify(.) by extension 'python'
[0.348s] Level 1:colcon.colcon_core.package_identification:_identify(.) by extensions ['python_setup_py']
[0.348s] Level 1:colcon.colcon_core.package_identification:_identify(.) by extension 'python_setup_py'
[0.348s] Level 1:colcon.colcon_core.package_identification:_identify(build) by extensions ['ignore', 'ignore_ament_install']
[0.349s] Level 1:colcon.colcon_core.package_identification:_identify(build) by extension 'ignore'
[0.349s] Level 1:colcon.colcon_core.package_identification:_identify(build) ignored
[0.349s] Level 1:colcon.colcon_core.package_identification:_identify(install) by extensions ['ignore', 'ignore_ament_install']
[0.349s] Level 1:colcon.colcon_core.package_identification:_identify(install) by extension 'ignore'
[0.349s] Level 1:colcon.colcon_core.package_identification:_identify(install) ignored
[0.350s] Level 1:colcon.colcon_core.package_identification:_identify(log) by extensions ['ignore', 'ignore_ament_install']
[0.350s] Level 1:colcon.colcon_core.package_identification:_identify(log) by extension 'ignore'
[0.350s] Level 1:colcon.colcon_core.package_identification:_identify(log) ignored
[0.350s] Level 1:colcon.colcon_core.package_identification:_identify(src) by extensions ['ignore', 'ignore_ament_install']
[0.350s] Level 1:colcon.colcon_core.package_identification:_identify(src) by extension 'ignore'
[0.350s] Level 1:colcon.colcon_core.package_identification:_identify(src) by extension 'ignore_ament_install'
[0.350s] Level 1:colcon.colcon_core.package_identification:_identify(src) by extensions ['colcon_pkg']
[0.350s] Level 1:colcon.colcon_core.package_identification:_identify(src) by extension 'colcon_pkg'
[0.350s] Level 1:colcon.colcon_core.package_identification:_identify(src) by extensions ['colcon_meta']
[0.350s] Level 1:colcon.colcon_core.package_identification:_identify(src) by extension 'colcon_meta'
[0.350s] Level 1:colcon.colcon_core.package_identification:_identify(src) by extensions ['ros']
[0.350s] Level 1:colcon.colcon_core.package_identification:_identify(src) by extension 'ros'
[0.350s] Level 1:colcon.colcon_core.package_identification:_identify(src) by extensions ['cmake', 'python']
[0.350s] Level 1:colcon.colcon_core.package_identification:_identify(src) by extension 'cmake'
[0.350s] Level 1:colcon.colcon_core.package_identification:_identify(src) by extension 'python'
[0.350s] Level 1:colcon.colcon_core.package_identification:_identify(src) by extensions ['python_setup_py']
[0.351s] Level 1:colcon.colcon_core.package_identification:_identify(src) by extension 'python_setup_py'
[0.351s] Level 1:colcon.colcon_core.package_identification:_identify(src/robot_core) by extensions ['ignore', 'ignore_ament_install']
[0.351s] Level 1:colcon.colcon_core.package_identification:_identify(src/robot_core) by extension 'ignore'
[0.351s] Level 1:colcon.colcon_core.package_identification:_identify(src/robot_core) by extension 'ignore_ament_install'
[0.351s] Level 1:colcon.colcon_core.package_identification:_identify(src/robot_core) by extensions ['colcon_pkg']
[0.351s] Level 1:colcon.colcon_core.package_identification:_identify(src/robot_core) by extension 'colcon_pkg'
[0.351s] Level 1:colcon.colcon_core.package_identification:_identify(src/robot_core) by extensions ['colcon_meta']
[0.351s] Level 1:colcon.colcon_core.package_identification:_identify(src/robot_core) by extension 'colcon_meta'
[0.351s] Level 1:colcon.colcon_core.package_identification:_identify(src/robot_core) by extensions ['ros']
[0.351s] Level 1:colcon.colcon_core.package_identification:_identify(src/robot_core) by extension 'ros'
[0.355s] DEBUG:colcon.colcon_core.package_identification:Package 'src/robot_core' with type 'ros.ament_cmake' and name 'robot_core'
[0.355s] Level 1:colcon.colcon_core.package_identification:_identify(src/robot_description) by extensions ['ignore', 'ignore_ament_install']
[0.355s] Level 1:colcon.colcon_core.package_identification:_identify(src/robot_description) by extension 'ignore'
[0.356s] Level 1:colcon.colcon_core.package_identification:_identify(src/robot_description) by extension 'ignore_ament_install'
[0.356s] Level 1:colcon.colcon_core.package_identification:_identify(src/robot_description) by extensions ['colcon_pkg']
[0.356s] Level 1:colcon.colcon_core.package_identification:_identify(src/robot_description) by extension 'colcon_pkg'
[0.356s] Level 1:colcon.colcon_core.package_identification:_identify(src/robot_description) by extensions ['colcon_meta']
[0.356s] Level 1:colcon.colcon_core.package_identification:_identify(src/robot_description) by extension 'colcon_meta'
[0.356s] Level 1:colcon.colcon_core.package_identification:_identify(src/robot_description) by extensions ['ros']
[0.356s] Level 1:colcon.colcon_core.package_identification:_identify(src/robot_description) by extension 'ros'
[0.357s] DEBUG:colcon.colcon_core.package_identification:Package 'src/robot_description' with type 'ros.ament_cmake' and name 'robot_description'
[0.357s] Level 1:colcon.colcon_core.package_identification:_identify(src/robot_interface) by extensions ['ignore', 'ignore_ament_install']
[0.357s] Level 1:colcon.colcon_core.package_identification:_identify(src/robot_interface) by extension 'ignore'
[0.357s] Level 1:colcon.colcon_core.package_identification:_identify(src/robot_interface) by extension 'ignore_ament_install'
[0.357s] Level 1:colcon.colcon_core.package_identification:_identify(src/robot_interface) by extensions ['colcon_pkg']
[0.357s] Level 1:colcon.colcon_core.package_identification:_identify(src/robot_interface) by extension 'colcon_pkg'
[0.357s] Level 1:colcon.colcon_core.package_identification:_identify(src/robot_interface) by extensions ['colcon_meta']
[0.357s] Level 1:colcon.colcon_core.package_identification:_identify(src/robot_interface) by extension 'colcon_meta'
[0.357s] Level 1:colcon.colcon_core.package_identification:_identify(src/robot_interface) by extensions ['ros']
[0.357s] Level 1:colcon.colcon_core.package_identification:_identify(src/robot_interface) by extension 'ros'
[0.358s] DEBUG:colcon.colcon_core.package_identification:Package 'src/robot_interface' with type 'ros.ament_cmake' and name 'robot_interface'
[0.358s] Level 1:colcon.colcon_core.package_discovery:discover_packages(recursive) using defaults
[0.358s] Level 1:colcon.colcon_core.package_discovery:discover_packages(ignore) discover
[0.358s] Level 1:colcon.colcon_core.package_discovery:discover_packages(ignore) using defaults
[0.359s] Level 1:colcon.colcon_core.package_discovery:discover_packages(path) discover
[0.359s] Level 1:colcon.colcon_core.package_discovery:discover_packages(path) using defaults
[0.397s] Level 1:colcon.colcon_core.package_discovery:discover_packages(prefix_path) check parameters
[0.398s] Level 1:colcon.colcon_core.package_discovery:discover_packages(prefix_path) discover
[0.402s] DEBUG:colcon.colcon_installed_package_information.package_discovery:Found 3 installed packages in /home/entity014/3GP6-bot/robot_ws/install
[0.403s] DEBUG:colcon.colcon_installed_package_information.package_discovery:Found 1 installed packages in /home/entity014/Ros-Major/project_ws/install
[0.403s] DEBUG:colcon.colcon_installed_package_information.package_discovery:Found 3 installed packages in /home/entity014/Ros-Major/650610841_final/install
[0.404s] DEBUG:colcon.colcon_installed_package_information.package_discovery:Found 15 installed packages in /home/entity014/turtlebot3_ws/install
[0.405s] DEBUG:colcon.colcon_installed_package_information.package_discovery:Found 3 installed packages in /home/entity014/microros_ws/install
[0.408s] DEBUG:colcon.colcon_installed_package_information.package_discovery:Found 377 installed packages in /opt/ros/humble
[0.412s] Level 1:colcon.colcon_core.package_discovery:discover_packages(prefix_path) using defaults
[0.486s] Level 5:colcon.colcon_core.verb:set package 'robot_core' build argument 'cmake_args' from command line to 'None'
[0.487s] Level 5:colcon.colcon_core.verb:set package 'robot_core' build argument 'cmake_target' from command line to 'None'
[0.487s] Level 5:colcon.colcon_core.verb:set package 'robot_core' build argument 'cmake_target_skip_unavailable' from command line to 'False'
[0.487s] Level 5:colcon.colcon_core.verb:set package 'robot_core' build argument 'cmake_clean_cache' from command line to 'False'
[0.487s] Level 5:colcon.colcon_core.verb:set package 'robot_core' build argument 'cmake_clean_first' from command line to 'False'
[0.487s] Level 5:colcon.colcon_core.verb:set package 'robot_core' build argument 'cmake_force_configure' from command line to 'False'
[0.487s] Level 5:colcon.colcon_core.verb:set package 'robot_core' build argument 'ament_cmake_args' from command line to 'None'
[0.487s] Level 5:colcon.colcon_core.verb:set package 'robot_core' build argument 'catkin_cmake_args' from command line to 'None'
[0.487s] Level 5:colcon.colcon_core.verb:set package 'robot_core' build argument 'catkin_skip_building_tests' from command line to 'False'
[0.487s] DEBUG:colcon.colcon_core.verb:Building package 'robot_core' with the following arguments: {'ament_cmake_args': None, 'build_base': '/home/entity014/3GP6-bot/robot_ws/build/robot_core', 'catkin_cmake_args': None, 'catkin_skip_building_tests': False, 'cmake_args': None, 'cmake_clean_cache': False, 'cmake_clean_first': False, 'cmake_force_configure': False, 'cmake_target': None, 'cmake_target_skip_unavailable': False, 'install_base': '/home/entity014/3GP6-bot/robot_ws/install/robot_core', 'merge_install': False, 'path': '/home/entity014/3GP6-bot/robot_ws/src/robot_core', 'symlink_install': False, 'test_result_base': None}
[0.488s] Level 5:colcon.colcon_core.verb:set package 'robot_description' build argument 'cmake_args' from command line to 'None'
[0.488s] Level 5:colcon.colcon_core.verb:set package 'robot_description' build argument 'cmake_target' from command line to 'None'
[0.488s] Level 5:colcon.colcon_core.verb:set package 'robot_description' build argument 'cmake_target_skip_unavailable' from command line to 'False'
[0.488s] Level 5:colcon.colcon_core.verb:set package 'robot_description' build argument 'cmake_clean_cache' from command line to 'False'
[0.488s] Level 5:colcon.colcon_core.verb:set package 'robot_description' build argument 'cmake_clean_first' from command line to 'False'
[0.488s] Level 5:colcon.colcon_core.verb:set package 'robot_description' build argument 'cmake_force_configure' from command line to 'False'
[0.488s] Level 5:colcon.colcon_core.verb:set package 'robot_description' build argument 'ament_cmake_args' from command line to 'None'
[0.488s] Level 5:colcon.colcon_core.verb:set package 'robot_description' build argument 'catkin_cmake_args' from command line to 'None'
[0.488s] Level 5:colcon.colcon_core.verb:set package 'robot_description' build argument 'catkin_skip_building_tests' from command line to 'False'
[0.488s] DEBUG:colcon.colcon_core.verb:Building package 'robot_description' with the following arguments: {'ament_cmake_args': None, 'build_base': '/home/entity014/3GP6-bot/robot_ws/build/robot_description', 'catkin_cmake_args': None, 'catkin_skip_building_tests': False, 'cmake_args': None, 'cmake_clean_cache': False, 'cmake_clean_first': False, 'cmake_force_configure': False, 'cmake_target': None, 'cmake_target_skip_unavailable': False, 'install_base': '/home/entity014/3GP6-bot/robot_ws/install/robot_description', 'merge_install': False, 'path': '/home/entity014/3GP6-bot/robot_ws/src/robot_description', 'symlink_install': False, 'test_result_base': None}
[0.488s] Level 5:colcon.colcon_core.verb:set package 'robot_interface' build argument 'cmake_args' from command line to 'None'
[0.489s] Level 5:colcon.colcon_core.verb:set package 'robot_interface' build argument 'cmake_target' from command line to 'None'
[0.489s] Level 5:colcon.colcon_core.verb:set package 'robot_interface' build argument 'cmake_target_skip_unavailable' from command line to 'False'
[0.489s] Level 5:colcon.colcon_core.verb:set package 'robot_interface' build argument 'cmake_clean_cache' from command line to 'False'
[0.489s] Level 5:colcon.colcon_core.verb:set package 'robot_interface' build argument 'cmake_clean_first' from command line to 'False'
[0.489s] Level 5:colcon.colcon_core.verb:set package 'robot_interface' build argument 'cmake_force_configure' from command line to 'False'
[0.489s] Level 5:colcon.colcon_core.verb:set package 'robot_interface' build argument 'ament_cmake_args' from command line to 'None'
[0.489s] Level 5:colcon.colcon_core.verb:set package 'robot_interface' build argument 'catkin_cmake_args' from command line to 'None'
[0.489s] Level 5:colcon.colcon_core.verb:set package 'robot_interface' build argument 'catkin_skip_building_tests' from command line to 'False'
[0.489s] DEBUG:colcon.colcon_core.verb:Building package 'robot_interface' with the following arguments: {'ament_cmake_args': None, 'build_base': '/home/entity014/3GP6-bot/robot_ws/build/robot_interface', 'catkin_cmake_args': None, 'catkin_skip_building_tests': False, 'cmake_args': None, 'cmake_clean_cache': False, 'cmake_clean_first': False, 'cmake_force_configure': False, 'cmake_target': None, 'cmake_target_skip_unavailable': False, 'install_base': '/home/entity014/3GP6-bot/robot_ws/install/robot_interface', 'merge_install': False, 'path': '/home/entity014/3GP6-bot/robot_ws/src/robot_interface', 'symlink_install': False, 'test_result_base': None}
[0.489s] INFO:colcon.colcon_core.executor:Executing jobs using 'parallel' executor
[0.491s] DEBUG:colcon.colcon_parallel_executor.executor.parallel:run_until_complete
[0.491s] INFO:colcon.colcon_ros.task.ament_cmake.build:Building ROS package in '/home/entity014/3GP6-bot/robot_ws/src/robot_core' with build type 'ament_cmake'
[0.491s] INFO:colcon.colcon_cmake.task.cmake.build:Building CMake package in '/home/entity014/3GP6-bot/robot_ws/src/robot_core'
[0.495s] INFO:colcon.colcon_core.plugin_system:Skipping extension 'colcon_core.shell.bat': Not used on non-Windows systems
[0.495s] INFO:colcon.colcon_core.shell:Skip shell extension 'powershell' for command environment: Not usable outside of PowerShell
[0.495s] DEBUG:colcon.colcon_core.shell:Skip shell extension 'dsv' for command environment
[0.505s] INFO:colcon.colcon_ros.task.ament_cmake.build:Building ROS package in '/home/entity014/3GP6-bot/robot_ws/src/robot_description' with build type 'ament_cmake'
[0.505s] INFO:colcon.colcon_cmake.task.cmake.build:Building CMake package in '/home/entity014/3GP6-bot/robot_ws/src/robot_description'
[0.506s] INFO:colcon.colcon_core.shell:Skip shell extension 'powershell' for command environment: Not usable outside of PowerShell
[0.506s] DEBUG:colcon.colcon_core.shell:Skip shell extension 'dsv' for command environment
[0.516s] INFO:colcon.colcon_ros.task.ament_cmake.build:Building ROS package in '/home/entity014/3GP6-bot/robot_ws/src/robot_interface' with build type 'ament_cmake'
[0.516s] INFO:colcon.colcon_cmake.task.cmake.build:Building CMake package in '/home/entity014/3GP6-bot/robot_ws/src/robot_interface'
[0.516s] INFO:colcon.colcon_core.shell:Skip shell extension 'powershell' for command environment: Not usable outside of PowerShell
[0.516s] DEBUG:colcon.colcon_core.shell:Skip shell extension 'dsv' for command environment
[0.537s] DEBUG:colcon.colcon_core.event_handler.log_command:Invoking command in '/home/entity014/3GP6-bot/robot_ws/build/robot_core': CMAKE_PREFIX_PATH=${CMAKE_PREFIX_PATH}:/home/entity014/Ros-Major/project_ws/install/object_detect:/home/entity014/Ros-Major/650610841_final/install/lidar_650610841:/home/entity014/turtlebot3_ws/install/turtlebot3_teleop:/home/entity014/turtlebot3_ws/install/turtlebot3_example:/opt/ros/humble /usr/bin/cmake --build /home/entity014/3GP6-bot/robot_ws/build/robot_core -- -j16 -l16
[0.546s] DEBUG:colcon.colcon_core.event_handler.log_command:Invoking command in '/home/entity014/3GP6-bot/robot_ws/build/robot_description': CMAKE_PREFIX_PATH=${CMAKE_PREFIX_PATH}:/home/entity014/Ros-Major/project_ws/install/object_detect:/home/entity014/Ros-Major/650610841_final/install/lidar_650610841:/home/entity014/turtlebot3_ws/install/turtlebot3_teleop:/home/entity014/turtlebot3_ws/install/turtlebot3_example:/opt/ros/humble /usr/bin/cmake --build /home/entity014/3GP6-bot/robot_ws/build/robot_description -- -j16 -l16
[0.553s] DEBUG:colcon.colcon_core.event_handler.log_command:Invoking command in '/home/entity014/3GP6-bot/robot_ws/build/robot_interface': CMAKE_PREFIX_PATH=${CMAKE_PREFIX_PATH}:/home/entity014/Ros-Major/project_ws/install/object_detect:/home/entity014/Ros-Major/650610841_final/install/lidar_650610841:/home/entity014/turtlebot3_ws/install/turtlebot3_teleop:/home/entity014/turtlebot3_ws/install/turtlebot3_example:/opt/ros/humble /usr/bin/cmake --build /home/entity014/3GP6-bot/robot_ws/build/robot_interface -- -j16 -l16
[0.593s] DEBUG:colcon.colcon_core.event_handler.log_command:Invoked command in '/home/entity014/3GP6-bot/robot_ws/build/robot_interface' returned '0': CMAKE_PREFIX_PATH=${CMAKE_PREFIX_PATH}:/home/entity014/Ros-Major/project_ws/install/object_detect:/home/entity014/Ros-Major/650610841_final/install/lidar_650610841:/home/entity014/turtlebot3_ws/install/turtlebot3_teleop:/home/entity014/turtlebot3_ws/install/turtlebot3_example:/opt/ros/humble /usr/bin/cmake --build /home/entity014/3GP6-bot/robot_ws/build/robot_interface -- -j16 -l16
[0.606s] DEBUG:colcon.colcon_core.event_handler.log_command:Invoking command in '/home/entity014/3GP6-bot/robot_ws/build/robot_interface': CMAKE_PREFIX_PATH=${CMAKE_PREFIX_PATH}:/home/entity014/Ros-Major/project_ws/install/object_detect:/home/entity014/Ros-Major/650610841_final/install/lidar_650610841:/home/entity014/turtlebot3_ws/install/turtlebot3_teleop:/home/entity014/turtlebot3_ws/install/turtlebot3_example:/opt/ros/humble /usr/bin/cmake --install /home/entity014/3GP6-bot/robot_ws/build/robot_interface
[0.617s] Level 1:colcon.colcon_core.environment:create_environment_scripts_only(robot_interface)
[0.622s] DEBUG:colcon.colcon_core.event_handler.log_command:Invoked command in '/home/entity014/3GP6-bot/robot_ws/build/robot_interface' returned '0': CMAKE_PREFIX_PATH=${CMAKE_PREFIX_PATH}:/home/entity014/Ros-Major/project_ws/install/object_detect:/home/entity014/Ros-Major/650610841_final/install/lidar_650610841:/home/entity014/turtlebot3_ws/install/turtlebot3_teleop:/home/entity014/turtlebot3_ws/install/turtlebot3_example:/opt/ros/humble /usr/bin/cmake --install /home/entity014/3GP6-bot/robot_ws/build/robot_interface
[0.626s] Level 1:colcon.colcon_core.environment:checking '/home/entity014/3GP6-bot/robot_ws/install/robot_interface' for CMake module files
[0.628s] Level 1:colcon.colcon_core.environment:checking '/home/entity014/3GP6-bot/robot_ws/install/robot_interface' for CMake config files
[0.628s] Level 1:colcon.colcon_core.shell:create_environment_hook('robot_interface', 'cmake_prefix_path')
[0.629s] INFO:colcon.colcon_core.shell:Creating environment hook '/home/entity014/3GP6-bot/robot_ws/install/robot_interface/share/robot_interface/hook/cmake_prefix_path.ps1'
[0.631s] INFO:colcon.colcon_core.shell:Creating environment descriptor '/home/entity014/3GP6-bot/robot_ws/install/robot_interface/share/robot_interface/hook/cmake_prefix_path.dsv'
[0.632s] INFO:colcon.colcon_core.shell:Creating environment hook '/home/entity014/3GP6-bot/robot_ws/install/robot_interface/share/robot_interface/hook/cmake_prefix_path.sh'
[0.635s] Level 1:colcon.colcon_core.environment:checking '/home/entity014/3GP6-bot/robot_ws/install/robot_interface/bin'
[0.636s] Level 1:colcon.colcon_core.environment:checking '/home/entity014/3GP6-bot/robot_ws/install/robot_interface/lib/pkgconfig/robot_interface.pc'
[0.637s] Level 1:colcon.colcon_core.environment:checking '/home/entity014/3GP6-bot/robot_ws/install/robot_interface/lib/python3.10/site-packages'
[0.637s] Level 1:colcon.colcon_core.environment:checking '/home/entity014/3GP6-bot/robot_ws/install/robot_interface/bin'
[0.638s] INFO:colcon.colcon_core.shell:Creating package script '/home/entity014/3GP6-bot/robot_ws/install/robot_interface/share/robot_interface/package.ps1'
[0.641s] INFO:colcon.colcon_core.shell:Creating package descriptor '/home/entity014/3GP6-bot/robot_ws/install/robot_interface/share/robot_interface/package.dsv'
[0.642s] INFO:colcon.colcon_core.shell:Creating package script '/home/entity014/3GP6-bot/robot_ws/install/robot_interface/share/robot_interface/package.sh'
[0.644s] INFO:colcon.colcon_core.shell:Creating package script '/home/entity014/3GP6-bot/robot_ws/install/robot_interface/share/robot_interface/package.bash'
[0.646s] INFO:colcon.colcon_core.shell:Creating package script '/home/entity014/3GP6-bot/robot_ws/install/robot_interface/share/robot_interface/package.zsh'
[0.647s] Level 1:colcon.colcon_core.environment:create_file_with_runtime_dependencies(/home/entity014/3GP6-bot/robot_ws/install/robot_interface/share/colcon-core/packages/robot_interface)
[0.649s] Level 1:colcon.colcon_core.environment:create_environment_scripts_only(robot_interface)
[0.649s] Level 1:colcon.colcon_core.environment:checking '/home/entity014/3GP6-bot/robot_ws/install/robot_interface' for CMake module files
[0.651s] Level 1:colcon.colcon_core.environment:checking '/home/entity014/3GP6-bot/robot_ws/install/robot_interface' for CMake config files
[0.651s] Level 1:colcon.colcon_core.shell:create_environment_hook('robot_interface', 'cmake_prefix_path')
[0.652s] INFO:colcon.colcon_core.shell:Creating environment hook '/home/entity014/3GP6-bot/robot_ws/install/robot_interface/share/robot_interface/hook/cmake_prefix_path.ps1'
[0.654s] INFO:colcon.colcon_core.shell:Creating environment descriptor '/home/entity014/3GP6-bot/robot_ws/install/robot_interface/share/robot_interface/hook/cmake_prefix_path.dsv'
[0.655s] INFO:colcon.colcon_core.shell:Creating environment hook '/home/entity014/3GP6-bot/robot_ws/install/robot_interface/share/robot_interface/hook/cmake_prefix_path.sh'
[0.657s] Level 1:colcon.colcon_core.environment:checking '/home/entity014/3GP6-bot/robot_ws/install/robot_interface/bin'
[0.657s] Level 1:colcon.colcon_core.environment:checking '/home/entity014/3GP6-bot/robot_ws/install/robot_interface/lib/pkgconfig/robot_interface.pc'
[0.657s] Level 1:colcon.colcon_core.environment:checking '/home/entity014/3GP6-bot/robot_ws/install/robot_interface/lib/python3.10/site-packages'
[0.658s] Level 1:colcon.colcon_core.environment:checking '/home/entity014/3GP6-bot/robot_ws/install/robot_interface/bin'
[0.659s] INFO:colcon.colcon_core.shell:Creating package script '/home/entity014/3GP6-bot/robot_ws/install/robot_interface/share/robot_interface/package.ps1'
[0.660s] INFO:colcon.colcon_core.shell:Creating package descriptor '/home/entity014/3GP6-bot/robot_ws/install/robot_interface/share/robot_interface/package.dsv'
[0.661s] INFO:colcon.colcon_core.shell:Creating package script '/home/entity014/3GP6-bot/robot_ws/install/robot_interface/share/robot_interface/package.sh'
[0.663s] INFO:colcon.colcon_core.shell:Creating package script '/home/entity014/3GP6-bot/robot_ws/install/robot_interface/share/robot_interface/package.bash'
[0.664s] INFO:colcon.colcon_core.shell:Creating package script '/home/entity014/3GP6-bot/robot_ws/install/robot_interface/share/robot_interface/package.zsh'
[0.665s] Level 1:colcon.colcon_core.environment:create_file_with_runtime_dependencies(/home/entity014/3GP6-bot/robot_ws/install/robot_interface/share/colcon-core/packages/robot_interface)
[1.221s] DEBUG:colcon.colcon_core.event_handler.log_command:Invoked command in '/home/entity014/3GP6-bot/robot_ws/build/robot_description' returned '0': CMAKE_PREFIX_PATH=${CMAKE_PREFIX_PATH}:/home/entity014/Ros-Major/project_ws/install/object_detect:/home/entity014/Ros-Major/650610841_final/install/lidar_650610841:/home/entity014/turtlebot3_ws/install/turtlebot3_teleop:/home/entity014/turtlebot3_ws/install/turtlebot3_example:/opt/ros/humble /usr/bin/cmake --build /home/entity014/3GP6-bot/robot_ws/build/robot_description -- -j16 -l16
[1.224s] DEBUG:colcon.colcon_core.event_handler.log_command:Invoking command in '/home/entity014/3GP6-bot/robot_ws/build/robot_description': CMAKE_PREFIX_PATH=${CMAKE_PREFIX_PATH}:/home/entity014/Ros-Major/project_ws/install/object_detect:/home/entity014/Ros-Major/650610841_final/install/lidar_650610841:/home/entity014/turtlebot3_ws/install/turtlebot3_teleop:/home/entity014/turtlebot3_ws/install/turtlebot3_example:/opt/ros/humble /usr/bin/cmake --install /home/entity014/3GP6-bot/robot_ws/build/robot_description
[1.230s] DEBUG:colcon.colcon_core.event_handler.log_command:Invoked command in '/home/entity014/3GP6-bot/robot_ws/build/robot_core' returned '0': CMAKE_PREFIX_PATH=${CMAKE_PREFIX_PATH}:/home/entity014/Ros-Major/project_ws/install/object_detect:/home/entity014/Ros-Major/650610841_final/install/lidar_650610841:/home/entity014/turtlebot3_ws/install/turtlebot3_teleop:/home/entity014/turtlebot3_ws/install/turtlebot3_example:/opt/ros/humble /usr/bin/cmake --build /home/entity014/3GP6-bot/robot_ws/build/robot_core -- -j16 -l16
[1.236s] DEBUG:colcon.colcon_core.event_handler.log_command:Invoking command in '/home/entity014/3GP6-bot/robot_ws/build/robot_core': CMAKE_PREFIX_PATH=${CMAKE_PREFIX_PATH}:/home/entity014/Ros-Major/project_ws/install/object_detect:/home/entity014/Ros-Major/650610841_final/install/lidar_650610841:/home/entity014/turtlebot3_ws/install/turtlebot3_teleop:/home/entity014/turtlebot3_ws/install/turtlebot3_example:/opt/ros/humble /usr/bin/cmake --install /home/entity014/3GP6-bot/robot_ws/build/robot_core
[1.316s] Level 1:colcon.colcon_core.environment:create_environment_scripts_only(robot_description)
[1.318s] Level 1:colcon.colcon_core.environment:checking '/home/entity014/3GP6-bot/robot_ws/install/robot_description' for CMake module files
[1.321s] DEBUG:colcon.colcon_core.event_handler.log_command:Invoked command in '/home/entity014/3GP6-bot/robot_ws/build/robot_description' returned '0': CMAKE_PREFIX_PATH=${CMAKE_PREFIX_PATH}:/home/entity014/Ros-Major/project_ws/install/object_detect:/home/entity014/Ros-Major/650610841_final/install/lidar_650610841:/home/entity014/turtlebot3_ws/install/turtlebot3_teleop:/home/entity014/turtlebot3_ws/install/turtlebot3_example:/opt/ros/humble /usr/bin/cmake --install /home/entity014/3GP6-bot/robot_ws/build/robot_description
[1.321s] Level 1:colcon.colcon_core.environment:checking '/home/entity014/3GP6-bot/robot_ws/install/robot_description' for CMake config files
[1.324s] Level 1:colcon.colcon_core.shell:create_environment_hook('robot_description', 'cmake_prefix_path')
[1.325s] INFO:colcon.colcon_core.shell:Creating environment hook '/home/entity014/3GP6-bot/robot_ws/install/robot_description/share/robot_description/hook/cmake_prefix_path.ps1'
[1.327s] INFO:colcon.colcon_core.shell:Creating environment descriptor '/home/entity014/3GP6-bot/robot_ws/install/robot_description/share/robot_description/hook/cmake_prefix_path.dsv'
[1.328s] INFO:colcon.colcon_core.shell:Creating environment hook '/home/entity014/3GP6-bot/robot_ws/install/robot_description/share/robot_description/hook/cmake_prefix_path.sh'
[1.330s] Level 1:colcon.colcon_core.environment:checking '/home/entity014/3GP6-bot/robot_ws/install/robot_description/bin'
[1.330s] Level 1:colcon.colcon_core.environment:checking '/home/entity014/3GP6-bot/robot_ws/install/robot_description/lib/pkgconfig/robot_description.pc'
[1.331s] Level 1:colcon.colcon_core.environment:checking '/home/entity014/3GP6-bot/robot_ws/install/robot_description/lib/python3.10/site-packages'
[1.331s] Level 1:colcon.colcon_core.environment:checking '/home/entity014/3GP6-bot/robot_ws/install/robot_description/bin'
[1.332s] INFO:colcon.colcon_core.shell:Creating package script '/home/entity014/3GP6-bot/robot_ws/install/robot_description/share/robot_description/package.ps1'
[1.333s] INFO:colcon.colcon_core.shell:Creating package descriptor '/home/entity014/3GP6-bot/robot_ws/install/robot_description/share/robot_description/package.dsv'
[1.333s] INFO:colcon.colcon_core.shell:Creating package script '/home/entity014/3GP6-bot/robot_ws/install/robot_description/share/robot_description/package.sh'
[1.334s] INFO:colcon.colcon_core.shell:Creating package script '/home/entity014/3GP6-bot/robot_ws/install/robot_description/share/robot_description/package.bash'
[1.335s] INFO:colcon.colcon_core.shell:Creating package script '/home/entity014/3GP6-bot/robot_ws/install/robot_description/share/robot_description/package.zsh'
[1.335s] Level 1:colcon.colcon_core.environment:create_file_with_runtime_dependencies(/home/entity014/3GP6-bot/robot_ws/install/robot_description/share/colcon-core/packages/robot_description)
[1.336s] Level 1:colcon.colcon_core.environment:create_environment_scripts_only(robot_description)
[1.336s] Level 1:colcon.colcon_core.environment:checking '/home/entity014/3GP6-bot/robot_ws/install/robot_description' for CMake module files
[1.337s] Level 1:colcon.colcon_core.environment:checking '/home/entity014/3GP6-bot/robot_ws/install/robot_description' for CMake config files
[1.337s] Level 1:colcon.colcon_core.shell:create_environment_hook('robot_description', 'cmake_prefix_path')
[1.337s] INFO:colcon.colcon_core.shell:Creating environment hook '/home/entity014/3GP6-bot/robot_ws/install/robot_description/share/robot_description/hook/cmake_prefix_path.ps1'
[1.338s] INFO:colcon.colcon_core.shell:Creating environment descriptor '/home/entity014/3GP6-bot/robot_ws/install/robot_description/share/robot_description/hook/cmake_prefix_path.dsv'
[1.338s] INFO:colcon.colcon_core.shell:Creating environment hook '/home/entity014/3GP6-bot/robot_ws/install/robot_description/share/robot_description/hook/cmake_prefix_path.sh'
[1.339s] Level 1:colcon.colcon_core.environment:checking '/home/entity014/3GP6-bot/robot_ws/install/robot_description/bin'
[1.339s] Level 1:colcon.colcon_core.environment:checking '/home/entity014/3GP6-bot/robot_ws/install/robot_description/lib/pkgconfig/robot_description.pc'
[1.340s] Level 1:colcon.colcon_core.environment:checking '/home/entity014/3GP6-bot/robot_ws/install/robot_description/lib/python3.10/site-packages'
[1.340s] Level 1:colcon.colcon_core.environment:checking '/home/entity014/3GP6-bot/robot_ws/install/robot_description/bin'
[1.341s] INFO:colcon.colcon_core.shell:Creating package script '/home/entity014/3GP6-bot/robot_ws/install/robot_description/share/robot_description/package.ps1'
[1.341s] INFO:colcon.colcon_core.shell:Creating package descriptor '/home/entity014/3GP6-bot/robot_ws/install/robot_description/share/robot_description/package.dsv'
[1.342s] INFO:colcon.colcon_core.shell:Creating package script '/home/entity014/3GP6-bot/robot_ws/install/robot_description/share/robot_description/package.sh'
[1.343s] INFO:colcon.colcon_core.shell:Creating package script '/home/entity014/3GP6-bot/robot_ws/install/robot_description/share/robot_description/package.bash'
[1.343s] INFO:colcon.colcon_core.shell:Creating package script '/home/entity014/3GP6-bot/robot_ws/install/robot_description/share/robot_description/package.zsh'
[1.344s] Level 1:colcon.colcon_core.environment:create_file_with_runtime_dependencies(/home/entity014/3GP6-bot/robot_ws/install/robot_description/share/colcon-core/packages/robot_description)
[1.346s] Level 1:colcon.colcon_core.environment:create_environment_scripts_only(robot_core)
[1.346s] Level 1:colcon.colcon_core.environment:checking '/home/entity014/3GP6-bot/robot_ws/install/robot_core' for CMake module files
[1.347s] DEBUG:colcon.colcon_core.event_handler.log_command:Invoked command in '/home/entity014/3GP6-bot/robot_ws/build/robot_core' returned '0': CMAKE_PREFIX_PATH=${CMAKE_PREFIX_PATH}:/home/entity014/Ros-Major/project_ws/install/object_detect:/home/entity014/Ros-Major/650610841_final/install/lidar_650610841:/home/entity014/turtlebot3_ws/install/turtlebot3_teleop:/home/entity014/turtlebot3_ws/install/turtlebot3_example:/opt/ros/humble /usr/bin/cmake --install /home/entity014/3GP6-bot/robot_ws/build/robot_core
[1.348s] Level 1:colcon.colcon_core.environment:checking '/home/entity014/3GP6-bot/robot_ws/install/robot_core' for CMake config files
[1.348s] Level 1:colcon.colcon_core.shell:create_environment_hook('robot_core', 'cmake_prefix_path')
[1.349s] INFO:colcon.colcon_core.shell:Creating environment hook '/home/entity014/3GP6-bot/robot_ws/install/robot_core/share/robot_core/hook/cmake_prefix_path.ps1'
[1.350s] INFO:colcon.colcon_core.shell:Creating environment descriptor '/home/entity014/3GP6-bot/robot_ws/install/robot_core/share/robot_core/hook/cmake_prefix_path.dsv'
[1.351s] INFO:colcon.colcon_core.shell:Creating environment hook '/home/entity014/3GP6-bot/robot_ws/install/robot_core/share/robot_core/hook/cmake_prefix_path.sh'
[1.352s] Level 1:colcon.colcon_core.environment:checking '/home/entity014/3GP6-bot/robot_ws/install/robot_core/lib'
[1.352s] Level 1:colcon.colcon_core.environment:checking '/home/entity014/3GP6-bot/robot_ws/install/robot_core/bin'
[1.352s] Level 1:colcon.colcon_core.environment:checking '/home/entity014/3GP6-bot/robot_ws/install/robot_core/lib/pkgconfig/robot_core.pc'
[1.353s] Level 1:colcon.colcon_core.environment:checking '/home/entity014/3GP6-bot/robot_ws/install/robot_core/lib/python3.10/site-packages'
[1.353s] Level 1:colcon.colcon_core.environment:checking '/home/entity014/3GP6-bot/robot_ws/install/robot_core/bin'
[1.354s] INFO:colcon.colcon_core.shell:Creating package script '/home/entity014/3GP6-bot/robot_ws/install/robot_core/share/robot_core/package.ps1'
[1.355s] INFO:colcon.colcon_core.shell:Creating package descriptor '/home/entity014/3GP6-bot/robot_ws/install/robot_core/share/robot_core/package.dsv'
[1.356s] INFO:colcon.colcon_core.shell:Creating package script '/home/entity014/3GP6-bot/robot_ws/install/robot_core/share/robot_core/package.sh'
[1.357s] INFO:colcon.colcon_core.shell:Creating package script '/home/entity014/3GP6-bot/robot_ws/install/robot_core/share/robot_core/package.bash'
[1.358s] INFO:colcon.colcon_core.shell:Creating package script '/home/entity014/3GP6-bot/robot_ws/install/robot_core/share/robot_core/package.zsh'
[1.359s] Level 1:colcon.colcon_core.environment:create_file_with_runtime_dependencies(/home/entity014/3GP6-bot/robot_ws/install/robot_core/share/colcon-core/packages/robot_core)
[1.360s] Level 1:colcon.colcon_core.environment:create_environment_scripts_only(robot_core)
[1.360s] Level 1:colcon.colcon_core.environment:checking '/home/entity014/3GP6-bot/robot_ws/install/robot_core' for CMake module files
[1.362s] Level 1:colcon.colcon_core.environment:checking '/home/entity014/3GP6-bot/robot_ws/install/robot_core' for CMake config files
[1.362s] Level 1:colcon.colcon_core.shell:create_environment_hook('robot_core', 'cmake_prefix_path')
[1.362s] INFO:colcon.colcon_core.shell:Creating environment hook '/home/entity014/3GP6-bot/robot_ws/install/robot_core/share/robot_core/hook/cmake_prefix_path.ps1'
[1.363s] INFO:colcon.colcon_core.shell:Creating environment descriptor '/home/entity014/3GP6-bot/robot_ws/install/robot_core/share/robot_core/hook/cmake_prefix_path.dsv'
[1.364s] INFO:colcon.colcon_core.shell:Creating environment hook '/home/entity014/3GP6-bot/robot_ws/install/robot_core/share/robot_core/hook/cmake_prefix_path.sh'
[1.365s] Level 1:colcon.colcon_core.environment:checking '/home/entity014/3GP6-bot/robot_ws/install/robot_core/lib'
[1.366s] Level 1:colcon.colcon_core.environment:checking '/home/entity014/3GP6-bot/robot_ws/install/robot_core/bin'
[1.366s] Level 1:colcon.colcon_core.environment:checking '/home/entity014/3GP6-bot/robot_ws/install/robot_core/lib/pkgconfig/robot_core.pc'
[1.366s] Level 1:colcon.colcon_core.environment:checking '/home/entity014/3GP6-bot/robot_ws/install/robot_core/lib/python3.10/site-packages'
[1.367s] Level 1:colcon.colcon_core.environment:checking '/home/entity014/3GP6-bot/robot_ws/install/robot_core/bin'
[1.367s] INFO:colcon.colcon_core.shell:Creating package script '/home/entity014/3GP6-bot/robot_ws/install/robot_core/share/robot_core/package.ps1'
[1.369s] INFO:colcon.colcon_core.shell:Creating package descriptor '/home/entity014/3GP6-bot/robot_ws/install/robot_core/share/robot_core/package.dsv'
[1.370s] INFO:colcon.colcon_core.shell:Creating package script '/home/entity014/3GP6-bot/robot_ws/install/robot_core/share/robot_core/package.sh'
[1.371s] INFO:colcon.colcon_core.shell:Creating package script '/home/entity014/3GP6-bot/robot_ws/install/robot_core/share/robot_core/package.bash'
[1.372s] INFO:colcon.colcon_core.shell:Creating package script '/home/entity014/3GP6-bot/robot_ws/install/robot_core/share/robot_core/package.zsh'
[1.373s] Level 1:colcon.colcon_core.environment:create_file_with_runtime_dependencies(/home/entity014/3GP6-bot/robot_ws/install/robot_core/share/colcon-core/packages/robot_core)
[1.373s] DEBUG:colcon.colcon_parallel_executor.executor.parallel:closing loop
[1.374s] DEBUG:colcon.colcon_parallel_executor.executor.parallel:loop closed
[1.374s] DEBUG:colcon.colcon_parallel_executor.executor.parallel:run_until_complete finished with '0'
[1.375s] DEBUG:colcon.colcon_core.event_reactor:joining thread
[1.384s] INFO:colcon.colcon_core.plugin_system:Skipping extension 'colcon_notification.desktop_notification.terminal_notifier': Not used on non-Darwin systems
[1.385s] INFO:colcon.colcon_core.plugin_system:Skipping extension 'colcon_notification.desktop_notification.win32': Not used on non-Windows systems
[1.385s] INFO:colcon.colcon_notification.desktop_notification:Sending desktop notification using 'notify2'
[1.407s] DEBUG:colcon.colcon_core.event_reactor:joined thread
[1.408s] INFO:colcon.colcon_core.shell:Creating prefix script '/home/entity014/3GP6-bot/robot_ws/install/local_setup.ps1'
[1.410s] INFO:colcon.colcon_core.shell:Creating prefix util module '/home/entity014/3GP6-bot/robot_ws/install/_local_setup_util_ps1.py'
[1.413s] INFO:colcon.colcon_core.shell:Creating prefix chain script '/home/entity014/3GP6-bot/robot_ws/install/setup.ps1'
[1.417s] INFO:colcon.colcon_core.shell:Creating prefix script '/home/entity014/3GP6-bot/robot_ws/install/local_setup.sh'
[1.418s] INFO:colcon.colcon_core.shell:Creating prefix util module '/home/entity014/3GP6-bot/robot_ws/install/_local_setup_util_sh.py'
[1.419s] INFO:colcon.colcon_core.shell:Creating prefix chain script '/home/entity014/3GP6-bot/robot_ws/install/setup.sh'
[1.422s] INFO:colcon.colcon_core.shell:Creating prefix script '/home/entity014/3GP6-bot/robot_ws/install/local_setup.bash'
[1.423s] INFO:colcon.colcon_core.shell:Creating prefix chain script '/home/entity014/3GP6-bot/robot_ws/install/setup.bash'
[1.426s] INFO:colcon.colcon_core.shell:Creating prefix script '/home/entity014/3GP6-bot/robot_ws/install/local_setup.zsh'
[1.427s] INFO:colcon.colcon_core.shell:Creating prefix chain script '/home/entity014/3GP6-bot/robot_ws/install/setup.zsh'
