[0.013s] Invoking command in '/home/entity014/3GP6-bot/robot_ws/build/robot_core': CMAKE_PREFIX_PATH=${CMAKE_PREFIX_PATH}:/home/entity014/Ros-Major/project_ws/install/object_detect:/home/entity014/Ros-Major/650610841_final/install/lidar_650610841:/home/entity014/turtlebot3_ws/install/turtlebot3_teleop:/home/entity014/turtlebot3_ws/install/turtlebot3_example:/opt/ros/humble /usr/bin/cmake --build /home/entity014/3GP6-bot/robot_ws/build/robot_core -- -j16 -l16
[0.034s] Built target ament_cmake_python_copy_src
[0.187s] running egg_info
[0.188s] writing src.egg-info/PKG-INFO
[0.188s] writing dependency_links to src.egg-info/dependency_links.txt
[0.188s] writing top-level names to src.egg-info/top_level.txt
[0.189s] reading manifest file 'src.egg-info/SOURCES.txt'
[0.189s] writing manifest file 'src.egg-info/SOURCES.txt'
[0.205s] Built target ament_cmake_python_build_src_egg
[0.211s] Invoked command in '/home/entity014/3GP6-bot/robot_ws/build/robot_core' returned '0': CMAKE_PREFIX_PATH=${CMAKE_PREFIX_PATH}:/home/entity014/Ros-Major/project_ws/install/object_detect:/home/entity014/Ros-Major/650610841_final/install/lidar_650610841:/home/entity014/turtlebot3_ws/install/turtlebot3_teleop:/home/entity014/turtlebot3_ws/install/turtlebot3_example:/opt/ros/humble /usr/bin/cmake --build /home/entity014/3GP6-bot/robot_ws/build/robot_core -- -j16 -l16
[0.212s] Invoking command in '/home/entity014/3GP6-bot/robot_ws/build/robot_core': CMAKE_PREFIX_PATH=${CMAKE_PREFIX_PATH}:/home/entity014/Ros-Major/project_ws/install/object_detect:/home/entity014/Ros-Major/650610841_final/install/lidar_650610841:/home/entity014/turtlebot3_ws/install/turtlebot3_teleop:/home/entity014/turtlebot3_ws/install/turtlebot3_example:/opt/ros/humble /usr/bin/cmake --install /home/entity014/3GP6-bot/robot_ws/build/robot_core
[0.215s] -- Install configuration: ""
[0.215s] -- Up-to-date: /home/entity014/3GP6-bot/robot_ws/install/robot_core/share/robot_core/environment/pythonpath.sh
[0.215s] -- Up-to-date: /home/entity014/3GP6-bot/robot_ws/install/robot_core/share/robot_core/environment/pythonpath.dsv
[0.215s] -- Up-to-date: /home/entity014/3GP6-bot/robot_ws/install/robot_core/local/lib/python3.10/dist-packages/src-0.0.0-py3.10.egg-info
[0.215s] -- Installing: /home/entity014/3GP6-bot/robot_ws/install/robot_core/local/lib/python3.10/dist-packages/src-0.0.0-py3.10.egg-info/SOURCES.txt
[0.215s] -- Installing: /home/entity014/3GP6-bot/robot_ws/install/robot_core/local/lib/python3.10/dist-packages/src-0.0.0-py3.10.egg-info/PKG-INFO
[0.215s] -- Installing: /home/entity014/3GP6-bot/robot_ws/install/robot_core/local/lib/python3.10/dist-packages/src-0.0.0-py3.10.egg-info/top_level.txt
[0.215s] -- Installing: /home/entity014/3GP6-bot/robot_ws/install/robot_core/local/lib/python3.10/dist-packages/src-0.0.0-py3.10.egg-info/dependency_links.txt
[0.215s] -- Up-to-date: /home/entity014/3GP6-bot/robot_ws/install/robot_core/local/lib/python3.10/dist-packages/src
[0.215s] -- Up-to-date: /home/entity014/3GP6-bot/robot_ws/install/robot_core/local/lib/python3.10/dist-packages/src/detection_keypoint.py
[0.215s] -- Up-to-date: /home/entity014/3GP6-bot/robot_ws/install/robot_core/local/lib/python3.10/dist-packages/src/detection.py
[0.215s] -- Up-to-date: /home/entity014/3GP6-bot/robot_ws/install/robot_core/local/lib/python3.10/dist-packages/src/detection_circle.py
[0.216s] -- Up-to-date: /home/entity014/3GP6-bot/robot_ws/install/robot_core/local/lib/python3.10/dist-packages/src/detection_ai.py
[0.216s] -- Installing: /home/entity014/3GP6-bot/robot_ws/install/robot_core/local/lib/python3.10/dist-packages/src/autonomy_node.py
[0.216s] -- Up-to-date: /home/entity014/3GP6-bot/robot_ws/install/robot_core/local/lib/python3.10/dist-packages/src/find_circle.py
[0.216s] -- Up-to-date: /home/entity014/3GP6-bot/robot_ws/install/robot_core/local/lib/python3.10/dist-packages/src/webcam_line.py
[0.216s] -- Up-to-date: /home/entity014/3GP6-bot/robot_ws/install/robot_core/local/lib/python3.10/dist-packages/src/find_hsv.py
[0.216s] -- Up-to-date: /home/entity014/3GP6-bot/robot_ws/install/robot_core/local/lib/python3.10/dist-packages/src/__init__.py
[0.216s] -- Up-to-date: /home/entity014/3GP6-bot/robot_ws/install/robot_core/local/lib/python3.10/dist-packages/src/webcam_ai.py
[0.239s] Listing '/home/entity014/3GP6-bot/robot_ws/install/robot_core/local/lib/python3.10/dist-packages/src'...
[0.239s] Compiling '/home/entity014/3GP6-bot/robot_ws/install/robot_core/local/lib/python3.10/dist-packages/src/autonomy_node.py'...
[0.244s] -- Up-to-date: /home/entity014/3GP6-bot/robot_ws/install/robot_core/share/robot_core/config
[0.244s] -- Up-to-date: /home/entity014/3GP6-bot/robot_ws/install/robot_core/share/robot_core/config/ekf.yaml
[0.244s] -- Up-to-date: /home/entity014/3GP6-bot/robot_ws/install/robot_core/share/robot_core/src
[0.244s] -- Up-to-date: /home/entity014/3GP6-bot/robot_ws/install/robot_core/share/robot_core/src/detection_keypoint.py
[0.244s] -- Up-to-date: /home/entity014/3GP6-bot/robot_ws/install/robot_core/share/robot_core/src/detection.py
[0.244s] -- Up-to-date: /home/entity014/3GP6-bot/robot_ws/install/robot_core/share/robot_core/src/detection_circle.py
[0.244s] -- Up-to-date: /home/entity014/3GP6-bot/robot_ws/install/robot_core/share/robot_core/src/detection_ai.py
[0.244s] -- Installing: /home/entity014/3GP6-bot/robot_ws/install/robot_core/share/robot_core/src/autonomy_node.py
[0.244s] -- Up-to-date: /home/entity014/3GP6-bot/robot_ws/install/robot_core/share/robot_core/src/find_circle.py
[0.244s] -- Up-to-date: /home/entity014/3GP6-bot/robot_ws/install/robot_core/share/robot_core/src/webcam_line.py
[0.244s] -- Up-to-date: /home/entity014/3GP6-bot/robot_ws/install/robot_core/share/robot_core/src/find_hsv.py
[0.244s] -- Up-to-date: /home/entity014/3GP6-bot/robot_ws/install/robot_core/share/robot_core/src/__init__.py
[0.244s] -- Up-to-date: /home/entity014/3GP6-bot/robot_ws/install/robot_core/share/robot_core/src/webcam_ai.py
[0.244s] -- Up-to-date: /home/entity014/3GP6-bot/robot_ws/install/robot_core/share/robot_core/launch
[0.244s] -- Up-to-date: /home/entity014/3GP6-bot/robot_ws/install/robot_core/share/robot_core/launch/bringup.launch.py
[0.244s] -- Installing: /home/entity014/3GP6-bot/robot_ws/install/robot_core/lib/robot_core/autonomy_node.py
[0.244s] -- Up-to-date: /home/entity014/3GP6-bot/robot_ws/install/robot_core/lib/robot_core/webcam_ai.py
[0.244s] -- Up-to-date: /home/entity014/3GP6-bot/robot_ws/install/robot_core/lib/robot_core/webcam_line.py
[0.244s] -- Up-to-date: /home/entity014/3GP6-bot/robot_ws/install/robot_core/lib/robot_core/robot_core
[0.244s] -- Up-to-date: /home/entity014/3GP6-bot/robot_ws/install/robot_core/lib/robot_core/robot_core/arm.py
[0.244s] -- Up-to-date: /home/entity014/3GP6-bot/robot_ws/install/robot_core/lib/robot_core/robot_core/line.py
[0.244s] -- Up-to-date: /home/entity014/3GP6-bot/robot_ws/install/robot_core/lib/robot_core/robot_core/circle.py
[0.244s] -- Up-to-date: /home/entity014/3GP6-bot/robot_ws/install/robot_core/lib/robot_core/robot_core/move.py
[0.244s] -- Up-to-date: /home/entity014/3GP6-bot/robot_ws/install/robot_core/lib/robot_core/robot_core/ai.py
[0.244s] -- Installing: /home/entity014/3GP6-bot/robot_ws/install/robot_core/lib/robot_core/robot_core/keypoint.py
[0.244s] -- Up-to-date: /home/entity014/3GP6-bot/robot_ws/install/robot_core/share/ament_index/resource_index/package_run_dependencies/robot_core
[0.244s] -- Up-to-date: /home/entity014/3GP6-bot/robot_ws/install/robot_core/share/ament_index/resource_index/parent_prefix_path/robot_core
[0.244s] -- Up-to-date: /home/entity014/3GP6-bot/robot_ws/install/robot_core/share/robot_core/environment/ament_prefix_path.sh
[0.244s] -- Up-to-date: /home/entity014/3GP6-bot/robot_ws/install/robot_core/share/robot_core/environment/ament_prefix_path.dsv
[0.244s] -- Up-to-date: /home/entity014/3GP6-bot/robot_ws/install/robot_core/share/robot_core/environment/path.sh
[0.245s] -- Up-to-date: /home/entity014/3GP6-bot/robot_ws/install/robot_core/share/robot_core/environment/path.dsv
[0.245s] -- Up-to-date: /home/entity014/3GP6-bot/robot_ws/install/robot_core/share/robot_core/local_setup.bash
[0.245s] -- Up-to-date: /home/entity014/3GP6-bot/robot_ws/install/robot_core/share/robot_core/local_setup.sh
[0.245s] -- Up-to-date: /home/entity014/3GP6-bot/robot_ws/install/robot_core/share/robot_core/local_setup.zsh
[0.245s] -- Up-to-date: /home/entity014/3GP6-bot/robot_ws/install/robot_core/share/robot_core/local_setup.dsv
[0.245s] -- Installing: /home/entity014/3GP6-bot/robot_ws/install/robot_core/share/robot_core/package.dsv
[0.245s] -- Up-to-date: /home/entity014/3GP6-bot/robot_ws/install/robot_core/share/ament_index/resource_index/packages/robot_core
[0.245s] -- Up-to-date: /home/entity014/3GP6-bot/robot_ws/install/robot_core/share/robot_core/cmake/robot_coreConfig.cmake
[0.245s] -- Up-to-date: /home/entity014/3GP6-bot/robot_ws/install/robot_core/share/robot_core/cmake/robot_coreConfig-version.cmake
[0.245s] -- Up-to-date: /home/entity014/3GP6-bot/robot_ws/install/robot_core/share/robot_core/package.xml
[0.254s] Invoked command in '/home/entity014/3GP6-bot/robot_ws/build/robot_core' returned '0': CMAKE_PREFIX_PATH=${CMAKE_PREFIX_PATH}:/home/entity014/Ros-Major/project_ws/install/object_detect:/home/entity014/Ros-Major/650610841_final/install/lidar_650610841:/home/entity014/turtlebot3_ws/install/turtlebot3_teleop:/home/entity014/turtlebot3_ws/install/turtlebot3_example:/opt/ros/humble /usr/bin/cmake --install /home/entity014/3GP6-bot/robot_ws/build/robot_core
