[0.035s] Invoking command in '/home/entity014/3GP6-bot/robot_ws/build/robot_interface': CMAKE_PREFIX_PATH=${CMAKE_PREFIX_PATH}:/home/entity014/Ros-Major/project_ws/install/object_detect:/home/entity014/Ros-Major/650610841_final/install/lidar_650610841:/home/entity014/turtlebot3_ws/install/turtlebot3_teleop:/home/entity014/turtlebot3_ws/install/turtlebot3_example:/opt/ros/humble /usr/bin/cmake --build /home/entity014/3GP6-bot/robot_ws/build/robot_interface -- -j16 -l16
[0.074s] Invoked command in '/home/entity014/3GP6-bot/robot_ws/build/robot_interface' returned '0': CMAKE_PREFIX_PATH=${CMAKE_PREFIX_PATH}:/home/entity014/Ros-Major/project_ws/install/object_detect:/home/entity014/Ros-Major/650610841_final/install/lidar_650610841:/home/entity014/turtlebot3_ws/install/turtlebot3_teleop:/home/entity014/turtlebot3_ws/install/turtlebot3_example:/opt/ros/humble /usr/bin/cmake --build /home/entity014/3GP6-bot/robot_ws/build/robot_interface -- -j16 -l16
[0.087s] Invoking command in '/home/entity014/3GP6-bot/robot_ws/build/robot_interface': CMAKE_PREFIX_PATH=${CMAKE_PREFIX_PATH}:/home/entity014/Ros-Major/project_ws/install/object_detect:/home/entity014/Ros-Major/650610841_final/install/lidar_650610841:/home/entity014/turtlebot3_ws/install/turtlebot3_teleop:/home/entity014/turtlebot3_ws/install/turtlebot3_example:/opt/ros/humble /usr/bin/cmake --install /home/entity014/3GP6-bot/robot_ws/build/robot_interface
[0.094s] -- Install configuration: ""
[0.094s] -- Up-to-date: /home/entity014/3GP6-bot/robot_ws/install/robot_interface/share/ament_index/resource_index/package_run_dependencies/robot_interface
[0.095s] -- Up-to-date: /home/entity014/3GP6-bot/robot_ws/install/robot_interface/share/ament_index/resource_index/parent_prefix_path/robot_interface
[0.095s] -- Up-to-date: /home/entity014/3GP6-bot/robot_ws/install/robot_interface/share/robot_interface/environment/ament_prefix_path.sh
[0.095s] -- Up-to-date: /home/entity014/3GP6-bot/robot_ws/install/robot_interface/share/robot_interface/environment/ament_prefix_path.dsv
[0.095s] -- Up-to-date: /home/entity014/3GP6-bot/robot_ws/install/robot_interface/share/robot_interface/environment/path.sh
[0.096s] -- Up-to-date: /home/entity014/3GP6-bot/robot_ws/install/robot_interface/share/robot_interface/environment/path.dsv
[0.096s] -- Up-to-date: /home/entity014/3GP6-bot/robot_ws/install/robot_interface/share/robot_interface/local_setup.bash
[0.096s] -- Up-to-date: /home/entity014/3GP6-bot/robot_ws/install/robot_interface/share/robot_interface/local_setup.sh
[0.097s] -- Up-to-date: /home/entity014/3GP6-bot/robot_ws/install/robot_interface/share/robot_interface/local_setup.zsh
[0.097s] -- Up-to-date: /home/entity014/3GP6-bot/robot_ws/install/robot_interface/share/robot_interface/local_setup.dsv
[0.097s] -- Installing: /home/entity014/3GP6-bot/robot_ws/install/robot_interface/share/robot_interface/package.dsv
[0.098s] -- Up-to-date: /home/entity014/3GP6-bot/robot_ws/install/robot_interface/share/ament_index/resource_index/packages/robot_interface
[0.099s] -- Up-to-date: /home/entity014/3GP6-bot/robot_ws/install/robot_interface/share/robot_interface/cmake/robot_interfaceConfig.cmake
[0.100s] -- Up-to-date: /home/entity014/3GP6-bot/robot_ws/install/robot_interface/share/robot_interface/cmake/robot_interfaceConfig-version.cmake
[0.101s] -- Up-to-date: /home/entity014/3GP6-bot/robot_ws/install/robot_interface/share/robot_interface/package.xml
[0.101s] Invoked command in '/home/entity014/3GP6-bot/robot_ws/build/robot_interface' returned '0': CMAKE_PREFIX_PATH=${CMAKE_PREFIX_PATH}:/home/entity014/Ros-Major/project_ws/install/object_detect:/home/entity014/Ros-Major/650610841_final/install/lidar_650610841:/home/entity014/turtlebot3_ws/install/turtlebot3_teleop:/home/entity014/turtlebot3_ws/install/turtlebot3_example:/opt/ros/humble /usr/bin/cmake --install /home/entity014/3GP6-bot/robot_ws/build/robot_interface
