[0.019s] Invoking command in '/home/robot_ws/build/robot_description': CMAKE_PREFIX_PATH=${CMAKE_PREFIX_PATH}:/opt/ros/humble /usr/bin/cmake --build /home/robot_ws/build/robot_description -- -j16 -l16
[0.086s] Built target ament_cmake_python_copy_src
[1.310s] running egg_info
[1.315s] writing src.egg-info/PKG-INFO
[1.317s] writing dependency_links to src.egg-info/dependency_links.txt
[1.319s] writing top-level names to src.egg-info/top_level.txt
[1.324s] reading manifest file 'src.egg-info/SOURCES.txt'
[1.325s] writing manifest file 'src.egg-info/SOURCES.txt'
[1.378s] Built target ament_cmake_python_build_src_egg
[1.422s] Invoked command in '/home/robot_ws/build/robot_description' returned '0': CMAKE_PREFIX_PATH=${CMAKE_PREFIX_PATH}:/opt/ros/humble /usr/bin/cmake --build /home/robot_ws/build/robot_description -- -j16 -l16
[1.429s] Invoking command in '/home/robot_ws/build/robot_description': CMAKE_PREFIX_PATH=${CMAKE_PREFIX_PATH}:/opt/ros/humble /usr/bin/cmake --install /home/robot_ws/build/robot_description
[1.442s] -- Install configuration: ""
[1.442s] -- Up-to-date: /home/robot_ws/install/robot_description/share/robot_description/environment/pythonpath.sh
[1.442s] -- Up-to-date: /home/robot_ws/install/robot_description/share/robot_description/environment/pythonpath.dsv
[1.442s] -- Up-to-date: /home/robot_ws/install/robot_description/local/lib/python3.10/dist-packages/src-0.0.0-py3.10.egg-info
[1.442s] -- Installing: /home/robot_ws/install/robot_description/local/lib/python3.10/dist-packages/src-0.0.0-py3.10.egg-info/SOURCES.txt
[1.442s] -- Installing: /home/robot_ws/install/robot_description/local/lib/python3.10/dist-packages/src-0.0.0-py3.10.egg-info/PKG-INFO
[1.442s] -- Installing: /home/robot_ws/install/robot_description/local/lib/python3.10/dist-packages/src-0.0.0-py3.10.egg-info/top_level.txt
[1.443s] -- Installing: /home/robot_ws/install/robot_description/local/lib/python3.10/dist-packages/src-0.0.0-py3.10.egg-info/dependency_links.txt
[1.444s] -- Up-to-date: /home/robot_ws/install/robot_description/local/lib/python3.10/dist-packages/src
[1.444s] -- Up-to-date: /home/robot_ws/install/robot_description/local/lib/python3.10/dist-packages/src/__init__.py
[1.624s] Listing '/home/robot_ws/install/robot_description/local/lib/python3.10/dist-packages/src'...
[1.653s] -- Up-to-date: /home/robot_ws/install/robot_description/share/robot_description/urdf
[1.653s] -- Up-to-date: /home/robot_ws/install/robot_description/share/robot_description/urdf/robot.urdf.xacro
[1.654s] -- Up-to-date: /home/robot_ws/install/robot_description/share/robot_description/urdf/base.urdf.xacro
[1.654s] -- Up-to-date: /home/robot_ws/install/robot_description/share/robot_description/urdf/properties.urdf.xacro
[1.654s] -- Up-to-date: /home/robot_ws/install/robot_description/share/robot_description/urdf/sensors
[1.654s] -- Up-to-date: /home/robot_ws/install/robot_description/share/robot_description/urdf/sensors/imu.urdf.xacro
[1.654s] -- Up-to-date: /home/robot_ws/install/robot_description/share/robot_description/urdf/sensors/depth_sensor.urdf.xacro
[1.655s] -- Up-to-date: /home/robot_ws/install/robot_description/share/robot_description/urdf/drive.urdf.xacro
[1.655s] -- Up-to-date: /home/robot_ws/install/robot_description/share/robot_description/urdf/wheel.urdf.xacro
[1.655s] -- Up-to-date: /home/robot_ws/install/robot_description/share/robot_description/src
[1.655s] -- Up-to-date: /home/robot_ws/install/robot_description/share/robot_description/src/__init__.py
[1.655s] -- Up-to-date: /home/robot_ws/install/robot_description/share/robot_description/rviz
[1.655s] -- Up-to-date: /home/robot_ws/install/robot_description/share/robot_description/rviz/view_urdf.rviz
[1.655s] -- Up-to-date: /home/robot_ws/install/robot_description/share/robot_description/rviz/description.rviz
[1.656s] -- Up-to-date: /home/robot_ws/install/robot_description/share/robot_description/worlds
[1.656s] -- Up-to-date: /home/robot_ws/install/robot_description/share/robot_description/worlds/Floor_Blend.blend
[1.657s] -- Up-to-date: /home/robot_ws/install/robot_description/share/robot_description/worlds/world.world
[1.658s] -- Up-to-date: /home/robot_ws/install/robot_description/share/robot_description/worlds/map.dae
[1.658s] -- Up-to-date: /home/robot_ws/install/robot_description/share/robot_description/worlds/Floor_Blend.blend1
[1.659s] -- Up-to-date: /home/robot_ws/install/robot_description/share/robot_description/worlds/map
[1.660s] -- Up-to-date: /home/robot_ws/install/robot_description/share/robot_description/worlds/map/model.sdf
[1.660s] -- Up-to-date: /home/robot_ws/install/robot_description/share/robot_description/worlds/map/model.config
[1.661s] -- Up-to-date: /home/robot_ws/install/robot_description/share/robot_description/maps
[1.662s] -- Up-to-date: /home/robot_ws/install/robot_description/share/robot_description/launch
[1.666s] -- Up-to-date: /home/robot_ws/install/robot_description/share/robot_description/launch/description.launch.py
[1.668s] -- Up-to-date: /home/robot_ws/install/robot_description/share/robot_description/launch/gazebo.launch.py
[1.672s] -- Up-to-date: /home/robot_ws/install/robot_description/share/robot_description/config
[1.674s] -- Up-to-date: /home/robot_ws/install/robot_description/share/robot_description/config/ekf.yaml
[1.675s] -- Up-to-date: /home/robot_ws/install/robot_description/share/ament_index/resource_index/package_run_dependencies/robot_description
[1.675s] -- Up-to-date: /home/robot_ws/install/robot_description/share/ament_index/resource_index/parent_prefix_path/robot_description
[1.678s] -- Up-to-date: /home/robot_ws/install/robot_description/share/robot_description/environment/ament_prefix_path.sh
[1.680s] -- Up-to-date: /home/robot_ws/install/robot_description/share/robot_description/environment/ament_prefix_path.dsv
[1.681s] -- Up-to-date: /home/robot_ws/install/robot_description/share/robot_description/environment/path.sh
[1.683s] -- Up-to-date: /home/robot_ws/install/robot_description/share/robot_description/environment/path.dsv
[1.686s] -- Up-to-date: /home/robot_ws/install/robot_description/share/robot_description/local_setup.bash
[1.687s] -- Up-to-date: /home/robot_ws/install/robot_description/share/robot_description/local_setup.sh
[1.690s] -- Up-to-date: /home/robot_ws/install/robot_description/share/robot_description/local_setup.zsh
[1.694s] -- Up-to-date: /home/robot_ws/install/robot_description/share/robot_description/local_setup.dsv
[1.696s] -- Installing: /home/robot_ws/install/robot_description/share/robot_description/package.dsv
[1.697s] -- Up-to-date: /home/robot_ws/install/robot_description/share/ament_index/resource_index/packages/robot_description
[1.697s] -- Up-to-date: /home/robot_ws/install/robot_description/share/robot_description/cmake/robot_descriptionConfig.cmake
[1.697s] -- Up-to-date: /home/robot_ws/install/robot_description/share/robot_description/cmake/robot_descriptionConfig-version.cmake
[1.698s] -- Up-to-date: /home/robot_ws/install/robot_description/share/robot_description/package.xml
[1.698s] Invoked command in '/home/robot_ws/build/robot_description' returned '0': CMAKE_PREFIX_PATH=${CMAKE_PREFIX_PATH}:/opt/ros/humble /usr/bin/cmake --install /home/robot_ws/build/robot_description
