[0.011s] Invoking command in '/home/robot_ws/build/robot_core': CMAKE_PREFIX_PATH=/opt/ros/humble /usr/bin/cmake --build /home/robot_ws/build/robot_core -- -j16 -l16
[0.051s] Built target ament_cmake_python_copy_src
[0.183s] running egg_info
[0.184s] creating src.egg-info
[0.184s] writing src.egg-info/PKG-INFO
[0.184s] writing dependency_links to src.egg-info/dependency_links.txt
[0.184s] writing top-level names to src.egg-info/top_level.txt
[0.184s] writing manifest file 'src.egg-info/SOURCES.txt'
[0.185s] reading manifest file 'src.egg-info/SOURCES.txt'
[0.186s] writing manifest file 'src.egg-info/SOURCES.txt'
[0.211s] Built target ament_cmake_python_build_src_egg
[0.218s] Invoked command in '/home/robot_ws/build/robot_core' returned '0': CMAKE_PREFIX_PATH=/opt/ros/humble /usr/bin/cmake --build /home/robot_ws/build/robot_core -- -j16 -l16
[0.228s] Invoking command in '/home/robot_ws/build/robot_core': CMAKE_PREFIX_PATH=/opt/ros/humble /usr/bin/cmake --install /home/robot_ws/build/robot_core
[0.232s] -- Install configuration: ""
[0.232s] -- Installing: /home/robot_ws/install/robot_core/share/robot_core/environment/pythonpath.sh
[0.232s] -- Installing: /home/robot_ws/install/robot_core/share/robot_core/environment/pythonpath.dsv
[0.232s] -- Installing: /home/robot_ws/install/robot_core/local/lib/python3.10/dist-packages/src-0.0.0-py3.10.egg-info
[0.232s] -- Installing: /home/robot_ws/install/robot_core/local/lib/python3.10/dist-packages/src-0.0.0-py3.10.egg-info/SOURCES.txt
[0.232s] -- Installing: /home/robot_ws/install/robot_core/local/lib/python3.10/dist-packages/src-0.0.0-py3.10.egg-info/PKG-INFO
[0.232s] -- Installing: /home/robot_ws/install/robot_core/local/lib/python3.10/dist-packages/src-0.0.0-py3.10.egg-info/top_level.txt
[0.232s] -- Installing: /home/robot_ws/install/robot_core/local/lib/python3.10/dist-packages/src-0.0.0-py3.10.egg-info/dependency_links.txt
[0.232s] -- Installing: /home/robot_ws/install/robot_core/local/lib/python3.10/dist-packages/src
[0.232s] -- Installing: /home/robot_ws/install/robot_core/local/lib/python3.10/dist-packages/src/__init__.py
[0.254s] Listing '/home/robot_ws/install/robot_core/local/lib/python3.10/dist-packages/src'...
[0.254s] Compiling '/home/robot_ws/install/robot_core/local/lib/python3.10/dist-packages/src/__init__.py'...
[0.258s] -- Installing: /home/robot_ws/install/robot_core/share/robot_core/src
[0.258s] -- Installing: /home/robot_ws/install/robot_core/share/robot_core/src/__init__.py
[0.258s] -- Installing: /home/robot_ws/install/robot_core/share/robot_core/launch
[0.259s] -- Installing: /home/robot_ws/install/robot_core/share/robot_core/config
[0.259s] -- Installing: /home/robot_ws/install/robot_core/share/ament_index/resource_index/package_run_dependencies/robot_core
[0.259s] -- Installing: /home/robot_ws/install/robot_core/share/ament_index/resource_index/parent_prefix_path/robot_core
[0.260s] -- Installing: /home/robot_ws/install/robot_core/share/robot_core/environment/ament_prefix_path.sh
[0.261s] -- Installing: /home/robot_ws/install/robot_core/share/robot_core/environment/ament_prefix_path.dsv
[0.262s] -- Installing: /home/robot_ws/install/robot_core/share/robot_core/environment/path.sh
[0.262s] -- Installing: /home/robot_ws/install/robot_core/share/robot_core/environment/path.dsv
[0.262s] -- Installing: /home/robot_ws/install/robot_core/share/robot_core/local_setup.bash
[0.262s] -- Installing: /home/robot_ws/install/robot_core/share/robot_core/local_setup.sh
[0.262s] -- Installing: /home/robot_ws/install/robot_core/share/robot_core/local_setup.zsh
[0.263s] -- Installing: /home/robot_ws/install/robot_core/share/robot_core/local_setup.dsv
[0.263s] -- Installing: /home/robot_ws/install/robot_core/share/robot_core/package.dsv
[0.263s] -- Installing: /home/robot_ws/install/robot_core/share/ament_index/resource_index/packages/robot_core
[0.263s] -- Installing: /home/robot_ws/install/robot_core/share/robot_core/cmake/robot_coreConfig.cmake
[0.264s] -- Installing: /home/robot_ws/install/robot_core/share/robot_core/cmake/robot_coreConfig-version.cmake
[0.264s] -- Installing: /home/robot_ws/install/robot_core/share/robot_core/package.xml
[0.265s] Invoked command in '/home/robot_ws/build/robot_core' returned '0': CMAKE_PREFIX_PATH=/opt/ros/humble /usr/bin/cmake --install /home/robot_ws/build/robot_core
