[0.040s] Invoking command in '/home/robot_ws/build/robot_core': CMAKE_PREFIX_PATH=${CMAKE_PREFIX_PATH}:/opt/ros/humble /usr/bin/cmake --build /home/robot_ws/build/robot_core -- -j16 -l16
[0.197s] Built target ament_cmake_python_copy_src
[1.535s] running egg_info
[1.539s] writing src.egg-info/PKG-INFO
[1.541s] writing dependency_links to src.egg-info/dependency_links.txt
[1.541s] writing top-level names to src.egg-info/top_level.txt
[1.556s] reading manifest file 'src.egg-info/SOURCES.txt'
[1.560s] writing manifest file 'src.egg-info/SOURCES.txt'
[1.650s] Built target ament_cmake_python_build_src_egg
[1.677s] Invoked command in '/home/robot_ws/build/robot_core' returned '0': CMAKE_PREFIX_PATH=${CMAKE_PREFIX_PATH}:/opt/ros/humble /usr/bin/cmake --build /home/robot_ws/build/robot_core -- -j16 -l16
[1.681s] Invoking command in '/home/robot_ws/build/robot_core': CMAKE_PREFIX_PATH=${CMAKE_PREFIX_PATH}:/opt/ros/humble /usr/bin/cmake --install /home/robot_ws/build/robot_core
[1.712s] -- Install configuration: ""
[1.713s] -- Up-to-date: /home/robot_ws/install/robot_core/share/robot_core/environment/pythonpath.sh
[1.713s] -- Up-to-date: /home/robot_ws/install/robot_core/share/robot_core/environment/pythonpath.dsv
[1.714s] -- Up-to-date: /home/robot_ws/install/robot_core/local/lib/python3.10/dist-packages/src-0.0.0-py3.10.egg-info
[1.714s] -- Installing: /home/robot_ws/install/robot_core/local/lib/python3.10/dist-packages/src-0.0.0-py3.10.egg-info/SOURCES.txt
[1.715s] -- Installing: /home/robot_ws/install/robot_core/local/lib/python3.10/dist-packages/src-0.0.0-py3.10.egg-info/PKG-INFO
[1.715s] -- Installing: /home/robot_ws/install/robot_core/local/lib/python3.10/dist-packages/src-0.0.0-py3.10.egg-info/top_level.txt
[1.716s] -- Installing: /home/robot_ws/install/robot_core/local/lib/python3.10/dist-packages/src-0.0.0-py3.10.egg-info/dependency_links.txt
[1.717s] -- Up-to-date: /home/robot_ws/install/robot_core/local/lib/python3.10/dist-packages/src
[1.718s] -- Installing: /home/robot_ws/install/robot_core/local/lib/python3.10/dist-packages/src/detection.py
[1.720s] -- Up-to-date: /home/robot_ws/install/robot_core/local/lib/python3.10/dist-packages/src/autonomy_node.py
[1.723s] -- Up-to-date: /home/robot_ws/install/robot_core/local/lib/python3.10/dist-packages/src/__init__.py
[1.807s] Listing '/home/robot_ws/install/robot_core/local/lib/python3.10/dist-packages/src'...
[1.807s] Compiling '/home/robot_ws/install/robot_core/local/lib/python3.10/dist-packages/src/detection.py'...
[1.812s] -- Up-to-date: /home/robot_ws/install/robot_core/share/robot_core/src
[1.812s] -- Installing: /home/robot_ws/install/robot_core/share/robot_core/src/detection.py
[1.814s] -- Up-to-date: /home/robot_ws/install/robot_core/share/robot_core/src/autonomy_node.py
[1.815s] -- Up-to-date: /home/robot_ws/install/robot_core/share/robot_core/src/__init__.py
[1.816s] -- Up-to-date: /home/robot_ws/install/robot_core/share/robot_core/launch
[1.817s] -- Up-to-date: /home/robot_ws/install/robot_core/share/robot_core/config
[1.818s] -- Up-to-date: /home/robot_ws/install/robot_core/lib/robot_core/autonomy_node.py
[1.818s] -- Up-to-date: /home/robot_ws/install/robot_core/lib/robot_core/robot_core
[1.820s] -- Installing: /home/robot_ws/install/robot_core/lib/robot_core/robot_core/move.py
[1.820s] -- Up-to-date: /home/robot_ws/install/robot_core/share/ament_index/resource_index/package_run_dependencies/robot_core
[1.821s] -- Up-to-date: /home/robot_ws/install/robot_core/share/ament_index/resource_index/parent_prefix_path/robot_core
[1.824s] -- Up-to-date: /home/robot_ws/install/robot_core/share/robot_core/environment/ament_prefix_path.sh
[1.825s] -- Up-to-date: /home/robot_ws/install/robot_core/share/robot_core/environment/ament_prefix_path.dsv
[1.825s] -- Up-to-date: /home/robot_ws/install/robot_core/share/robot_core/environment/path.sh
[1.825s] -- Up-to-date: /home/robot_ws/install/robot_core/share/robot_core/environment/path.dsv
[1.825s] -- Up-to-date: /home/robot_ws/install/robot_core/share/robot_core/local_setup.bash
[1.825s] -- Up-to-date: /home/robot_ws/install/robot_core/share/robot_core/local_setup.sh
[1.825s] -- Up-to-date: /home/robot_ws/install/robot_core/share/robot_core/local_setup.zsh
[1.825s] -- Up-to-date: /home/robot_ws/install/robot_core/share/robot_core/local_setup.dsv
[1.825s] -- Installing: /home/robot_ws/install/robot_core/share/robot_core/package.dsv
[1.826s] -- Up-to-date: /home/robot_ws/install/robot_core/share/ament_index/resource_index/packages/robot_core
[1.826s] -- Up-to-date: /home/robot_ws/install/robot_core/share/robot_core/cmake/robot_coreConfig.cmake
[1.826s] -- Up-to-date: /home/robot_ws/install/robot_core/share/robot_core/cmake/robot_coreConfig-version.cmake
[1.826s] -- Up-to-date: /home/robot_ws/install/robot_core/share/robot_core/package.xml
[1.833s] Invoked command in '/home/robot_ws/build/robot_core' returned '0': CMAKE_PREFIX_PATH=${CMAKE_PREFIX_PATH}:/opt/ros/humble /usr/bin/cmake --install /home/robot_ws/build/robot_core
