Built target ament_cmake_python_copy_src
running egg_info
creating src.egg-info
writing src.egg-info/PKG-INFO
writing dependency_links to src.egg-info/dependency_links.txt
writing top-level names to src.egg-info/top_level.txt
writing manifest file 'src.egg-info/SOURCES.txt'
reading manifest file 'src.egg-info/SOURCES.txt'
writing manifest file 'src.egg-info/SOURCES.txt'
Built target ament_cmake_python_build_src_egg
-- Install configuration: ""
-- Installing: /home/robot_ws/install/robot_description/share/robot_description/environment/pythonpath.sh
-- Installing: /home/robot_ws/install/robot_description/share/robot_description/environment/pythonpath.dsv
-- Installing: /home/robot_ws/install/robot_description/local/lib/python3.10/dist-packages/src-0.0.0-py3.10.egg-info
-- Installing: /home/robot_ws/install/robot_description/local/lib/python3.10/dist-packages/src-0.0.0-py3.10.egg-info/SOURCES.txt
-- Installing: /home/robot_ws/install/robot_description/local/lib/python3.10/dist-packages/src-0.0.0-py3.10.egg-info/PKG-INFO
-- Installing: /home/robot_ws/install/robot_description/local/lib/python3.10/dist-packages/src-0.0.0-py3.10.egg-info/top_level.txt
-- Installing: /home/robot_ws/install/robot_description/local/lib/python3.10/dist-packages/src-0.0.0-py3.10.egg-info/dependency_links.txt
-- Installing: /home/robot_ws/install/robot_description/local/lib/python3.10/dist-packages/src
-- Installing: /home/robot_ws/install/robot_description/local/lib/python3.10/dist-packages/src/__init__.py
Listing '/home/robot_ws/install/robot_description/local/lib/python3.10/dist-packages/src'...
Compiling '/home/robot_ws/install/robot_description/local/lib/python3.10/dist-packages/src/__init__.py'...
-- Installing: /home/robot_ws/install/robot_description/share/robot_description/urdf
-- Installing: /home/robot_ws/install/robot_description/share/robot_description/urdf/robot.urdf.xacro
-- Installing: /home/robot_ws/install/robot_description/share/robot_description/urdf/base.urdf.xacro
-- Installing: /home/robot_ws/install/robot_description/share/robot_description/urdf/properties.urdf.xacro
-- Installing: /home/robot_ws/install/robot_description/share/robot_description/urdf/sensors
-- Installing: /home/robot_ws/install/robot_description/share/robot_description/urdf/sensors/imu.urdf.xacro
-- Installing: /home/robot_ws/install/robot_description/share/robot_description/urdf/sensors/depth_sensor.urdf.xacro
-- Installing: /home/robot_ws/install/robot_description/share/robot_description/urdf/drive.urdf.xacro
-- Installing: /home/robot_ws/install/robot_description/share/robot_description/urdf/wheel.urdf.xacro
-- Installing: /home/robot_ws/install/robot_description/share/robot_description/src
-- Installing: /home/robot_ws/install/robot_description/share/robot_description/src/__init__.py
-- Installing: /home/robot_ws/install/robot_description/share/robot_description/rviz
-- Installing: /home/robot_ws/install/robot_description/share/robot_description/rviz/view_urdf.rviz
-- Installing: /home/robot_ws/install/robot_description/share/robot_description/rviz/description.rviz
-- Installing: /home/robot_ws/install/robot_description/share/robot_description/worlds
-- Installing: /home/robot_ws/install/robot_description/share/robot_description/maps
-- Installing: /home/robot_ws/install/robot_description/share/robot_description/launch
-- Installing: /home/robot_ws/install/robot_description/share/robot_description/launch/description.launch.py
-- Installing: /home/robot_ws/install/robot_description/share/robot_description/launch/gazebo.launch.py
-- Installing: /home/robot_ws/install/robot_description/share/robot_description/config
-- Installing: /home/robot_ws/install/robot_description/share/robot_description/config/ekf.yaml
-- Installing: /home/robot_ws/install/robot_description/share/ament_index/resource_index/package_run_dependencies/robot_description
-- Installing: /home/robot_ws/install/robot_description/share/ament_index/resource_index/parent_prefix_path/robot_description
-- Installing: /home/robot_ws/install/robot_description/share/robot_description/environment/ament_prefix_path.sh
-- Installing: /home/robot_ws/install/robot_description/share/robot_description/environment/ament_prefix_path.dsv
-- Installing: /home/robot_ws/install/robot_description/share/robot_description/environment/path.sh
-- Installing: /home/robot_ws/install/robot_description/share/robot_description/environment/path.dsv
-- Installing: /home/robot_ws/install/robot_description/share/robot_description/local_setup.bash
-- Installing: /home/robot_ws/install/robot_description/share/robot_description/local_setup.sh
-- Installing: /home/robot_ws/install/robot_description/share/robot_description/local_setup.zsh
-- Installing: /home/robot_ws/install/robot_description/share/robot_description/local_setup.dsv
-- Installing: /home/robot_ws/install/robot_description/share/robot_description/package.dsv
-- Installing: /home/robot_ws/install/robot_description/share/ament_index/resource_index/packages/robot_description
-- Installing: /home/robot_ws/install/robot_description/share/robot_description/cmake/robot_descriptionConfig.cmake
-- Installing: /home/robot_ws/install/robot_description/share/robot_description/cmake/robot_descriptionConfig-version.cmake
-- Installing: /home/robot_ws/install/robot_description/share/robot_description/package.xml
