[0.044s] Invoking command in '/home/robot_ws/build/robot_description': CMAKE_PREFIX_PATH=${CMAKE_PREFIX_PATH}:/opt/ros/humble /usr/bin/cmake --build /home/robot_ws/build/robot_description -- -j16 -l16
[0.352s] Built target ament_cmake_python_copy_src
[0.869s] running egg_info
[0.874s] writing src.egg-info/PKG-INFO
[0.876s] writing dependency_links to src.egg-info/dependency_links.txt
[0.878s] writing top-level names to src.egg-info/top_level.txt
[0.888s] reading manifest file 'src.egg-info/SOURCES.txt'
[0.888s] writing manifest file 'src.egg-info/SOURCES.txt'
[0.928s] Built target ament_cmake_python_build_src_egg
[0.939s] Invoked command in '/home/robot_ws/build/robot_description' returned '0': CMAKE_PREFIX_PATH=${CMAKE_PREFIX_PATH}:/opt/ros/humble /usr/bin/cmake --build /home/robot_ws/build/robot_description -- -j16 -l16
[0.941s] Invoking command in '/home/robot_ws/build/robot_description': CMAKE_PREFIX_PATH=${CMAKE_PREFIX_PATH}:/opt/ros/humble /usr/bin/cmake --install /home/robot_ws/build/robot_description
[0.979s] -- Install configuration: ""
[0.981s] -- Up-to-date: /home/robot_ws/install/robot_description/share/robot_description/environment/pythonpath.sh
[0.981s] -- Up-to-date: /home/robot_ws/install/robot_description/share/robot_description/environment/pythonpath.dsv
[0.981s] -- Up-to-date: /home/robot_ws/install/robot_description/local/lib/python3.10/dist-packages/src-0.0.0-py3.10.egg-info
[0.981s] -- Installing: /home/robot_ws/install/robot_description/local/lib/python3.10/dist-packages/src-0.0.0-py3.10.egg-info/SOURCES.txt
[0.982s] -- Installing: /home/robot_ws/install/robot_description/local/lib/python3.10/dist-packages/src-0.0.0-py3.10.egg-info/PKG-INFO
[0.982s] -- Installing: /home/robot_ws/install/robot_description/local/lib/python3.10/dist-packages/src-0.0.0-py3.10.egg-info/top_level.txt
[0.983s] -- Installing: /home/robot_ws/install/robot_description/local/lib/python3.10/dist-packages/src-0.0.0-py3.10.egg-info/dependency_links.txt
[0.984s] -- Up-to-date: /home/robot_ws/install/robot_description/local/lib/python3.10/dist-packages/src
[0.985s] -- Up-to-date: /home/robot_ws/install/robot_description/local/lib/python3.10/dist-packages/src/__init__.py
[1.061s] Listing '/home/robot_ws/install/robot_description/local/lib/python3.10/dist-packages/src'...
[1.079s] -- Up-to-date: /home/robot_ws/install/robot_description/share/robot_description/urdf
[1.081s] -- Up-to-date: /home/robot_ws/install/robot_description/share/robot_description/urdf/robot.urdf.xacro
[1.083s] -- Up-to-date: /home/robot_ws/install/robot_description/share/robot_description/urdf/base.urdf.xacro
[1.084s] -- Up-to-date: /home/robot_ws/install/robot_description/share/robot_description/urdf/properties.urdf.xacro
[1.085s] -- Up-to-date: /home/robot_ws/install/robot_description/share/robot_description/urdf/sensors
[1.085s] -- Up-to-date: /home/robot_ws/install/robot_description/share/robot_description/urdf/sensors/imu.urdf.xacro
[1.086s] -- Up-to-date: /home/robot_ws/install/robot_description/share/robot_description/urdf/sensors/depth_sensor.urdf.xacro
[1.087s] -- Up-to-date: /home/robot_ws/install/robot_description/share/robot_description/urdf/drive.urdf.xacro
[1.089s] -- Up-to-date: /home/robot_ws/install/robot_description/share/robot_description/urdf/wheel.urdf.xacro
[1.091s] -- Up-to-date: /home/robot_ws/install/robot_description/share/robot_description/src
[1.092s] -- Up-to-date: /home/robot_ws/install/robot_description/share/robot_description/src/__init__.py
[1.095s] -- Up-to-date: /home/robot_ws/install/robot_description/share/robot_description/rviz
[1.098s] -- Up-to-date: /home/robot_ws/install/robot_description/share/robot_description/rviz/view_urdf.rviz
[1.100s] -- Up-to-date: /home/robot_ws/install/robot_description/share/robot_description/rviz/description.rviz
[1.100s] -- Up-to-date: /home/robot_ws/install/robot_description/share/robot_description/worlds
[1.101s] -- Up-to-date: /home/robot_ws/install/robot_description/share/robot_description/worlds/Floor_Blend.blend
[1.101s] -- Up-to-date: /home/robot_ws/install/robot_description/share/robot_description/worlds/world.world
[1.103s] -- Up-to-date: /home/robot_ws/install/robot_description/share/robot_description/worlds/map.dae
[1.105s] -- Up-to-date: /home/robot_ws/install/robot_description/share/robot_description/worlds/Floor_Blend.blend1
[1.109s] -- Up-to-date: /home/robot_ws/install/robot_description/share/robot_description/worlds/map
[1.114s] -- Up-to-date: /home/robot_ws/install/robot_description/share/robot_description/worlds/map/model.sdf
[1.116s] -- Up-to-date: /home/robot_ws/install/robot_description/share/robot_description/worlds/map/model.config
[1.117s] -- Up-to-date: /home/robot_ws/install/robot_description/share/robot_description/maps
[1.117s] -- Up-to-date: /home/robot_ws/install/robot_description/share/robot_description/launch
[1.117s] -- Up-to-date: /home/robot_ws/install/robot_description/share/robot_description/launch/description.launch.py
[1.117s] -- Up-to-date: /home/robot_ws/install/robot_description/share/robot_description/launch/gazebo.launch.py
[1.118s] -- Up-to-date: /home/robot_ws/install/robot_description/share/robot_description/config
[1.118s] -- Up-to-date: /home/robot_ws/install/robot_description/share/robot_description/config/ekf.yaml
[1.119s] -- Up-to-date: /home/robot_ws/install/robot_description/share/ament_index/resource_index/package_run_dependencies/robot_description
[1.119s] -- Up-to-date: /home/robot_ws/install/robot_description/share/ament_index/resource_index/parent_prefix_path/robot_description
[1.122s] -- Up-to-date: /home/robot_ws/install/robot_description/share/robot_description/environment/ament_prefix_path.sh
[1.125s] -- Up-to-date: /home/robot_ws/install/robot_description/share/robot_description/environment/ament_prefix_path.dsv
[1.126s] -- Up-to-date: /home/robot_ws/install/robot_description/share/robot_description/environment/path.sh
[1.127s] -- Up-to-date: /home/robot_ws/install/robot_description/share/robot_description/environment/path.dsv
[1.127s] -- Up-to-date: /home/robot_ws/install/robot_description/share/robot_description/local_setup.bash
[1.128s] -- Up-to-date: /home/robot_ws/install/robot_description/share/robot_description/local_setup.sh
[1.128s] -- Up-to-date: /home/robot_ws/install/robot_description/share/robot_description/local_setup.zsh
[1.129s] -- Up-to-date: /home/robot_ws/install/robot_description/share/robot_description/local_setup.dsv
[1.129s] -- Installing: /home/robot_ws/install/robot_description/share/robot_description/package.dsv
[1.130s] -- Up-to-date: /home/robot_ws/install/robot_description/share/ament_index/resource_index/packages/robot_description
[1.132s] -- Up-to-date: /home/robot_ws/install/robot_description/share/robot_description/cmake/robot_descriptionConfig.cmake
[1.133s] -- Up-to-date: /home/robot_ws/install/robot_description/share/robot_description/cmake/robot_descriptionConfig-version.cmake
[1.141s] -- Up-to-date: /home/robot_ws/install/robot_description/share/robot_description/package.xml
[1.151s] Invoked command in '/home/robot_ws/build/robot_description' returned '0': CMAKE_PREFIX_PATH=${CMAKE_PREFIX_PATH}:/opt/ros/humble /usr/bin/cmake --install /home/robot_ws/build/robot_description
