[0.020s] Invoking command in '/home/robot_ws/build/robot_description': CMAKE_PREFIX_PATH=${CMAKE_PREFIX_PATH}:/opt/ros/humble /usr/bin/cmake --build /home/robot_ws/build/robot_description -- -j16 -l16
[0.113s] Built target ament_cmake_python_copy_src
[0.327s] running egg_info
[0.328s] writing src.egg-info/PKG-INFO
[0.328s] writing dependency_links to src.egg-info/dependency_links.txt
[0.328s] writing top-level names to src.egg-info/top_level.txt
[0.339s] reading manifest file 'src.egg-info/SOURCES.txt'
[0.340s] writing manifest file 'src.egg-info/SOURCES.txt'
[0.365s] Built target ament_cmake_python_build_src_egg
[0.382s] Invoked command in '/home/robot_ws/build/robot_description' returned '0': CMAKE_PREFIX_PATH=${CMAKE_PREFIX_PATH}:/opt/ros/humble /usr/bin/cmake --build /home/robot_ws/build/robot_description -- -j16 -l16
[0.390s] Invoking command in '/home/robot_ws/build/robot_description': CMAKE_PREFIX_PATH=${CMAKE_PREFIX_PATH}:/opt/ros/humble /usr/bin/cmake --install /home/robot_ws/build/robot_description
[0.396s] -- Install configuration: ""
[0.396s] -- Up-to-date: /home/robot_ws/install/robot_description/share/robot_description/environment/pythonpath.sh
[0.396s] -- Up-to-date: /home/robot_ws/install/robot_description/share/robot_description/environment/pythonpath.dsv
[0.396s] -- Up-to-date: /home/robot_ws/install/robot_description/local/lib/python3.10/dist-packages/src-0.0.0-py3.10.egg-info
[0.396s] -- Installing: /home/robot_ws/install/robot_description/local/lib/python3.10/dist-packages/src-0.0.0-py3.10.egg-info/SOURCES.txt
[0.396s] -- Installing: /home/robot_ws/install/robot_description/local/lib/python3.10/dist-packages/src-0.0.0-py3.10.egg-info/PKG-INFO
[0.397s] -- Installing: /home/robot_ws/install/robot_description/local/lib/python3.10/dist-packages/src-0.0.0-py3.10.egg-info/top_level.txt
[0.397s] -- Installing: /home/robot_ws/install/robot_description/local/lib/python3.10/dist-packages/src-0.0.0-py3.10.egg-info/dependency_links.txt
[0.397s] -- Up-to-date: /home/robot_ws/install/robot_description/local/lib/python3.10/dist-packages/src
[0.397s] -- Up-to-date: /home/robot_ws/install/robot_description/local/lib/python3.10/dist-packages/src/__init__.py
[0.429s] Listing '/home/robot_ws/install/robot_description/local/lib/python3.10/dist-packages/src'...
[0.442s] -- Up-to-date: /home/robot_ws/install/robot_description/share/robot_description/urdf
[0.443s] -- Up-to-date: /home/robot_ws/install/robot_description/share/robot_description/urdf/robot.urdf.xacro
[0.443s] -- Up-to-date: /home/robot_ws/install/robot_description/share/robot_description/urdf/base.urdf.xacro
[0.443s] -- Up-to-date: /home/robot_ws/install/robot_description/share/robot_description/urdf/properties.urdf.xacro
[0.444s] -- Up-to-date: /home/robot_ws/install/robot_description/share/robot_description/urdf/sensors
[0.445s] -- Up-to-date: /home/robot_ws/install/robot_description/share/robot_description/urdf/sensors/imu.urdf.xacro
[0.458s] -- Up-to-date: /home/robot_ws/install/robot_description/share/robot_description/urdf/sensors/depth_sensor.urdf.xacro
[0.459s] -- Up-to-date: /home/robot_ws/install/robot_description/share/robot_description/urdf/drive.urdf.xacro
[0.459s] -- Up-to-date: /home/robot_ws/install/robot_description/share/robot_description/urdf/wheel.urdf.xacro
[0.459s] -- Up-to-date: /home/robot_ws/install/robot_description/share/robot_description/src
[0.459s] -- Up-to-date: /home/robot_ws/install/robot_description/share/robot_description/src/__init__.py
[0.459s] -- Up-to-date: /home/robot_ws/install/robot_description/share/robot_description/rviz
[0.459s] -- Up-to-date: /home/robot_ws/install/robot_description/share/robot_description/rviz/view_urdf.rviz
[0.459s] -- Up-to-date: /home/robot_ws/install/robot_description/share/robot_description/rviz/description.rviz
[0.461s] -- Up-to-date: /home/robot_ws/install/robot_description/share/robot_description/worlds
[0.462s] -- Up-to-date: /home/robot_ws/install/robot_description/share/robot_description/worlds/Floor_Blend.blend
[0.464s] -- Up-to-date: /home/robot_ws/install/robot_description/share/robot_description/worlds/world.world
[0.465s] -- Up-to-date: /home/robot_ws/install/robot_description/share/robot_description/worlds/map.dae
[0.467s] -- Up-to-date: /home/robot_ws/install/robot_description/share/robot_description/worlds/Floor_Blend.blend1
[0.468s] -- Up-to-date: /home/robot_ws/install/robot_description/share/robot_description/worlds/map
[0.469s] -- Up-to-date: /home/robot_ws/install/robot_description/share/robot_description/worlds/map/model.sdf
[0.470s] -- Up-to-date: /home/robot_ws/install/robot_description/share/robot_description/worlds/map/model.config
[0.471s] -- Up-to-date: /home/robot_ws/install/robot_description/share/robot_description/maps
[0.480s] -- Up-to-date: /home/robot_ws/install/robot_description/share/robot_description/launch
[0.483s] -- Up-to-date: /home/robot_ws/install/robot_description/share/robot_description/launch/description.launch.py
[0.484s] -- Up-to-date: /home/robot_ws/install/robot_description/share/robot_description/launch/gazebo.launch.py
[0.484s] -- Up-to-date: /home/robot_ws/install/robot_description/share/robot_description/config
[0.485s] -- Up-to-date: /home/robot_ws/install/robot_description/share/robot_description/config/ekf.yaml
[0.485s] -- Up-to-date: /home/robot_ws/install/robot_description/share/ament_index/resource_index/package_run_dependencies/robot_description
[0.485s] -- Up-to-date: /home/robot_ws/install/robot_description/share/ament_index/resource_index/parent_prefix_path/robot_description
[0.489s] -- Up-to-date: /home/robot_ws/install/robot_description/share/robot_description/environment/ament_prefix_path.sh
[0.490s] -- Up-to-date: /home/robot_ws/install/robot_description/share/robot_description/environment/ament_prefix_path.dsv
[0.491s] -- Up-to-date: /home/robot_ws/install/robot_description/share/robot_description/environment/path.sh
[0.492s] -- Up-to-date: /home/robot_ws/install/robot_description/share/robot_description/environment/path.dsv
[0.493s] -- Up-to-date: /home/robot_ws/install/robot_description/share/robot_description/local_setup.bash
[0.495s] -- Up-to-date: /home/robot_ws/install/robot_description/share/robot_description/local_setup.sh
[0.499s] -- Up-to-date: /home/robot_ws/install/robot_description/share/robot_description/local_setup.zsh
[0.504s] -- Up-to-date: /home/robot_ws/install/robot_description/share/robot_description/local_setup.dsv
[0.508s] -- Installing: /home/robot_ws/install/robot_description/share/robot_description/package.dsv
[0.509s] -- Up-to-date: /home/robot_ws/install/robot_description/share/ament_index/resource_index/packages/robot_description
[0.509s] -- Up-to-date: /home/robot_ws/install/robot_description/share/robot_description/cmake/robot_descriptionConfig.cmake
[0.510s] -- Up-to-date: /home/robot_ws/install/robot_description/share/robot_description/cmake/robot_descriptionConfig-version.cmake
[0.510s] -- Up-to-date: /home/robot_ws/install/robot_description/share/robot_description/package.xml
[0.619s] Invoked command in '/home/robot_ws/build/robot_description' returned '0': CMAKE_PREFIX_PATH=${CMAKE_PREFIX_PATH}:/opt/ros/humble /usr/bin/cmake --install /home/robot_ws/build/robot_description
