[0.030s] Invoking command in '/home/entity014/3GP6-bot/robot_ws/build/robot_description': CMAKE_PREFIX_PATH=${CMAKE_PREFIX_PATH}:/home/entity014/Ros-Major/project_ws/install/object_detect:/home/entity014/Ros-Major/650610841_final/install/lidar_650610841:/home/entity014/turtlebot3_ws/install/turtlebot3_teleop:/home/entity014/turtlebot3_ws/install/turtlebot3_example:/opt/ros/humble /usr/bin/cmake --build /home/entity014/3GP6-bot/robot_ws/build/robot_description -- -j16 -l16
[0.085s] Built target ament_cmake_python_copy_src
[0.541s] running egg_info
[0.542s] writing src.egg-info/PKG-INFO
[0.543s] writing dependency_links to src.egg-info/dependency_links.txt
[0.543s] writing top-level names to src.egg-info/top_level.txt
[0.547s] reading manifest file 'src.egg-info/SOURCES.txt'
[0.548s] writing manifest file 'src.egg-info/SOURCES.txt'
[0.586s] Built target ament_cmake_python_build_src_egg
[0.595s] Invoked command in '/home/entity014/3GP6-bot/robot_ws/build/robot_description' returned '0': CMAKE_PREFIX_PATH=${CMAKE_PREFIX_PATH}:/home/entity014/Ros-Major/project_ws/install/object_detect:/home/entity014/Ros-Major/650610841_final/install/lidar_650610841:/home/entity014/turtlebot3_ws/install/turtlebot3_teleop:/home/entity014/turtlebot3_ws/install/turtlebot3_example:/opt/ros/humble /usr/bin/cmake --build /home/entity014/3GP6-bot/robot_ws/build/robot_description -- -j16 -l16
[0.597s] Invoking command in '/home/entity014/3GP6-bot/robot_ws/build/robot_description': CMAKE_PREFIX_PATH=${CMAKE_PREFIX_PATH}:/home/entity014/Ros-Major/project_ws/install/object_detect:/home/entity014/Ros-Major/650610841_final/install/lidar_650610841:/home/entity014/turtlebot3_ws/install/turtlebot3_teleop:/home/entity014/turtlebot3_ws/install/turtlebot3_example:/opt/ros/humble /usr/bin/cmake --install /home/entity014/3GP6-bot/robot_ws/build/robot_description
[0.603s] -- Install configuration: ""
[0.603s] -- Up-to-date: /home/entity014/3GP6-bot/robot_ws/install/robot_description/share/robot_description/environment/pythonpath.sh
[0.603s] -- Up-to-date: /home/entity014/3GP6-bot/robot_ws/install/robot_description/share/robot_description/environment/pythonpath.dsv
[0.604s] -- Up-to-date: /home/entity014/3GP6-bot/robot_ws/install/robot_description/local/lib/python3.10/dist-packages/src-0.0.0-py3.10.egg-info
[0.604s] -- Installing: /home/entity014/3GP6-bot/robot_ws/install/robot_description/local/lib/python3.10/dist-packages/src-0.0.0-py3.10.egg-info/SOURCES.txt
[0.604s] -- Installing: /home/entity014/3GP6-bot/robot_ws/install/robot_description/local/lib/python3.10/dist-packages/src-0.0.0-py3.10.egg-info/PKG-INFO
[0.604s] -- Installing: /home/entity014/3GP6-bot/robot_ws/install/robot_description/local/lib/python3.10/dist-packages/src-0.0.0-py3.10.egg-info/top_level.txt
[0.604s] -- Installing: /home/entity014/3GP6-bot/robot_ws/install/robot_description/local/lib/python3.10/dist-packages/src-0.0.0-py3.10.egg-info/dependency_links.txt
[0.605s] -- Up-to-date: /home/entity014/3GP6-bot/robot_ws/install/robot_description/local/lib/python3.10/dist-packages/src
[0.605s] -- Up-to-date: /home/entity014/3GP6-bot/robot_ws/install/robot_description/local/lib/python3.10/dist-packages/src/__init__.py
[0.672s] Listing '/home/entity014/3GP6-bot/robot_ws/install/robot_description/local/lib/python3.10/dist-packages/src'...
[0.681s] -- Up-to-date: /home/entity014/3GP6-bot/robot_ws/install/robot_description/share/robot_description/urdf
[0.681s] -- Up-to-date: /home/entity014/3GP6-bot/robot_ws/install/robot_description/share/robot_description/urdf/robot.urdf.xacro
[0.681s] -- Up-to-date: /home/entity014/3GP6-bot/robot_ws/install/robot_description/share/robot_description/urdf/base.urdf.xacro
[0.681s] -- Up-to-date: /home/entity014/3GP6-bot/robot_ws/install/robot_description/share/robot_description/urdf/properties.urdf.xacro
[0.681s] -- Up-to-date: /home/entity014/3GP6-bot/robot_ws/install/robot_description/share/robot_description/urdf/sensors
[0.681s] -- Up-to-date: /home/entity014/3GP6-bot/robot_ws/install/robot_description/share/robot_description/urdf/sensors/imu.urdf.xacro
[0.682s] -- Up-to-date: /home/entity014/3GP6-bot/robot_ws/install/robot_description/share/robot_description/urdf/sensors/depth_sensor.urdf.xacro
[0.682s] -- Up-to-date: /home/entity014/3GP6-bot/robot_ws/install/robot_description/share/robot_description/urdf/drive.urdf.xacro
[0.682s] -- Up-to-date: /home/entity014/3GP6-bot/robot_ws/install/robot_description/share/robot_description/urdf/wheel.urdf.xacro
[0.682s] -- Up-to-date: /home/entity014/3GP6-bot/robot_ws/install/robot_description/share/robot_description/src
[0.682s] -- Up-to-date: /home/entity014/3GP6-bot/robot_ws/install/robot_description/share/robot_description/src/__init__.py
[0.682s] -- Up-to-date: /home/entity014/3GP6-bot/robot_ws/install/robot_description/share/robot_description/rviz
[0.682s] -- Up-to-date: /home/entity014/3GP6-bot/robot_ws/install/robot_description/share/robot_description/rviz/view_urdf.rviz
[0.682s] -- Up-to-date: /home/entity014/3GP6-bot/robot_ws/install/robot_description/share/robot_description/rviz/description.rviz
[0.682s] -- Up-to-date: /home/entity014/3GP6-bot/robot_ws/install/robot_description/share/robot_description/worlds
[0.682s] -- Up-to-date: /home/entity014/3GP6-bot/robot_ws/install/robot_description/share/robot_description/worlds/Floor_Blend.blend
[0.683s] -- Up-to-date: /home/entity014/3GP6-bot/robot_ws/install/robot_description/share/robot_description/worlds/world.world
[0.683s] -- Up-to-date: /home/entity014/3GP6-bot/robot_ws/install/robot_description/share/robot_description/worlds/map.dae
[0.683s] -- Up-to-date: /home/entity014/3GP6-bot/robot_ws/install/robot_description/share/robot_description/worlds/Floor_Blend.blend1
[0.684s] -- Up-to-date: /home/entity014/3GP6-bot/robot_ws/install/robot_description/share/robot_description/worlds/map
[0.684s] -- Up-to-date: /home/entity014/3GP6-bot/robot_ws/install/robot_description/share/robot_description/worlds/map/model.sdf
[0.685s] -- Up-to-date: /home/entity014/3GP6-bot/robot_ws/install/robot_description/share/robot_description/worlds/map/model.config
[0.685s] -- Up-to-date: /home/entity014/3GP6-bot/robot_ws/install/robot_description/share/robot_description/launch
[0.687s] -- Up-to-date: /home/entity014/3GP6-bot/robot_ws/install/robot_description/share/robot_description/launch/description.launch.py
[0.687s] -- Up-to-date: /home/entity014/3GP6-bot/robot_ws/install/robot_description/share/robot_description/launch/gazebo.launch.py
[0.688s] -- Up-to-date: /home/entity014/3GP6-bot/robot_ws/install/robot_description/share/robot_description/config
[0.688s] -- Up-to-date: /home/entity014/3GP6-bot/robot_ws/install/robot_description/share/robot_description/config/ekf.yaml
[0.688s] -- Up-to-date: /home/entity014/3GP6-bot/robot_ws/install/robot_description/share/ament_index/resource_index/package_run_dependencies/robot_description
[0.688s] -- Up-to-date: /home/entity014/3GP6-bot/robot_ws/install/robot_description/share/ament_index/resource_index/parent_prefix_path/robot_description
[0.688s] -- Up-to-date: /home/entity014/3GP6-bot/robot_ws/install/robot_description/share/robot_description/environment/ament_prefix_path.sh
[0.688s] -- Up-to-date: /home/entity014/3GP6-bot/robot_ws/install/robot_description/share/robot_description/environment/ament_prefix_path.dsv
[0.689s] -- Up-to-date: /home/entity014/3GP6-bot/robot_ws/install/robot_description/share/robot_description/environment/path.sh
[0.689s] -- Up-to-date: /home/entity014/3GP6-bot/robot_ws/install/robot_description/share/robot_description/environment/path.dsv
[0.689s] -- Up-to-date: /home/entity014/3GP6-bot/robot_ws/install/robot_description/share/robot_description/local_setup.bash
[0.690s] -- Up-to-date: /home/entity014/3GP6-bot/robot_ws/install/robot_description/share/robot_description/local_setup.sh
[0.690s] -- Up-to-date: /home/entity014/3GP6-bot/robot_ws/install/robot_description/share/robot_description/local_setup.zsh
[0.690s] -- Up-to-date: /home/entity014/3GP6-bot/robot_ws/install/robot_description/share/robot_description/local_setup.dsv
[0.690s] -- Installing: /home/entity014/3GP6-bot/robot_ws/install/robot_description/share/robot_description/package.dsv
[0.690s] -- Up-to-date: /home/entity014/3GP6-bot/robot_ws/install/robot_description/share/ament_index/resource_index/packages/robot_description
[0.691s] -- Up-to-date: /home/entity014/3GP6-bot/robot_ws/install/robot_description/share/robot_description/cmake/robot_descriptionConfig.cmake
[0.691s] -- Up-to-date: /home/entity014/3GP6-bot/robot_ws/install/robot_description/share/robot_description/cmake/robot_descriptionConfig-version.cmake
[0.691s] -- Up-to-date: /home/entity014/3GP6-bot/robot_ws/install/robot_description/share/robot_description/package.xml
[0.704s] Invoked command in '/home/entity014/3GP6-bot/robot_ws/build/robot_description' returned '0': CMAKE_PREFIX_PATH=${CMAKE_PREFIX_PATH}:/home/entity014/Ros-Major/project_ws/install/object_detect:/home/entity014/Ros-Major/650610841_final/install/lidar_650610841:/home/entity014/turtlebot3_ws/install/turtlebot3_teleop:/home/entity014/turtlebot3_ws/install/turtlebot3_example:/opt/ros/humble /usr/bin/cmake --install /home/entity014/3GP6-bot/robot_ws/build/robot_description
