[0.020s] Invoking command in '/home/robot_ws/build/robot_description': CMAKE_PREFIX_PATH=${CMAKE_PREFIX_PATH}:/opt/ros/humble /usr/bin/cmake --build /home/robot_ws/build/robot_description -- -j16 -l16
[0.085s] Built target ament_cmake_python_copy_src
[0.256s] running egg_info
[0.257s] writing src.egg-info/PKG-INFO
[0.257s] writing dependency_links to src.egg-info/dependency_links.txt
[0.257s] writing top-level names to src.egg-info/top_level.txt
[0.259s] reading manifest file 'src.egg-info/SOURCES.txt'
[0.259s] writing manifest file 'src.egg-info/SOURCES.txt'
[0.291s] Built target ament_cmake_python_build_src_egg
[0.317s] Invoked command in '/home/robot_ws/build/robot_description' returned '0': CMAKE_PREFIX_PATH=${CMAKE_PREFIX_PATH}:/opt/ros/humble /usr/bin/cmake --build /home/robot_ws/build/robot_description -- -j16 -l16
[0.318s] Invoking command in '/home/robot_ws/build/robot_description': CMAKE_PREFIX_PATH=${CMAKE_PREFIX_PATH}:/opt/ros/humble /usr/bin/cmake --install /home/robot_ws/build/robot_description
[0.324s] -- Install configuration: ""
[0.324s] -- Up-to-date: /home/robot_ws/install/robot_description/share/robot_description/environment/pythonpath.sh
[0.325s] -- Up-to-date: /home/robot_ws/install/robot_description/share/robot_description/environment/pythonpath.dsv
[0.327s] -- Up-to-date: /home/robot_ws/install/robot_description/local/lib/python3.10/dist-packages/src-0.0.0-py3.10.egg-info
[0.328s] -- Installing: /home/robot_ws/install/robot_description/local/lib/python3.10/dist-packages/src-0.0.0-py3.10.egg-info/SOURCES.txt
[0.328s] -- Installing: /home/robot_ws/install/robot_description/local/lib/python3.10/dist-packages/src-0.0.0-py3.10.egg-info/PKG-INFO
[0.329s] -- Installing: /home/robot_ws/install/robot_description/local/lib/python3.10/dist-packages/src-0.0.0-py3.10.egg-info/top_level.txt
[0.330s] -- Installing: /home/robot_ws/install/robot_description/local/lib/python3.10/dist-packages/src-0.0.0-py3.10.egg-info/dependency_links.txt
[0.330s] -- Up-to-date: /home/robot_ws/install/robot_description/local/lib/python3.10/dist-packages/src
[0.331s] -- Up-to-date: /home/robot_ws/install/robot_description/local/lib/python3.10/dist-packages/src/__init__.py
[0.382s] Listing '/home/robot_ws/install/robot_description/local/lib/python3.10/dist-packages/src'...
[0.404s] -- Up-to-date: /home/robot_ws/install/robot_description/share/robot_description/urdf
[0.409s] -- Up-to-date: /home/robot_ws/install/robot_description/share/robot_description/urdf/robot.urdf.xacro
[0.412s] -- Up-to-date: /home/robot_ws/install/robot_description/share/robot_description/urdf/base.urdf.xacro
[0.418s] -- Up-to-date: /home/robot_ws/install/robot_description/share/robot_description/urdf/properties.urdf.xacro
[0.419s] -- Up-to-date: /home/robot_ws/install/robot_description/share/robot_description/urdf/sensors
[0.421s] -- Up-to-date: /home/robot_ws/install/robot_description/share/robot_description/urdf/sensors/imu.urdf.xacro
[0.422s] -- Up-to-date: /home/robot_ws/install/robot_description/share/robot_description/urdf/sensors/depth_sensor.urdf.xacro
[0.427s] -- Up-to-date: /home/robot_ws/install/robot_description/share/robot_description/urdf/drive.urdf.xacro
[0.429s] -- Up-to-date: /home/robot_ws/install/robot_description/share/robot_description/urdf/wheel.urdf.xacro
[0.432s] -- Up-to-date: /home/robot_ws/install/robot_description/share/robot_description/src
[0.434s] -- Up-to-date: /home/robot_ws/install/robot_description/share/robot_description/src/__init__.py
[0.435s] -- Up-to-date: /home/robot_ws/install/robot_description/share/robot_description/rviz
[0.436s] -- Up-to-date: /home/robot_ws/install/robot_description/share/robot_description/rviz/view_urdf.rviz
[0.443s] -- Up-to-date: /home/robot_ws/install/robot_description/share/robot_description/rviz/description.rviz
[0.446s] -- Up-to-date: /home/robot_ws/install/robot_description/share/robot_description/worlds
[0.447s] -- Up-to-date: /home/robot_ws/install/robot_description/share/robot_description/worlds/Floor_Blend.blend
[0.452s] -- Up-to-date: /home/robot_ws/install/robot_description/share/robot_description/worlds/world.world
[0.454s] -- Up-to-date: /home/robot_ws/install/robot_description/share/robot_description/worlds/map.dae
[0.457s] -- Up-to-date: /home/robot_ws/install/robot_description/share/robot_description/worlds/Floor_Blend.blend1
[0.458s] -- Up-to-date: /home/robot_ws/install/robot_description/share/robot_description/worlds/map
[0.462s] -- Up-to-date: /home/robot_ws/install/robot_description/share/robot_description/worlds/map/model.sdf
[0.463s] -- Up-to-date: /home/robot_ws/install/robot_description/share/robot_description/worlds/map/model.config
[0.465s] -- Up-to-date: /home/robot_ws/install/robot_description/share/robot_description/maps
[0.468s] -- Up-to-date: /home/robot_ws/install/robot_description/share/robot_description/launch
[0.472s] -- Up-to-date: /home/robot_ws/install/robot_description/share/robot_description/launch/description.launch.py
[0.476s] -- Up-to-date: /home/robot_ws/install/robot_description/share/robot_description/launch/gazebo.launch.py
[0.477s] -- Up-to-date: /home/robot_ws/install/robot_description/share/robot_description/config
[0.479s] -- Up-to-date: /home/robot_ws/install/robot_description/share/robot_description/config/ekf.yaml
[0.481s] -- Up-to-date: /home/robot_ws/install/robot_description/share/ament_index/resource_index/package_run_dependencies/robot_description
[0.483s] -- Up-to-date: /home/robot_ws/install/robot_description/share/ament_index/resource_index/parent_prefix_path/robot_description
[0.484s] -- Up-to-date: /home/robot_ws/install/robot_description/share/robot_description/environment/ament_prefix_path.sh
[0.484s] -- Up-to-date: /home/robot_ws/install/robot_description/share/robot_description/environment/ament_prefix_path.dsv
[0.485s] -- Up-to-date: /home/robot_ws/install/robot_description/share/robot_description/environment/path.sh
[0.485s] -- Up-to-date: /home/robot_ws/install/robot_description/share/robot_description/environment/path.dsv
[0.485s] -- Up-to-date: /home/robot_ws/install/robot_description/share/robot_description/local_setup.bash
[0.485s] -- Up-to-date: /home/robot_ws/install/robot_description/share/robot_description/local_setup.sh
[0.486s] -- Up-to-date: /home/robot_ws/install/robot_description/share/robot_description/local_setup.zsh
[0.486s] -- Up-to-date: /home/robot_ws/install/robot_description/share/robot_description/local_setup.dsv
[0.486s] -- Installing: /home/robot_ws/install/robot_description/share/robot_description/package.dsv
[0.486s] -- Up-to-date: /home/robot_ws/install/robot_description/share/ament_index/resource_index/packages/robot_description
[0.487s] -- Up-to-date: /home/robot_ws/install/robot_description/share/robot_description/cmake/robot_descriptionConfig.cmake
[0.490s] -- Up-to-date: /home/robot_ws/install/robot_description/share/robot_description/cmake/robot_descriptionConfig-version.cmake
[0.496s] -- Up-to-date: /home/robot_ws/install/robot_description/share/robot_description/package.xml
[0.522s] Invoked command in '/home/robot_ws/build/robot_description' returned '0': CMAKE_PREFIX_PATH=${CMAKE_PREFIX_PATH}:/opt/ros/humble /usr/bin/cmake --install /home/robot_ws/build/robot_description
