[0.041s] Invoking command in '/home/entity014/3GP6-bot/robot_ws/build/robot_core': CMAKE_PREFIX_PATH=${CMAKE_PREFIX_PATH}:/home/entity014/Ros-Major/project_ws/install/object_detect:/home/entity014/Ros-Major/650610841_final/install/lidar_650610841:/home/entity014/turtlebot3_ws/install/turtlebot3_teleop:/home/entity014/turtlebot3_ws/install/turtlebot3_example:/opt/ros/humble /usr/bin/cmake --build /home/entity014/3GP6-bot/robot_ws/build/robot_core -- -j16 -l16
[0.098s] Built target ament_cmake_python_copy_src
[0.590s] running egg_info
[0.592s] writing src.egg-info/PKG-INFO
[0.592s] writing dependency_links to src.egg-info/dependency_links.txt
[0.593s] writing top-level names to src.egg-info/top_level.txt
[0.597s] reading manifest file 'src.egg-info/SOURCES.txt'
[0.597s] writing manifest file 'src.egg-info/SOURCES.txt'
[0.646s] Built target ament_cmake_python_build_src_egg
[0.662s] Invoked command in '/home/entity014/3GP6-bot/robot_ws/build/robot_core' returned '0': CMAKE_PREFIX_PATH=${CMAKE_PREFIX_PATH}:/home/entity014/Ros-Major/project_ws/install/object_detect:/home/entity014/Ros-Major/650610841_final/install/lidar_650610841:/home/entity014/turtlebot3_ws/install/turtlebot3_teleop:/home/entity014/turtlebot3_ws/install/turtlebot3_example:/opt/ros/humble /usr/bin/cmake --build /home/entity014/3GP6-bot/robot_ws/build/robot_core -- -j16 -l16
[0.664s] Invoking command in '/home/entity014/3GP6-bot/robot_ws/build/robot_core': CMAKE_PREFIX_PATH=${CMAKE_PREFIX_PATH}:/home/entity014/Ros-Major/project_ws/install/object_detect:/home/entity014/Ros-Major/650610841_final/install/lidar_650610841:/home/entity014/turtlebot3_ws/install/turtlebot3_teleop:/home/entity014/turtlebot3_ws/install/turtlebot3_example:/opt/ros/humble /usr/bin/cmake --install /home/entity014/3GP6-bot/robot_ws/build/robot_core
[0.670s] -- Install configuration: ""
[0.670s] -- Up-to-date: /home/entity014/3GP6-bot/robot_ws/install/robot_core/share/robot_core/environment/pythonpath.sh
[0.670s] -- Up-to-date: /home/entity014/3GP6-bot/robot_ws/install/robot_core/share/robot_core/environment/pythonpath.dsv
[0.671s] -- Up-to-date: /home/entity014/3GP6-bot/robot_ws/install/robot_core/local/lib/python3.10/dist-packages/src-0.0.0-py3.10.egg-info
[0.671s] -- Installing: /home/entity014/3GP6-bot/robot_ws/install/robot_core/local/lib/python3.10/dist-packages/src-0.0.0-py3.10.egg-info/SOURCES.txt
[0.671s] -- Installing: /home/entity014/3GP6-bot/robot_ws/install/robot_core/local/lib/python3.10/dist-packages/src-0.0.0-py3.10.egg-info/PKG-INFO
[0.671s] -- Installing: /home/entity014/3GP6-bot/robot_ws/install/robot_core/local/lib/python3.10/dist-packages/src-0.0.0-py3.10.egg-info/top_level.txt
[0.672s] -- Installing: /home/entity014/3GP6-bot/robot_ws/install/robot_core/local/lib/python3.10/dist-packages/src-0.0.0-py3.10.egg-info/dependency_links.txt
[0.672s] -- Up-to-date: /home/entity014/3GP6-bot/robot_ws/install/robot_core/local/lib/python3.10/dist-packages/src
[0.672s] -- Up-to-date: /home/entity014/3GP6-bot/robot_ws/install/robot_core/local/lib/python3.10/dist-packages/src/detection.py
[0.672s] -- Installing: /home/entity014/3GP6-bot/robot_ws/install/robot_core/local/lib/python3.10/dist-packages/src/autonomy_node.py
[0.672s] -- Up-to-date: /home/entity014/3GP6-bot/robot_ws/install/robot_core/local/lib/python3.10/dist-packages/src/webcam_line.py
[0.673s] -- Up-to-date: /home/entity014/3GP6-bot/robot_ws/install/robot_core/local/lib/python3.10/dist-packages/src/__init__.py
[0.673s] -- Up-to-date: /home/entity014/3GP6-bot/robot_ws/install/robot_core/local/lib/python3.10/dist-packages/src/webcam_ai.py
[0.745s] Listing '/home/entity014/3GP6-bot/robot_ws/install/robot_core/local/lib/python3.10/dist-packages/src'...
[0.746s] Compiling '/home/entity014/3GP6-bot/robot_ws/install/robot_core/local/lib/python3.10/dist-packages/src/autonomy_node.py'...
[0.759s] -- Up-to-date: /home/entity014/3GP6-bot/robot_ws/install/robot_core/share/robot_core/config
[0.760s] -- Up-to-date: /home/entity014/3GP6-bot/robot_ws/install/robot_core/share/robot_core/config/ekf.yaml
[0.760s] -- Up-to-date: /home/entity014/3GP6-bot/robot_ws/install/robot_core/share/robot_core/src
[0.760s] -- Up-to-date: /home/entity014/3GP6-bot/robot_ws/install/robot_core/share/robot_core/src/detection.py
[0.760s] -- Installing: /home/entity014/3GP6-bot/robot_ws/install/robot_core/share/robot_core/src/autonomy_node.py
[0.761s] -- Up-to-date: /home/entity014/3GP6-bot/robot_ws/install/robot_core/share/robot_core/src/webcam_line.py
[0.761s] -- Up-to-date: /home/entity014/3GP6-bot/robot_ws/install/robot_core/share/robot_core/src/__init__.py
[0.761s] -- Up-to-date: /home/entity014/3GP6-bot/robot_ws/install/robot_core/share/robot_core/src/webcam_ai.py
[0.761s] -- Up-to-date: /home/entity014/3GP6-bot/robot_ws/install/robot_core/share/robot_core/launch
[0.762s] -- Up-to-date: /home/entity014/3GP6-bot/robot_ws/install/robot_core/share/robot_core/launch/bringup.launch.py
[0.762s] -- Installing: /home/entity014/3GP6-bot/robot_ws/install/robot_core/lib/robot_core/autonomy_node.py
[0.765s] -- Up-to-date: /home/entity014/3GP6-bot/robot_ws/install/robot_core/lib/robot_core/webcam_ai.py
[0.765s] -- Up-to-date: /home/entity014/3GP6-bot/robot_ws/install/robot_core/lib/robot_core/webcam_line.py
[0.766s] -- Up-to-date: /home/entity014/3GP6-bot/robot_ws/install/robot_core/lib/robot_core/robot_core
[0.766s] -- Up-to-date: /home/entity014/3GP6-bot/robot_ws/install/robot_core/lib/robot_core/robot_core/line.py
[0.767s] -- Up-to-date: /home/entity014/3GP6-bot/robot_ws/install/robot_core/lib/robot_core/robot_core/move.py
[0.768s] -- Up-to-date: /home/entity014/3GP6-bot/robot_ws/install/robot_core/share/ament_index/resource_index/package_run_dependencies/robot_core
[0.768s] -- Up-to-date: /home/entity014/3GP6-bot/robot_ws/install/robot_core/share/ament_index/resource_index/parent_prefix_path/robot_core
[0.769s] -- Up-to-date: /home/entity014/3GP6-bot/robot_ws/install/robot_core/share/robot_core/environment/ament_prefix_path.sh
[0.769s] -- Up-to-date: /home/entity014/3GP6-bot/robot_ws/install/robot_core/share/robot_core/environment/ament_prefix_path.dsv
[0.770s] -- Up-to-date: /home/entity014/3GP6-bot/robot_ws/install/robot_core/share/robot_core/environment/path.sh
[0.780s] -- Up-to-date: /home/entity014/3GP6-bot/robot_ws/install/robot_core/share/robot_core/environment/path.dsv
[0.780s] -- Up-to-date: /home/entity014/3GP6-bot/robot_ws/install/robot_core/share/robot_core/local_setup.bash
[0.781s] -- Up-to-date: /home/entity014/3GP6-bot/robot_ws/install/robot_core/share/robot_core/local_setup.sh
[0.782s] -- Up-to-date: /home/entity014/3GP6-bot/robot_ws/install/robot_core/share/robot_core/local_setup.zsh
[0.782s] -- Up-to-date: /home/entity014/3GP6-bot/robot_ws/install/robot_core/share/robot_core/local_setup.dsv
[0.783s] -- Installing: /home/entity014/3GP6-bot/robot_ws/install/robot_core/share/robot_core/package.dsv
[0.786s] -- Up-to-date: /home/entity014/3GP6-bot/robot_ws/install/robot_core/share/ament_index/resource_index/packages/robot_core
[0.786s] -- Up-to-date: /home/entity014/3GP6-bot/robot_ws/install/robot_core/share/robot_core/cmake/robot_coreConfig.cmake
[0.786s] -- Up-to-date: /home/entity014/3GP6-bot/robot_ws/install/robot_core/share/robot_core/cmake/robot_coreConfig-version.cmake
[0.786s] -- Up-to-date: /home/entity014/3GP6-bot/robot_ws/install/robot_core/share/robot_core/package.xml
[0.791s] Invoked command in '/home/entity014/3GP6-bot/robot_ws/build/robot_core' returned '0': CMAKE_PREFIX_PATH=${CMAKE_PREFIX_PATH}:/home/entity014/Ros-Major/project_ws/install/object_detect:/home/entity014/Ros-Major/650610841_final/install/lidar_650610841:/home/entity014/turtlebot3_ws/install/turtlebot3_teleop:/home/entity014/turtlebot3_ws/install/turtlebot3_example:/opt/ros/humble /usr/bin/cmake --install /home/entity014/3GP6-bot/robot_ws/build/robot_core
