[0.046s] Invoking command in '/home/entity014/3GP6-bot/robot_ws/build/robot_description': CMAKE_PREFIX_PATH=${CMAKE_PREFIX_PATH}:/home/entity014/Ros-Major/project_ws/install/object_detect:/home/entity014/Ros-Major/650610841_final/install/lidar_650610841:/home/entity014/turtlebot3_ws/install/turtlebot3_teleop:/home/entity014/turtlebot3_ws/install/turtlebot3_example:/opt/ros/humble /usr/bin/cmake --build /home/entity014/3GP6-bot/robot_ws/build/robot_description -- -j16 -l16
[0.109s] Built target ament_cmake_python_copy_src
[0.500s] running egg_info
[0.500s] writing src.egg-info/PKG-INFO
[0.500s] writing dependency_links to src.egg-info/dependency_links.txt
[0.500s] writing top-level names to src.egg-info/top_level.txt
[0.502s] reading manifest file 'src.egg-info/SOURCES.txt'
[0.502s] writing manifest file 'src.egg-info/SOURCES.txt'
[0.521s] Built target ament_cmake_python_build_src_egg
[0.526s] Invoked command in '/home/entity014/3GP6-bot/robot_ws/build/robot_description' returned '0': CMAKE_PREFIX_PATH=${CMAKE_PREFIX_PATH}:/home/entity014/Ros-Major/project_ws/install/object_detect:/home/entity014/Ros-Major/650610841_final/install/lidar_650610841:/home/entity014/turtlebot3_ws/install/turtlebot3_teleop:/home/entity014/turtlebot3_ws/install/turtlebot3_example:/opt/ros/humble /usr/bin/cmake --build /home/entity014/3GP6-bot/robot_ws/build/robot_description -- -j16 -l16
[0.538s] Invoking command in '/home/entity014/3GP6-bot/robot_ws/build/robot_description': CMAKE_PREFIX_PATH=${CMAKE_PREFIX_PATH}:/home/entity014/Ros-Major/project_ws/install/object_detect:/home/entity014/Ros-Major/650610841_final/install/lidar_650610841:/home/entity014/turtlebot3_ws/install/turtlebot3_teleop:/home/entity014/turtlebot3_ws/install/turtlebot3_example:/opt/ros/humble /usr/bin/cmake --install /home/entity014/3GP6-bot/robot_ws/build/robot_description
[0.557s] -- Install configuration: ""
[0.558s] -- Up-to-date: /home/entity014/3GP6-bot/robot_ws/install/robot_description/share/robot_description/environment/pythonpath.sh
[0.560s] -- Up-to-date: /home/entity014/3GP6-bot/robot_ws/install/robot_description/share/robot_description/environment/pythonpath.dsv
[0.561s] -- Up-to-date: /home/entity014/3GP6-bot/robot_ws/install/robot_description/local/lib/python3.10/dist-packages/src-0.0.0-py3.10.egg-info
[0.561s] -- Installing: /home/entity014/3GP6-bot/robot_ws/install/robot_description/local/lib/python3.10/dist-packages/src-0.0.0-py3.10.egg-info/SOURCES.txt
[0.562s] -- Installing: /home/entity014/3GP6-bot/robot_ws/install/robot_description/local/lib/python3.10/dist-packages/src-0.0.0-py3.10.egg-info/PKG-INFO
[0.565s] -- Installing: /home/entity014/3GP6-bot/robot_ws/install/robot_description/local/lib/python3.10/dist-packages/src-0.0.0-py3.10.egg-info/top_level.txt
[0.565s] -- Installing: /home/entity014/3GP6-bot/robot_ws/install/robot_description/local/lib/python3.10/dist-packages/src-0.0.0-py3.10.egg-info/dependency_links.txt
[0.565s] -- Up-to-date: /home/entity014/3GP6-bot/robot_ws/install/robot_description/local/lib/python3.10/dist-packages/src
[0.565s] -- Up-to-date: /home/entity014/3GP6-bot/robot_ws/install/robot_description/local/lib/python3.10/dist-packages/src/__init__.py
[0.623s] Listing '/home/entity014/3GP6-bot/robot_ws/install/robot_description/local/lib/python3.10/dist-packages/src'...
[0.633s] -- Up-to-date: /home/entity014/3GP6-bot/robot_ws/install/robot_description/share/robot_description/urdf
[0.635s] -- Up-to-date: /home/entity014/3GP6-bot/robot_ws/install/robot_description/share/robot_description/urdf/robot.urdf.xacro
[0.636s] -- Up-to-date: /home/entity014/3GP6-bot/robot_ws/install/robot_description/share/robot_description/urdf/base.urdf.xacro
[0.637s] -- Up-to-date: /home/entity014/3GP6-bot/robot_ws/install/robot_description/share/robot_description/urdf/properties.urdf.xacro
[0.637s] -- Up-to-date: /home/entity014/3GP6-bot/robot_ws/install/robot_description/share/robot_description/urdf/sensors
[0.639s] -- Up-to-date: /home/entity014/3GP6-bot/robot_ws/install/robot_description/share/robot_description/urdf/sensors/imu.urdf.xacro
[0.640s] -- Up-to-date: /home/entity014/3GP6-bot/robot_ws/install/robot_description/share/robot_description/urdf/sensors/depth_sensor.urdf.xacro
[0.641s] -- Up-to-date: /home/entity014/3GP6-bot/robot_ws/install/robot_description/share/robot_description/urdf/drive.urdf.xacro
[0.643s] -- Up-to-date: /home/entity014/3GP6-bot/robot_ws/install/robot_description/share/robot_description/urdf/wheel.urdf.xacro
[0.644s] -- Up-to-date: /home/entity014/3GP6-bot/robot_ws/install/robot_description/share/robot_description/src
[0.645s] -- Up-to-date: /home/entity014/3GP6-bot/robot_ws/install/robot_description/share/robot_description/src/__init__.py
[0.647s] -- Up-to-date: /home/entity014/3GP6-bot/robot_ws/install/robot_description/share/robot_description/rviz
[0.648s] -- Up-to-date: /home/entity014/3GP6-bot/robot_ws/install/robot_description/share/robot_description/rviz/view_urdf.rviz
[0.649s] -- Up-to-date: /home/entity014/3GP6-bot/robot_ws/install/robot_description/share/robot_description/rviz/description.rviz
[0.650s] -- Up-to-date: /home/entity014/3GP6-bot/robot_ws/install/robot_description/share/robot_description/worlds
[0.650s] -- Up-to-date: /home/entity014/3GP6-bot/robot_ws/install/robot_description/share/robot_description/worlds/Floor_Blend.blend
[0.650s] -- Up-to-date: /home/entity014/3GP6-bot/robot_ws/install/robot_description/share/robot_description/worlds/world.world
[0.651s] -- Up-to-date: /home/entity014/3GP6-bot/robot_ws/install/robot_description/share/robot_description/worlds/map.dae
[0.652s] -- Up-to-date: /home/entity014/3GP6-bot/robot_ws/install/robot_description/share/robot_description/worlds/Floor_Blend.blend1
[0.653s] -- Up-to-date: /home/entity014/3GP6-bot/robot_ws/install/robot_description/share/robot_description/worlds/map
[0.655s] -- Up-to-date: /home/entity014/3GP6-bot/robot_ws/install/robot_description/share/robot_description/worlds/map/model.sdf
[0.657s] -- Up-to-date: /home/entity014/3GP6-bot/robot_ws/install/robot_description/share/robot_description/worlds/map/model.config
[0.658s] -- Up-to-date: /home/entity014/3GP6-bot/robot_ws/install/robot_description/share/robot_description/launch
[0.661s] -- Up-to-date: /home/entity014/3GP6-bot/robot_ws/install/robot_description/share/robot_description/launch/description.launch.py
[0.666s] -- Up-to-date: /home/entity014/3GP6-bot/robot_ws/install/robot_description/share/robot_description/launch/gazebo.launch.py
[0.669s] -- Up-to-date: /home/entity014/3GP6-bot/robot_ws/install/robot_description/share/robot_description/config
[0.670s] -- Up-to-date: /home/entity014/3GP6-bot/robot_ws/install/robot_description/share/robot_description/config/ekf.yaml
[0.670s] -- Up-to-date: /home/entity014/3GP6-bot/robot_ws/install/robot_description/share/ament_index/resource_index/package_run_dependencies/robot_description
[0.671s] -- Up-to-date: /home/entity014/3GP6-bot/robot_ws/install/robot_description/share/ament_index/resource_index/parent_prefix_path/robot_description
[0.672s] -- Up-to-date: /home/entity014/3GP6-bot/robot_ws/install/robot_description/share/robot_description/environment/ament_prefix_path.sh
[0.673s] -- Up-to-date: /home/entity014/3GP6-bot/robot_ws/install/robot_description/share/robot_description/environment/ament_prefix_path.dsv
[0.673s] -- Up-to-date: /home/entity014/3GP6-bot/robot_ws/install/robot_description/share/robot_description/environment/path.sh
[0.674s] -- Up-to-date: /home/entity014/3GP6-bot/robot_ws/install/robot_description/share/robot_description/environment/path.dsv
[0.675s] -- Up-to-date: /home/entity014/3GP6-bot/robot_ws/install/robot_description/share/robot_description/local_setup.bash
[0.675s] -- Up-to-date: /home/entity014/3GP6-bot/robot_ws/install/robot_description/share/robot_description/local_setup.sh
[0.676s] -- Up-to-date: /home/entity014/3GP6-bot/robot_ws/install/robot_description/share/robot_description/local_setup.zsh
[0.677s] -- Up-to-date: /home/entity014/3GP6-bot/robot_ws/install/robot_description/share/robot_description/local_setup.dsv
[0.677s] -- Installing: /home/entity014/3GP6-bot/robot_ws/install/robot_description/share/robot_description/package.dsv
[0.683s] -- Up-to-date: /home/entity014/3GP6-bot/robot_ws/install/robot_description/share/ament_index/resource_index/packages/robot_description
[0.685s] -- Up-to-date: /home/entity014/3GP6-bot/robot_ws/install/robot_description/share/robot_description/cmake/robot_descriptionConfig.cmake
[0.690s] -- Up-to-date: /home/entity014/3GP6-bot/robot_ws/install/robot_description/share/robot_description/cmake/robot_descriptionConfig-version.cmake
[0.692s] -- Up-to-date: /home/entity014/3GP6-bot/robot_ws/install/robot_description/share/robot_description/package.xml
[0.695s] Invoked command in '/home/entity014/3GP6-bot/robot_ws/build/robot_description' returned '0': CMAKE_PREFIX_PATH=${CMAKE_PREFIX_PATH}:/home/entity014/Ros-Major/project_ws/install/object_detect:/home/entity014/Ros-Major/650610841_final/install/lidar_650610841:/home/entity014/turtlebot3_ws/install/turtlebot3_teleop:/home/entity014/turtlebot3_ws/install/turtlebot3_example:/opt/ros/humble /usr/bin/cmake --install /home/entity014/3GP6-bot/robot_ws/build/robot_description
