[0.113s] Invoking command in '/home/entity014/3GP6-bot/robot_ws/build/robot_description': CMAKE_PREFIX_PATH=${CMAKE_PREFIX_PATH}:/home/entity014/Ros-Major/project_ws/install/object_detect:/home/entity014/Ros-Major/650610841_final/install/lidar_650610841:/home/entity014/turtlebot3_ws/install/turtlebot3_teleop:/home/entity014/turtlebot3_ws/install/turtlebot3_example:/opt/ros/humble /usr/bin/cmake /home/entity014/3GP6-bot/robot_ws/src/robot_description -DCMAKE_INSTALL_PREFIX=/home/entity014/3GP6-bot/robot_ws/install/robot_description
[0.330s] -- The C compiler identification is GNU 11.4.0
[0.625s] -- The CXX compiler identification is GNU 11.4.0
[0.696s] -- Detecting C compiler ABI info
[0.902s] -- Detecting C compiler ABI info - done
[0.952s] -- Check for working C compiler: /usr/bin/cc - skipped
[0.958s] -- Detecting C compile features
[0.958s] -- Detecting C compile features - done
[0.983s] -- Detecting CXX compiler ABI info
[1.280s] -- Detecting CXX compiler ABI info - done
[1.346s] -- Check for working CXX compiler: /usr/bin/c++ - skipped
[1.347s] -- Detecting CXX compile features
[1.353s] -- Detecting CXX compile features - done
[1.381s] -- Found ament_cmake: 1.3.11 (/opt/ros/humble/share/ament_cmake/cmake)
[2.032s] -- Found Python3: /usr/bin/python3 (found version "3.10.12") found components: Interpreter 
[2.314s] -- Found rclpy: 3.3.15 (/opt/ros/humble/share/rclpy/cmake)
[2.401s] -- Found ament_lint_auto: 0.12.11 (/opt/ros/humble/share/ament_lint_auto/cmake)
[2.492s] -- Added test 'flake8' to check Python code syntax and style conventions
[2.493s] -- Added test 'lint_cmake' to check CMake code style
[2.494s] -- Added test 'pep257' to check Python code against some of the docstring style conventions in PEP 257
[2.496s] -- Added test 'xmllint' to check XML markup files
[2.497s] -- Configuring done
[2.500s] -- Generating done
[2.502s] -- Build files have been written to: /home/entity014/3GP6-bot/robot_ws/build/robot_description
[2.504s] Invoked command in '/home/entity014/3GP6-bot/robot_ws/build/robot_description' returned '0': CMAKE_PREFIX_PATH=${CMAKE_PREFIX_PATH}:/home/entity014/Ros-Major/project_ws/install/object_detect:/home/entity014/Ros-Major/650610841_final/install/lidar_650610841:/home/entity014/turtlebot3_ws/install/turtlebot3_teleop:/home/entity014/turtlebot3_ws/install/turtlebot3_example:/opt/ros/humble /usr/bin/cmake /home/entity014/3GP6-bot/robot_ws/src/robot_description -DCMAKE_INSTALL_PREFIX=/home/entity014/3GP6-bot/robot_ws/install/robot_description
[2.504s] Invoking command in '/home/entity014/3GP6-bot/robot_ws/build/robot_description': CMAKE_PREFIX_PATH=${CMAKE_PREFIX_PATH}:/home/entity014/Ros-Major/project_ws/install/object_detect:/home/entity014/Ros-Major/650610841_final/install/lidar_650610841:/home/entity014/turtlebot3_ws/install/turtlebot3_teleop:/home/entity014/turtlebot3_ws/install/turtlebot3_example:/opt/ros/humble /usr/bin/cmake --build /home/entity014/3GP6-bot/robot_ws/build/robot_description -- -j16 -l16
[2.552s] Built target ament_cmake_python_copy_src
[2.779s] running egg_info
[2.780s] creating src.egg-info
[2.780s] writing src.egg-info/PKG-INFO
[2.780s] writing dependency_links to src.egg-info/dependency_links.txt
[2.780s] writing top-level names to src.egg-info/top_level.txt
[2.780s] writing manifest file 'src.egg-info/SOURCES.txt'
[2.781s] reading manifest file 'src.egg-info/SOURCES.txt'
[2.782s] writing manifest file 'src.egg-info/SOURCES.txt'
[2.798s] Built target ament_cmake_python_build_src_egg
[2.803s] Invoked command in '/home/entity014/3GP6-bot/robot_ws/build/robot_description' returned '0': CMAKE_PREFIX_PATH=${CMAKE_PREFIX_PATH}:/home/entity014/Ros-Major/project_ws/install/object_detect:/home/entity014/Ros-Major/650610841_final/install/lidar_650610841:/home/entity014/turtlebot3_ws/install/turtlebot3_teleop:/home/entity014/turtlebot3_ws/install/turtlebot3_example:/opt/ros/humble /usr/bin/cmake --build /home/entity014/3GP6-bot/robot_ws/build/robot_description -- -j16 -l16
[2.804s] Invoking command in '/home/entity014/3GP6-bot/robot_ws/build/robot_description': CMAKE_PREFIX_PATH=${CMAKE_PREFIX_PATH}:/home/entity014/Ros-Major/project_ws/install/object_detect:/home/entity014/Ros-Major/650610841_final/install/lidar_650610841:/home/entity014/turtlebot3_ws/install/turtlebot3_teleop:/home/entity014/turtlebot3_ws/install/turtlebot3_example:/opt/ros/humble /usr/bin/cmake --install /home/entity014/3GP6-bot/robot_ws/build/robot_description
[2.806s] -- Install configuration: ""
[2.807s] -- Installing: /home/entity014/3GP6-bot/robot_ws/install/robot_description/share/robot_description/environment/pythonpath.sh
[2.807s] -- Installing: /home/entity014/3GP6-bot/robot_ws/install/robot_description/share/robot_description/environment/pythonpath.dsv
[2.807s] -- Installing: /home/entity014/3GP6-bot/robot_ws/install/robot_description/local/lib/python3.10/dist-packages/src-0.0.0-py3.10.egg-info
[2.807s] -- Installing: /home/entity014/3GP6-bot/robot_ws/install/robot_description/local/lib/python3.10/dist-packages/src-0.0.0-py3.10.egg-info/SOURCES.txt
[2.807s] -- Installing: /home/entity014/3GP6-bot/robot_ws/install/robot_description/local/lib/python3.10/dist-packages/src-0.0.0-py3.10.egg-info/PKG-INFO
[2.807s] -- Installing: /home/entity014/3GP6-bot/robot_ws/install/robot_description/local/lib/python3.10/dist-packages/src-0.0.0-py3.10.egg-info/top_level.txt
[2.807s] -- Installing: /home/entity014/3GP6-bot/robot_ws/install/robot_description/local/lib/python3.10/dist-packages/src-0.0.0-py3.10.egg-info/dependency_links.txt
[2.808s] -- Installing: /home/entity014/3GP6-bot/robot_ws/install/robot_description/local/lib/python3.10/dist-packages/src
[2.808s] -- Installing: /home/entity014/3GP6-bot/robot_ws/install/robot_description/local/lib/python3.10/dist-packages/src/__init__.py
[2.848s] Listing '/home/entity014/3GP6-bot/robot_ws/install/robot_description/local/lib/python3.10/dist-packages/src'...
[2.848s] Compiling '/home/entity014/3GP6-bot/robot_ws/install/robot_description/local/lib/python3.10/dist-packages/src/__init__.py'...
[2.851s] -- Installing: /home/entity014/3GP6-bot/robot_ws/install/robot_description/share/robot_description/urdf
[2.851s] -- Installing: /home/entity014/3GP6-bot/robot_ws/install/robot_description/share/robot_description/urdf/robot.urdf.xacro
[2.851s] -- Installing: /home/entity014/3GP6-bot/robot_ws/install/robot_description/share/robot_description/urdf/base.urdf.xacro
[2.851s] -- Installing: /home/entity014/3GP6-bot/robot_ws/install/robot_description/share/robot_description/urdf/properties.urdf.xacro
[2.851s] -- Installing: /home/entity014/3GP6-bot/robot_ws/install/robot_description/share/robot_description/urdf/sensors
[2.852s] -- Installing: /home/entity014/3GP6-bot/robot_ws/install/robot_description/share/robot_description/urdf/sensors/imu.urdf.xacro
[2.852s] -- Installing: /home/entity014/3GP6-bot/robot_ws/install/robot_description/share/robot_description/urdf/sensors/depth_sensor.urdf.xacro
[2.852s] -- Installing: /home/entity014/3GP6-bot/robot_ws/install/robot_description/share/robot_description/urdf/drive.urdf.xacro
[2.852s] -- Installing: /home/entity014/3GP6-bot/robot_ws/install/robot_description/share/robot_description/urdf/wheel.urdf.xacro
[2.852s] -- Installing: /home/entity014/3GP6-bot/robot_ws/install/robot_description/share/robot_description/src
[2.852s] -- Installing: /home/entity014/3GP6-bot/robot_ws/install/robot_description/share/robot_description/src/__init__.py
[2.852s] -- Installing: /home/entity014/3GP6-bot/robot_ws/install/robot_description/share/robot_description/rviz
[2.852s] -- Installing: /home/entity014/3GP6-bot/robot_ws/install/robot_description/share/robot_description/rviz/view_urdf.rviz
[2.852s] -- Installing: /home/entity014/3GP6-bot/robot_ws/install/robot_description/share/robot_description/rviz/description.rviz
[2.852s] -- Installing: /home/entity014/3GP6-bot/robot_ws/install/robot_description/share/robot_description/worlds
[2.852s] -- Installing: /home/entity014/3GP6-bot/robot_ws/install/robot_description/share/robot_description/worlds/Floor_Blend.blend
[2.853s] -- Installing: /home/entity014/3GP6-bot/robot_ws/install/robot_description/share/robot_description/worlds/world.world
[2.853s] -- Installing: /home/entity014/3GP6-bot/robot_ws/install/robot_description/share/robot_description/worlds/map.dae
[2.853s] -- Installing: /home/entity014/3GP6-bot/robot_ws/install/robot_description/share/robot_description/worlds/Floor_Blend.blend1
[2.853s] -- Installing: /home/entity014/3GP6-bot/robot_ws/install/robot_description/share/robot_description/worlds/map
[2.853s] -- Installing: /home/entity014/3GP6-bot/robot_ws/install/robot_description/share/robot_description/worlds/map/model.sdf
[2.854s] -- Installing: /home/entity014/3GP6-bot/robot_ws/install/robot_description/share/robot_description/worlds/map/model.config
[2.854s] -- Installing: /home/entity014/3GP6-bot/robot_ws/install/robot_description/share/robot_description/launch
[2.854s] -- Installing: /home/entity014/3GP6-bot/robot_ws/install/robot_description/share/robot_description/launch/description.launch.py
[2.854s] -- Installing: /home/entity014/3GP6-bot/robot_ws/install/robot_description/share/robot_description/launch/gazebo.launch.py
[2.854s] -- Installing: /home/entity014/3GP6-bot/robot_ws/install/robot_description/share/robot_description/config
[2.854s] -- Installing: /home/entity014/3GP6-bot/robot_ws/install/robot_description/share/robot_description/config/ekf.yaml
[2.854s] -- Installing: /home/entity014/3GP6-bot/robot_ws/install/robot_description/share/ament_index/resource_index/package_run_dependencies/robot_description
[2.854s] -- Installing: /home/entity014/3GP6-bot/robot_ws/install/robot_description/share/ament_index/resource_index/parent_prefix_path/robot_description
[2.854s] -- Installing: /home/entity014/3GP6-bot/robot_ws/install/robot_description/share/robot_description/environment/ament_prefix_path.sh
[2.854s] -- Installing: /home/entity014/3GP6-bot/robot_ws/install/robot_description/share/robot_description/environment/ament_prefix_path.dsv
[2.854s] -- Installing: /home/entity014/3GP6-bot/robot_ws/install/robot_description/share/robot_description/environment/path.sh
[2.854s] -- Installing: /home/entity014/3GP6-bot/robot_ws/install/robot_description/share/robot_description/environment/path.dsv
[2.854s] -- Installing: /home/entity014/3GP6-bot/robot_ws/install/robot_description/share/robot_description/local_setup.bash
[2.854s] -- Installing: /home/entity014/3GP6-bot/robot_ws/install/robot_description/share/robot_description/local_setup.sh
[2.854s] -- Installing: /home/entity014/3GP6-bot/robot_ws/install/robot_description/share/robot_description/local_setup.zsh
[2.854s] -- Installing: /home/entity014/3GP6-bot/robot_ws/install/robot_description/share/robot_description/local_setup.dsv
[2.854s] -- Installing: /home/entity014/3GP6-bot/robot_ws/install/robot_description/share/robot_description/package.dsv
[2.854s] -- Installing: /home/entity014/3GP6-bot/robot_ws/install/robot_description/share/ament_index/resource_index/packages/robot_description
[2.854s] -- Installing: /home/entity014/3GP6-bot/robot_ws/install/robot_description/share/robot_description/cmake/robot_descriptionConfig.cmake
[2.855s] -- Installing: /home/entity014/3GP6-bot/robot_ws/install/robot_description/share/robot_description/cmake/robot_descriptionConfig-version.cmake
[2.855s] -- Installing: /home/entity014/3GP6-bot/robot_ws/install/robot_description/share/robot_description/package.xml
[2.856s] Invoked command in '/home/entity014/3GP6-bot/robot_ws/build/robot_description' returned '0': CMAKE_PREFIX_PATH=${CMAKE_PREFIX_PATH}:/home/entity014/Ros-Major/project_ws/install/object_detect:/home/entity014/Ros-Major/650610841_final/install/lidar_650610841:/home/entity014/turtlebot3_ws/install/turtlebot3_teleop:/home/entity014/turtlebot3_ws/install/turtlebot3_example:/opt/ros/humble /usr/bin/cmake --install /home/entity014/3GP6-bot/robot_ws/build/robot_description
