[0.040s] Invoking command in '/home/robot_ws/build/robot_interface': CMAKE_PREFIX_PATH=${CMAKE_PREFIX_PATH}:/opt/ros/humble /usr/bin/cmake --build /home/robot_ws/build/robot_interface -- -j16 -l16
[0.077s] Invoked command in '/home/robot_ws/build/robot_interface' returned '0': CMAKE_PREFIX_PATH=${CMAKE_PREFIX_PATH}:/opt/ros/humble /usr/bin/cmake --build /home/robot_ws/build/robot_interface -- -j16 -l16
[0.109s] Invoking command in '/home/robot_ws/build/robot_interface': CMAKE_PREFIX_PATH=${CMAKE_PREFIX_PATH}:/opt/ros/humble /usr/bin/cmake --install /home/robot_ws/build/robot_interface
[0.129s] -- Install configuration: ""
[0.131s] -- Up-to-date: /home/robot_ws/install/robot_interface/share/ament_index/resource_index/package_run_dependencies/robot_interface
[0.132s] -- Up-to-date: /home/robot_ws/install/robot_interface/share/ament_index/resource_index/parent_prefix_path/robot_interface
[0.134s] -- Up-to-date: /home/robot_ws/install/robot_interface/share/robot_interface/environment/ament_prefix_path.sh
[0.135s] -- Up-to-date: /home/robot_ws/install/robot_interface/share/robot_interface/environment/ament_prefix_path.dsv
[0.136s] -- Up-to-date: /home/robot_ws/install/robot_interface/share/robot_interface/environment/path.sh
[0.136s] -- Up-to-date: /home/robot_ws/install/robot_interface/share/robot_interface/environment/path.dsv
[0.137s] -- Up-to-date: /home/robot_ws/install/robot_interface/share/robot_interface/local_setup.bash
[0.138s] -- Up-to-date: /home/robot_ws/install/robot_interface/share/robot_interface/local_setup.sh
[0.138s] -- Up-to-date: /home/robot_ws/install/robot_interface/share/robot_interface/local_setup.zsh
[0.139s] -- Up-to-date: /home/robot_ws/install/robot_interface/share/robot_interface/local_setup.dsv
[0.139s] -- Installing: /home/robot_ws/install/robot_interface/share/robot_interface/package.dsv
[0.140s] -- Up-to-date: /home/robot_ws/install/robot_interface/share/ament_index/resource_index/packages/robot_interface
[0.142s] -- Up-to-date: /home/robot_ws/install/robot_interface/share/robot_interface/cmake/robot_interfaceConfig.cmake
[0.147s] -- Up-to-date: /home/robot_ws/install/robot_interface/share/robot_interface/cmake/robot_interfaceConfig-version.cmake
[0.150s] -- Up-to-date: /home/robot_ws/install/robot_interface/share/robot_interface/package.xml
[0.151s] Invoked command in '/home/robot_ws/build/robot_interface' returned '0': CMAKE_PREFIX_PATH=${CMAKE_PREFIX_PATH}:/opt/ros/humble /usr/bin/cmake --install /home/robot_ws/build/robot_interface
