-- The C compiler identification is GNU 11.4.0
-- The CXX compiler identification is GNU 11.4.0
-- Detecting C compiler ABI info
-- Detecting C compiler ABI info - done
-- Check for working C compiler: /usr/bin/cc - skipped
-- Detecting C compile features
-- Detecting C compile features - done
-- Detecting CXX compiler ABI info
-- Detecting CXX compiler ABI info - done
-- Check for working CXX compiler: /usr/bin/c++ - skipped
-- Detecting CXX compile features
-- Detecting CXX compile features - done
-- Found ament_cmake: 1.3.11 (/opt/ros/humble/share/ament_cmake/cmake)
-- Found Python3: /usr/bin/python3 (found version "3.10.12") found components: Interpreter 
-- Found rosidl_default_generators: 1.2.0 (/opt/ros/humble/share/rosidl_default_generators/cmake)
-- Using all available rosidl_typesupport_c: rosidl_typesupport_fastrtps_c;rosidl_typesupport_introspection_c
-- Found rosidl_adapter: 3.1.6 (/opt/ros/humble/share/rosidl_adapter/cmake)
-- Using all available rosidl_typesupport_cpp: rosidl_typesupport_fastrtps_cpp;rosidl_typesupport_introspection_cpp
-- Found ament_lint_auto: 0.12.11 (/opt/ros/humble/share/ament_lint_auto/cmake)
-- Added test 'lint_cmake' to check CMake code style
-- Added test 'xmllint' to check XML markup files
-- Configuring done
-- Generating done
-- Build files have been written to: /home/entity014/3GP6-bot/robot_ws/build/robot_interface
-- Install configuration: ""
-- Installing: /home/entity014/3GP6-bot/robot_ws/install/robot_interface/share/ament_index/resource_index/package_run_dependencies/robot_interface
-- Installing: /home/entity014/3GP6-bot/robot_ws/install/robot_interface/share/ament_index/resource_index/parent_prefix_path/robot_interface
-- Installing: /home/entity014/3GP6-bot/robot_ws/install/robot_interface/share/robot_interface/environment/ament_prefix_path.sh
-- Installing: /home/entity014/3GP6-bot/robot_ws/install/robot_interface/share/robot_interface/environment/ament_prefix_path.dsv
-- Installing: /home/entity014/3GP6-bot/robot_ws/install/robot_interface/share/robot_interface/environment/path.sh
-- Installing: /home/entity014/3GP6-bot/robot_ws/install/robot_interface/share/robot_interface/environment/path.dsv
-- Installing: /home/entity014/3GP6-bot/robot_ws/install/robot_interface/share/robot_interface/local_setup.bash
-- Installing: /home/entity014/3GP6-bot/robot_ws/install/robot_interface/share/robot_interface/local_setup.sh
-- Installing: /home/entity014/3GP6-bot/robot_ws/install/robot_interface/share/robot_interface/local_setup.zsh
-- Installing: /home/entity014/3GP6-bot/robot_ws/install/robot_interface/share/robot_interface/local_setup.dsv
-- Installing: /home/entity014/3GP6-bot/robot_ws/install/robot_interface/share/robot_interface/package.dsv
-- Installing: /home/entity014/3GP6-bot/robot_ws/install/robot_interface/share/ament_index/resource_index/packages/robot_interface
-- Installing: /home/entity014/3GP6-bot/robot_ws/install/robot_interface/share/robot_interface/cmake/robot_interfaceConfig.cmake
-- Installing: /home/entity014/3GP6-bot/robot_ws/install/robot_interface/share/robot_interface/cmake/robot_interfaceConfig-version.cmake
-- Installing: /home/entity014/3GP6-bot/robot_ws/install/robot_interface/share/robot_interface/package.xml
