[0.019s] Invoking command in '/home/robot_ws/build/robot_description': CMAKE_PREFIX_PATH=${CMAKE_PREFIX_PATH}:/opt/ros/humble /usr/bin/cmake --build /home/robot_ws/build/robot_description -- -j16 -l16
[0.079s] Built target ament_cmake_python_copy_src
[1.301s] running egg_info
[1.301s] writing src.egg-info/PKG-INFO
[1.302s] writing dependency_links to src.egg-info/dependency_links.txt
[1.303s] writing top-level names to src.egg-info/top_level.txt
[1.314s] reading manifest file 'src.egg-info/SOURCES.txt'
[1.316s] writing manifest file 'src.egg-info/SOURCES.txt'
[1.387s] Built target ament_cmake_python_build_src_egg
[1.424s] Invoked command in '/home/robot_ws/build/robot_description' returned '0': CMAKE_PREFIX_PATH=${CMAKE_PREFIX_PATH}:/opt/ros/humble /usr/bin/cmake --build /home/robot_ws/build/robot_description -- -j16 -l16
[1.433s] Invoking command in '/home/robot_ws/build/robot_description': CMAKE_PREFIX_PATH=${CMAKE_PREFIX_PATH}:/opt/ros/humble /usr/bin/cmake --install /home/robot_ws/build/robot_description
[1.464s] -- Install configuration: ""
[1.464s] -- Up-to-date: /home/robot_ws/install/robot_description/share/robot_description/environment/pythonpath.sh
[1.464s] -- Up-to-date: /home/robot_ws/install/robot_description/share/robot_description/environment/pythonpath.dsv
[1.464s] -- Up-to-date: /home/robot_ws/install/robot_description/local/lib/python3.10/dist-packages/src-0.0.0-py3.10.egg-info
[1.464s] -- Installing: /home/robot_ws/install/robot_description/local/lib/python3.10/dist-packages/src-0.0.0-py3.10.egg-info/SOURCES.txt
[1.464s] -- Installing: /home/robot_ws/install/robot_description/local/lib/python3.10/dist-packages/src-0.0.0-py3.10.egg-info/PKG-INFO
[1.464s] -- Installing: /home/robot_ws/install/robot_description/local/lib/python3.10/dist-packages/src-0.0.0-py3.10.egg-info/top_level.txt
[1.464s] -- Installing: /home/robot_ws/install/robot_description/local/lib/python3.10/dist-packages/src-0.0.0-py3.10.egg-info/dependency_links.txt
[1.464s] -- Up-to-date: /home/robot_ws/install/robot_description/local/lib/python3.10/dist-packages/src
[1.464s] -- Up-to-date: /home/robot_ws/install/robot_description/local/lib/python3.10/dist-packages/src/__init__.py
[1.556s] Listing '/home/robot_ws/install/robot_description/local/lib/python3.10/dist-packages/src'...
[1.559s] -- Up-to-date: /home/robot_ws/install/robot_description/share/robot_description/urdf
[1.559s] -- Up-to-date: /home/robot_ws/install/robot_description/share/robot_description/urdf/robot.urdf.xacro
[1.559s] -- Up-to-date: /home/robot_ws/install/robot_description/share/robot_description/urdf/base.urdf.xacro
[1.560s] -- Up-to-date: /home/robot_ws/install/robot_description/share/robot_description/urdf/properties.urdf.xacro
[1.561s] -- Up-to-date: /home/robot_ws/install/robot_description/share/robot_description/urdf/sensors
[1.562s] -- Up-to-date: /home/robot_ws/install/robot_description/share/robot_description/urdf/sensors/imu.urdf.xacro
[1.562s] -- Up-to-date: /home/robot_ws/install/robot_description/share/robot_description/urdf/sensors/depth_sensor.urdf.xacro
[1.563s] -- Up-to-date: /home/robot_ws/install/robot_description/share/robot_description/urdf/drive.urdf.xacro
[1.563s] -- Up-to-date: /home/robot_ws/install/robot_description/share/robot_description/urdf/wheel.urdf.xacro
[1.563s] -- Up-to-date: /home/robot_ws/install/robot_description/share/robot_description/src
[1.565s] -- Up-to-date: /home/robot_ws/install/robot_description/share/robot_description/src/__init__.py
[1.567s] -- Up-to-date: /home/robot_ws/install/robot_description/share/robot_description/rviz
[1.567s] -- Up-to-date: /home/robot_ws/install/robot_description/share/robot_description/rviz/view_urdf.rviz
[1.568s] -- Up-to-date: /home/robot_ws/install/robot_description/share/robot_description/rviz/description.rviz
[1.569s] -- Up-to-date: /home/robot_ws/install/robot_description/share/robot_description/worlds
[1.569s] -- Up-to-date: /home/robot_ws/install/robot_description/share/robot_description/worlds/Floor_Blend.blend
[1.570s] -- Up-to-date: /home/robot_ws/install/robot_description/share/robot_description/worlds/world.world
[1.571s] -- Up-to-date: /home/robot_ws/install/robot_description/share/robot_description/worlds/map.dae
[1.571s] -- Up-to-date: /home/robot_ws/install/robot_description/share/robot_description/worlds/Floor_Blend.blend1
[1.571s] -- Up-to-date: /home/robot_ws/install/robot_description/share/robot_description/worlds/map
[1.571s] -- Up-to-date: /home/robot_ws/install/robot_description/share/robot_description/worlds/map/model.sdf
[1.571s] -- Up-to-date: /home/robot_ws/install/robot_description/share/robot_description/worlds/map/model.config
[1.571s] -- Up-to-date: /home/robot_ws/install/robot_description/share/robot_description/maps
[1.571s] -- Up-to-date: /home/robot_ws/install/robot_description/share/robot_description/launch
[1.571s] -- Up-to-date: /home/robot_ws/install/robot_description/share/robot_description/launch/description.launch.py
[1.573s] -- Up-to-date: /home/robot_ws/install/robot_description/share/robot_description/launch/gazebo.launch.py
[1.574s] -- Up-to-date: /home/robot_ws/install/robot_description/share/robot_description/config
[1.576s] -- Up-to-date: /home/robot_ws/install/robot_description/share/robot_description/config/ekf.yaml
[1.579s] -- Up-to-date: /home/robot_ws/install/robot_description/share/ament_index/resource_index/package_run_dependencies/robot_description
[1.581s] -- Up-to-date: /home/robot_ws/install/robot_description/share/ament_index/resource_index/parent_prefix_path/robot_description
[1.582s] -- Up-to-date: /home/robot_ws/install/robot_description/share/robot_description/environment/ament_prefix_path.sh
[1.588s] -- Up-to-date: /home/robot_ws/install/robot_description/share/robot_description/environment/ament_prefix_path.dsv
[1.589s] -- Up-to-date: /home/robot_ws/install/robot_description/share/robot_description/environment/path.sh
[1.590s] -- Up-to-date: /home/robot_ws/install/robot_description/share/robot_description/environment/path.dsv
[1.590s] -- Up-to-date: /home/robot_ws/install/robot_description/share/robot_description/local_setup.bash
[1.590s] -- Up-to-date: /home/robot_ws/install/robot_description/share/robot_description/local_setup.sh
[1.592s] -- Up-to-date: /home/robot_ws/install/robot_description/share/robot_description/local_setup.zsh
[1.595s] -- Up-to-date: /home/robot_ws/install/robot_description/share/robot_description/local_setup.dsv
[1.597s] -- Installing: /home/robot_ws/install/robot_description/share/robot_description/package.dsv
[1.597s] -- Up-to-date: /home/robot_ws/install/robot_description/share/ament_index/resource_index/packages/robot_description
[1.598s] -- Up-to-date: /home/robot_ws/install/robot_description/share/robot_description/cmake/robot_descriptionConfig.cmake
[1.598s] -- Up-to-date: /home/robot_ws/install/robot_description/share/robot_description/cmake/robot_descriptionConfig-version.cmake
[1.600s] -- Up-to-date: /home/robot_ws/install/robot_description/share/robot_description/package.xml
[1.602s] Invoked command in '/home/robot_ws/build/robot_description' returned '0': CMAKE_PREFIX_PATH=${CMAKE_PREFIX_PATH}:/opt/ros/humble /usr/bin/cmake --install /home/robot_ws/build/robot_description
