[0.089s] DEBUG:colcon:Command line arguments: ['/usr/bin/colcon', 'build']
[0.089s] DEBUG:colcon:Parsed command line arguments: Namespace(log_base=None, log_level=None, verb_name='build', build_base='build', install_base='install', merge_install=False, symlink_install=False, test_result_base=None, continue_on_error=False, executor='parallel', parallel_workers=16, event_handlers=None, ignore_user_meta=False, metas=['./colcon.meta'], base_paths=['.'], packages_ignore=None, packages_ignore_regex=None, paths=None, packages_up_to=None, packages_up_to_regex=None, packages_above=None, packages_above_and_dependencies=None, packages_above_depth=None, packages_select_by_dep=None, packages_skip_by_dep=None, packages_skip_up_to=None, packages_select_build_failed=False, packages_skip_build_finished=False, packages_select_test_failures=False, packages_skip_test_passed=False, packages_select=None, packages_skip=None, packages_select_regex=None, packages_skip_regex=None, packages_start=None, packages_end=None, allow_overriding=[], cmake_args=None, cmake_target=None, cmake_target_skip_unavailable=False, cmake_clean_cache=False, cmake_clean_first=False, cmake_force_configure=False, ament_cmake_args=None, catkin_cmake_args=None, catkin_skip_building_tests=False, mixin_files=None, mixin=None, verb_parser=<colcon_mixin.mixin.mixin_argument.MixinArgumentDecorator object at 0x7d8f7947d870>, verb_extension=<colcon_core.verb.build.BuildVerb object at 0x7d8f7940b070>, main=<bound method BuildVerb.main of <colcon_core.verb.build.BuildVerb object at 0x7d8f7940b070>>, mixin_verb=('build',))
[0.221s] Level 1:colcon.colcon_core.package_discovery:discover_packages(colcon_meta) check parameters
[0.221s] Level 1:colcon.colcon_core.package_discovery:discover_packages(recursive) check parameters
[0.221s] Level 1:colcon.colcon_core.package_discovery:discover_packages(ignore) check parameters
[0.221s] Level 1:colcon.colcon_core.package_discovery:discover_packages(path) check parameters
[0.222s] Level 1:colcon.colcon_core.package_discovery:discover_packages(colcon_meta) discover
[0.222s] Level 1:colcon.colcon_core.package_discovery:discover_packages(recursive) discover
[0.222s] INFO:colcon.colcon_core.package_discovery:Crawling recursively for packages in '/home/entity014/3GP6-bot/robot_ws'
[0.222s] Level 1:colcon.colcon_core.package_identification:_identify(.) by extensions ['ignore', 'ignore_ament_install']
[0.222s] Level 1:colcon.colcon_core.package_identification:_identify(.) by extension 'ignore'
[0.222s] Level 1:colcon.colcon_core.package_identification:_identify(.) by extension 'ignore_ament_install'
[0.222s] Level 1:colcon.colcon_core.package_identification:_identify(.) by extensions ['colcon_pkg']
[0.222s] Level 1:colcon.colcon_core.package_identification:_identify(.) by extension 'colcon_pkg'
[0.222s] Level 1:colcon.colcon_core.package_identification:_identify(.) by extensions ['colcon_meta']
[0.222s] Level 1:colcon.colcon_core.package_identification:_identify(.) by extension 'colcon_meta'
[0.222s] Level 1:colcon.colcon_core.package_identification:_identify(.) by extensions ['ros']
[0.222s] Level 1:colcon.colcon_core.package_identification:_identify(.) by extension 'ros'
[0.242s] Level 1:colcon.colcon_core.package_identification:_identify(.) by extensions ['cmake', 'python']
[0.242s] Level 1:colcon.colcon_core.package_identification:_identify(.) by extension 'cmake'
[0.242s] Level 1:colcon.colcon_core.package_identification:_identify(.) by extension 'python'
[0.242s] Level 1:colcon.colcon_core.package_identification:_identify(.) by extensions ['python_setup_py']
[0.242s] Level 1:colcon.colcon_core.package_identification:_identify(.) by extension 'python_setup_py'
[0.242s] Level 1:colcon.colcon_core.package_identification:_identify(build) by extensions ['ignore', 'ignore_ament_install']
[0.242s] Level 1:colcon.colcon_core.package_identification:_identify(build) by extension 'ignore'
[0.242s] Level 1:colcon.colcon_core.package_identification:_identify(build) ignored
[0.242s] Level 1:colcon.colcon_core.package_identification:_identify(install) by extensions ['ignore', 'ignore_ament_install']
[0.242s] Level 1:colcon.colcon_core.package_identification:_identify(install) by extension 'ignore'
[0.242s] Level 1:colcon.colcon_core.package_identification:_identify(install) ignored
[0.243s] Level 1:colcon.colcon_core.package_identification:_identify(log) by extensions ['ignore', 'ignore_ament_install']
[0.243s] Level 1:colcon.colcon_core.package_identification:_identify(log) by extension 'ignore'
[0.243s] Level 1:colcon.colcon_core.package_identification:_identify(log) ignored
[0.243s] Level 1:colcon.colcon_core.package_identification:_identify(src) by extensions ['ignore', 'ignore_ament_install']
[0.243s] Level 1:colcon.colcon_core.package_identification:_identify(src) by extension 'ignore'
[0.243s] Level 1:colcon.colcon_core.package_identification:_identify(src) by extension 'ignore_ament_install'
[0.243s] Level 1:colcon.colcon_core.package_identification:_identify(src) by extensions ['colcon_pkg']
[0.243s] Level 1:colcon.colcon_core.package_identification:_identify(src) by extension 'colcon_pkg'
[0.243s] Level 1:colcon.colcon_core.package_identification:_identify(src) by extensions ['colcon_meta']
[0.243s] Level 1:colcon.colcon_core.package_identification:_identify(src) by extension 'colcon_meta'
[0.243s] Level 1:colcon.colcon_core.package_identification:_identify(src) by extensions ['ros']
[0.243s] Level 1:colcon.colcon_core.package_identification:_identify(src) by extension 'ros'
[0.243s] Level 1:colcon.colcon_core.package_identification:_identify(src) by extensions ['cmake', 'python']
[0.243s] Level 1:colcon.colcon_core.package_identification:_identify(src) by extension 'cmake'
[0.243s] Level 1:colcon.colcon_core.package_identification:_identify(src) by extension 'python'
[0.243s] Level 1:colcon.colcon_core.package_identification:_identify(src) by extensions ['python_setup_py']
[0.243s] Level 1:colcon.colcon_core.package_identification:_identify(src) by extension 'python_setup_py'
[0.243s] Level 1:colcon.colcon_core.package_identification:_identify(src/robot_core) by extensions ['ignore', 'ignore_ament_install']
[0.243s] Level 1:colcon.colcon_core.package_identification:_identify(src/robot_core) by extension 'ignore'
[0.243s] Level 1:colcon.colcon_core.package_identification:_identify(src/robot_core) by extension 'ignore_ament_install'
[0.243s] Level 1:colcon.colcon_core.package_identification:_identify(src/robot_core) by extensions ['colcon_pkg']
[0.243s] Level 1:colcon.colcon_core.package_identification:_identify(src/robot_core) by extension 'colcon_pkg'
[0.243s] Level 1:colcon.colcon_core.package_identification:_identify(src/robot_core) by extensions ['colcon_meta']
[0.243s] Level 1:colcon.colcon_core.package_identification:_identify(src/robot_core) by extension 'colcon_meta'
[0.243s] Level 1:colcon.colcon_core.package_identification:_identify(src/robot_core) by extensions ['ros']
[0.243s] Level 1:colcon.colcon_core.package_identification:_identify(src/robot_core) by extension 'ros'
[0.245s] DEBUG:colcon.colcon_core.package_identification:Package 'src/robot_core' with type 'ros.ament_cmake' and name 'robot_core'
[0.245s] Level 1:colcon.colcon_core.package_identification:_identify(src/robot_description) by extensions ['ignore', 'ignore_ament_install']
[0.245s] Level 1:colcon.colcon_core.package_identification:_identify(src/robot_description) by extension 'ignore'
[0.245s] Level 1:colcon.colcon_core.package_identification:_identify(src/robot_description) by extension 'ignore_ament_install'
[0.245s] Level 1:colcon.colcon_core.package_identification:_identify(src/robot_description) by extensions ['colcon_pkg']
[0.245s] Level 1:colcon.colcon_core.package_identification:_identify(src/robot_description) by extension 'colcon_pkg'
[0.245s] Level 1:colcon.colcon_core.package_identification:_identify(src/robot_description) by extensions ['colcon_meta']
[0.245s] Level 1:colcon.colcon_core.package_identification:_identify(src/robot_description) by extension 'colcon_meta'
[0.245s] Level 1:colcon.colcon_core.package_identification:_identify(src/robot_description) by extensions ['ros']
[0.245s] Level 1:colcon.colcon_core.package_identification:_identify(src/robot_description) by extension 'ros'
[0.246s] DEBUG:colcon.colcon_core.package_identification:Package 'src/robot_description' with type 'ros.ament_cmake' and name 'robot_description'
[0.246s] Level 1:colcon.colcon_core.package_identification:_identify(src/robot_interface) by extensions ['ignore', 'ignore_ament_install']
[0.246s] Level 1:colcon.colcon_core.package_identification:_identify(src/robot_interface) by extension 'ignore'
[0.246s] Level 1:colcon.colcon_core.package_identification:_identify(src/robot_interface) by extension 'ignore_ament_install'
[0.246s] Level 1:colcon.colcon_core.package_identification:_identify(src/robot_interface) by extensions ['colcon_pkg']
[0.246s] Level 1:colcon.colcon_core.package_identification:_identify(src/robot_interface) by extension 'colcon_pkg'
[0.246s] Level 1:colcon.colcon_core.package_identification:_identify(src/robot_interface) by extensions ['colcon_meta']
[0.246s] Level 1:colcon.colcon_core.package_identification:_identify(src/robot_interface) by extension 'colcon_meta'
[0.246s] Level 1:colcon.colcon_core.package_identification:_identify(src/robot_interface) by extensions ['ros']
[0.246s] Level 1:colcon.colcon_core.package_identification:_identify(src/robot_interface) by extension 'ros'
[0.246s] DEBUG:colcon.colcon_core.package_identification:Package 'src/robot_interface' with type 'ros.ament_cmake' and name 'robot_interface'
[0.246s] Level 1:colcon.colcon_core.package_discovery:discover_packages(recursive) using defaults
[0.246s] Level 1:colcon.colcon_core.package_discovery:discover_packages(ignore) discover
[0.246s] Level 1:colcon.colcon_core.package_discovery:discover_packages(ignore) using defaults
[0.247s] Level 1:colcon.colcon_core.package_discovery:discover_packages(path) discover
[0.247s] Level 1:colcon.colcon_core.package_discovery:discover_packages(path) using defaults
[0.261s] Level 1:colcon.colcon_core.package_discovery:discover_packages(prefix_path) check parameters
[0.262s] Level 1:colcon.colcon_core.package_discovery:discover_packages(prefix_path) discover
[0.264s] DEBUG:colcon.colcon_installed_package_information.package_discovery:Found 3 installed packages in /home/entity014/3GP6-bot/robot_ws/install
[0.264s] DEBUG:colcon.colcon_installed_package_information.package_discovery:Found 1 installed packages in /home/entity014/Ros-Major/project_ws/install
[0.264s] DEBUG:colcon.colcon_installed_package_information.package_discovery:Found 3 installed packages in /home/entity014/Ros-Major/650610841_final/install
[0.265s] DEBUG:colcon.colcon_installed_package_information.package_discovery:Found 15 installed packages in /home/entity014/turtlebot3_ws/install
[0.265s] DEBUG:colcon.colcon_installed_package_information.package_discovery:Found 3 installed packages in /home/entity014/microros_ws/install
[0.266s] DEBUG:colcon.colcon_installed_package_information.package_discovery:Found 377 installed packages in /opt/ros/humble
[0.268s] Level 1:colcon.colcon_core.package_discovery:discover_packages(prefix_path) using defaults
[0.307s] Level 5:colcon.colcon_core.verb:set package 'robot_core' build argument 'cmake_args' from command line to 'None'
[0.308s] Level 5:colcon.colcon_core.verb:set package 'robot_core' build argument 'cmake_target' from command line to 'None'
[0.308s] Level 5:colcon.colcon_core.verb:set package 'robot_core' build argument 'cmake_target_skip_unavailable' from command line to 'False'
[0.308s] Level 5:colcon.colcon_core.verb:set package 'robot_core' build argument 'cmake_clean_cache' from command line to 'False'
[0.308s] Level 5:colcon.colcon_core.verb:set package 'robot_core' build argument 'cmake_clean_first' from command line to 'False'
[0.308s] Level 5:colcon.colcon_core.verb:set package 'robot_core' build argument 'cmake_force_configure' from command line to 'False'
[0.308s] Level 5:colcon.colcon_core.verb:set package 'robot_core' build argument 'ament_cmake_args' from command line to 'None'
[0.308s] Level 5:colcon.colcon_core.verb:set package 'robot_core' build argument 'catkin_cmake_args' from command line to 'None'
[0.308s] Level 5:colcon.colcon_core.verb:set package 'robot_core' build argument 'catkin_skip_building_tests' from command line to 'False'
[0.308s] DEBUG:colcon.colcon_core.verb:Building package 'robot_core' with the following arguments: {'ament_cmake_args': None, 'build_base': '/home/entity014/3GP6-bot/robot_ws/build/robot_core', 'catkin_cmake_args': None, 'catkin_skip_building_tests': False, 'cmake_args': None, 'cmake_clean_cache': False, 'cmake_clean_first': False, 'cmake_force_configure': False, 'cmake_target': None, 'cmake_target_skip_unavailable': False, 'install_base': '/home/entity014/3GP6-bot/robot_ws/install/robot_core', 'merge_install': False, 'path': '/home/entity014/3GP6-bot/robot_ws/src/robot_core', 'symlink_install': False, 'test_result_base': None}
[0.308s] Level 5:colcon.colcon_core.verb:set package 'robot_description' build argument 'cmake_args' from command line to 'None'
[0.308s] Level 5:colcon.colcon_core.verb:set package 'robot_description' build argument 'cmake_target' from command line to 'None'
[0.308s] Level 5:colcon.colcon_core.verb:set package 'robot_description' build argument 'cmake_target_skip_unavailable' from command line to 'False'
[0.308s] Level 5:colcon.colcon_core.verb:set package 'robot_description' build argument 'cmake_clean_cache' from command line to 'False'
[0.308s] Level 5:colcon.colcon_core.verb:set package 'robot_description' build argument 'cmake_clean_first' from command line to 'False'
[0.308s] Level 5:colcon.colcon_core.verb:set package 'robot_description' build argument 'cmake_force_configure' from command line to 'False'
[0.308s] Level 5:colcon.colcon_core.verb:set package 'robot_description' build argument 'ament_cmake_args' from command line to 'None'
[0.308s] Level 5:colcon.colcon_core.verb:set package 'robot_description' build argument 'catkin_cmake_args' from command line to 'None'
[0.308s] Level 5:colcon.colcon_core.verb:set package 'robot_description' build argument 'catkin_skip_building_tests' from command line to 'False'
[0.308s] DEBUG:colcon.colcon_core.verb:Building package 'robot_description' with the following arguments: {'ament_cmake_args': None, 'build_base': '/home/entity014/3GP6-bot/robot_ws/build/robot_description', 'catkin_cmake_args': None, 'catkin_skip_building_tests': False, 'cmake_args': None, 'cmake_clean_cache': False, 'cmake_clean_first': False, 'cmake_force_configure': False, 'cmake_target': None, 'cmake_target_skip_unavailable': False, 'install_base': '/home/entity014/3GP6-bot/robot_ws/install/robot_description', 'merge_install': False, 'path': '/home/entity014/3GP6-bot/robot_ws/src/robot_description', 'symlink_install': False, 'test_result_base': None}
[0.308s] Level 5:colcon.colcon_core.verb:set package 'robot_interface' build argument 'cmake_args' from command line to 'None'
[0.308s] Level 5:colcon.colcon_core.verb:set package 'robot_interface' build argument 'cmake_target' from command line to 'None'
[0.308s] Level 5:colcon.colcon_core.verb:set package 'robot_interface' build argument 'cmake_target_skip_unavailable' from command line to 'False'
[0.308s] Level 5:colcon.colcon_core.verb:set package 'robot_interface' build argument 'cmake_clean_cache' from command line to 'False'
[0.308s] Level 5:colcon.colcon_core.verb:set package 'robot_interface' build argument 'cmake_clean_first' from command line to 'False'
[0.308s] Level 5:colcon.colcon_core.verb:set package 'robot_interface' build argument 'cmake_force_configure' from command line to 'False'
[0.308s] Level 5:colcon.colcon_core.verb:set package 'robot_interface' build argument 'ament_cmake_args' from command line to 'None'
[0.308s] Level 5:colcon.colcon_core.verb:set package 'robot_interface' build argument 'catkin_cmake_args' from command line to 'None'
[0.308s] Level 5:colcon.colcon_core.verb:set package 'robot_interface' build argument 'catkin_skip_building_tests' from command line to 'False'
[0.308s] DEBUG:colcon.colcon_core.verb:Building package 'robot_interface' with the following arguments: {'ament_cmake_args': None, 'build_base': '/home/entity014/3GP6-bot/robot_ws/build/robot_interface', 'catkin_cmake_args': None, 'catkin_skip_building_tests': False, 'cmake_args': None, 'cmake_clean_cache': False, 'cmake_clean_first': False, 'cmake_force_configure': False, 'cmake_target': None, 'cmake_target_skip_unavailable': False, 'install_base': '/home/entity014/3GP6-bot/robot_ws/install/robot_interface', 'merge_install': False, 'path': '/home/entity014/3GP6-bot/robot_ws/src/robot_interface', 'symlink_install': False, 'test_result_base': None}
[0.309s] INFO:colcon.colcon_core.executor:Executing jobs using 'parallel' executor
[0.309s] DEBUG:colcon.colcon_parallel_executor.executor.parallel:run_until_complete
[0.310s] INFO:colcon.colcon_ros.task.ament_cmake.build:Building ROS package in '/home/entity014/3GP6-bot/robot_ws/src/robot_core' with build type 'ament_cmake'
[0.310s] INFO:colcon.colcon_cmake.task.cmake.build:Building CMake package in '/home/entity014/3GP6-bot/robot_ws/src/robot_core'
[0.311s] INFO:colcon.colcon_core.plugin_system:Skipping extension 'colcon_core.shell.bat': Not used on non-Windows systems
[0.312s] INFO:colcon.colcon_core.shell:Skip shell extension 'powershell' for command environment: Not usable outside of PowerShell
[0.312s] DEBUG:colcon.colcon_core.shell:Skip shell extension 'dsv' for command environment
[0.316s] INFO:colcon.colcon_ros.task.ament_cmake.build:Building ROS package in '/home/entity014/3GP6-bot/robot_ws/src/robot_description' with build type 'ament_cmake'
[0.316s] INFO:colcon.colcon_cmake.task.cmake.build:Building CMake package in '/home/entity014/3GP6-bot/robot_ws/src/robot_description'
[0.316s] INFO:colcon.colcon_core.shell:Skip shell extension 'powershell' for command environment: Not usable outside of PowerShell
[0.316s] DEBUG:colcon.colcon_core.shell:Skip shell extension 'dsv' for command environment
[0.332s] INFO:colcon.colcon_ros.task.ament_cmake.build:Building ROS package in '/home/entity014/3GP6-bot/robot_ws/src/robot_interface' with build type 'ament_cmake'
[0.332s] INFO:colcon.colcon_cmake.task.cmake.build:Building CMake package in '/home/entity014/3GP6-bot/robot_ws/src/robot_interface'
[0.333s] INFO:colcon.colcon_core.shell:Skip shell extension 'powershell' for command environment: Not usable outside of PowerShell
[0.333s] DEBUG:colcon.colcon_core.shell:Skip shell extension 'dsv' for command environment
[0.345s] DEBUG:colcon.colcon_core.event_handler.log_command:Invoking command in '/home/entity014/3GP6-bot/robot_ws/build/robot_core': CMAKE_PREFIX_PATH=${CMAKE_PREFIX_PATH}:/home/entity014/Ros-Major/project_ws/install/object_detect:/home/entity014/Ros-Major/650610841_final/install/lidar_650610841:/home/entity014/turtlebot3_ws/install/turtlebot3_teleop:/home/entity014/turtlebot3_ws/install/turtlebot3_example:/opt/ros/humble /usr/bin/cmake --build /home/entity014/3GP6-bot/robot_ws/build/robot_core -- -j16 -l16
[0.352s] DEBUG:colcon.colcon_core.event_handler.log_command:Invoking command in '/home/entity014/3GP6-bot/robot_ws/build/robot_description': CMAKE_PREFIX_PATH=${CMAKE_PREFIX_PATH}:/home/entity014/Ros-Major/project_ws/install/object_detect:/home/entity014/Ros-Major/650610841_final/install/lidar_650610841:/home/entity014/turtlebot3_ws/install/turtlebot3_teleop:/home/entity014/turtlebot3_ws/install/turtlebot3_example:/opt/ros/humble /usr/bin/cmake --build /home/entity014/3GP6-bot/robot_ws/build/robot_description -- -j16 -l16
[0.358s] DEBUG:colcon.colcon_core.event_handler.log_command:Invoking command in '/home/entity014/3GP6-bot/robot_ws/build/robot_interface': CMAKE_PREFIX_PATH=${CMAKE_PREFIX_PATH}:/home/entity014/Ros-Major/project_ws/install/object_detect:/home/entity014/Ros-Major/650610841_final/install/lidar_650610841:/home/entity014/turtlebot3_ws/install/turtlebot3_teleop:/home/entity014/turtlebot3_ws/install/turtlebot3_example:/opt/ros/humble /usr/bin/cmake --build /home/entity014/3GP6-bot/robot_ws/build/robot_interface -- -j16 -l16
[0.386s] DEBUG:colcon.colcon_core.event_handler.log_command:Invoked command in '/home/entity014/3GP6-bot/robot_ws/build/robot_interface' returned '0': CMAKE_PREFIX_PATH=${CMAKE_PREFIX_PATH}:/home/entity014/Ros-Major/project_ws/install/object_detect:/home/entity014/Ros-Major/650610841_final/install/lidar_650610841:/home/entity014/turtlebot3_ws/install/turtlebot3_teleop:/home/entity014/turtlebot3_ws/install/turtlebot3_example:/opt/ros/humble /usr/bin/cmake --build /home/entity014/3GP6-bot/robot_ws/build/robot_interface -- -j16 -l16
[0.392s] DEBUG:colcon.colcon_core.event_handler.log_command:Invoking command in '/home/entity014/3GP6-bot/robot_ws/build/robot_interface': CMAKE_PREFIX_PATH=${CMAKE_PREFIX_PATH}:/home/entity014/Ros-Major/project_ws/install/object_detect:/home/entity014/Ros-Major/650610841_final/install/lidar_650610841:/home/entity014/turtlebot3_ws/install/turtlebot3_teleop:/home/entity014/turtlebot3_ws/install/turtlebot3_example:/opt/ros/humble /usr/bin/cmake --install /home/entity014/3GP6-bot/robot_ws/build/robot_interface
[0.395s] Level 1:colcon.colcon_core.environment:create_environment_scripts_only(robot_interface)
[0.396s] DEBUG:colcon.colcon_core.event_handler.log_command:Invoked command in '/home/entity014/3GP6-bot/robot_ws/build/robot_interface' returned '0': CMAKE_PREFIX_PATH=${CMAKE_PREFIX_PATH}:/home/entity014/Ros-Major/project_ws/install/object_detect:/home/entity014/Ros-Major/650610841_final/install/lidar_650610841:/home/entity014/turtlebot3_ws/install/turtlebot3_teleop:/home/entity014/turtlebot3_ws/install/turtlebot3_example:/opt/ros/humble /usr/bin/cmake --install /home/entity014/3GP6-bot/robot_ws/build/robot_interface
[0.398s] Level 1:colcon.colcon_core.environment:checking '/home/entity014/3GP6-bot/robot_ws/install/robot_interface' for CMake module files
[0.399s] Level 1:colcon.colcon_core.environment:checking '/home/entity014/3GP6-bot/robot_ws/install/robot_interface' for CMake config files
[0.399s] Level 1:colcon.colcon_core.shell:create_environment_hook('robot_interface', 'cmake_prefix_path')
[0.399s] INFO:colcon.colcon_core.shell:Creating environment hook '/home/entity014/3GP6-bot/robot_ws/install/robot_interface/share/robot_interface/hook/cmake_prefix_path.ps1'
[0.400s] INFO:colcon.colcon_core.shell:Creating environment descriptor '/home/entity014/3GP6-bot/robot_ws/install/robot_interface/share/robot_interface/hook/cmake_prefix_path.dsv'
[0.400s] INFO:colcon.colcon_core.shell:Creating environment hook '/home/entity014/3GP6-bot/robot_ws/install/robot_interface/share/robot_interface/hook/cmake_prefix_path.sh'
[0.405s] Level 1:colcon.colcon_core.environment:checking '/home/entity014/3GP6-bot/robot_ws/install/robot_interface/bin'
[0.406s] Level 1:colcon.colcon_core.environment:checking '/home/entity014/3GP6-bot/robot_ws/install/robot_interface/lib/pkgconfig/robot_interface.pc'
[0.409s] Level 1:colcon.colcon_core.environment:checking '/home/entity014/3GP6-bot/robot_ws/install/robot_interface/lib/python3.10/site-packages'
[0.411s] Level 1:colcon.colcon_core.environment:checking '/home/entity014/3GP6-bot/robot_ws/install/robot_interface/bin'
[0.413s] INFO:colcon.colcon_core.shell:Creating package script '/home/entity014/3GP6-bot/robot_ws/install/robot_interface/share/robot_interface/package.ps1'
[0.417s] INFO:colcon.colcon_core.shell:Creating package descriptor '/home/entity014/3GP6-bot/robot_ws/install/robot_interface/share/robot_interface/package.dsv'
[0.423s] INFO:colcon.colcon_core.shell:Creating package script '/home/entity014/3GP6-bot/robot_ws/install/robot_interface/share/robot_interface/package.sh'
[0.426s] INFO:colcon.colcon_core.shell:Creating package script '/home/entity014/3GP6-bot/robot_ws/install/robot_interface/share/robot_interface/package.bash'
[0.428s] INFO:colcon.colcon_core.shell:Creating package script '/home/entity014/3GP6-bot/robot_ws/install/robot_interface/share/robot_interface/package.zsh'
[0.429s] Level 1:colcon.colcon_core.environment:create_file_with_runtime_dependencies(/home/entity014/3GP6-bot/robot_ws/install/robot_interface/share/colcon-core/packages/robot_interface)
[0.430s] Level 1:colcon.colcon_core.environment:create_environment_scripts_only(robot_interface)
[0.430s] Level 1:colcon.colcon_core.environment:checking '/home/entity014/3GP6-bot/robot_ws/install/robot_interface' for CMake module files
[0.431s] Level 1:colcon.colcon_core.environment:checking '/home/entity014/3GP6-bot/robot_ws/install/robot_interface' for CMake config files
[0.431s] Level 1:colcon.colcon_core.shell:create_environment_hook('robot_interface', 'cmake_prefix_path')
[0.432s] INFO:colcon.colcon_core.shell:Creating environment hook '/home/entity014/3GP6-bot/robot_ws/install/robot_interface/share/robot_interface/hook/cmake_prefix_path.ps1'
[0.432s] INFO:colcon.colcon_core.shell:Creating environment descriptor '/home/entity014/3GP6-bot/robot_ws/install/robot_interface/share/robot_interface/hook/cmake_prefix_path.dsv'
[0.433s] INFO:colcon.colcon_core.shell:Creating environment hook '/home/entity014/3GP6-bot/robot_ws/install/robot_interface/share/robot_interface/hook/cmake_prefix_path.sh'
[0.433s] Level 1:colcon.colcon_core.environment:checking '/home/entity014/3GP6-bot/robot_ws/install/robot_interface/bin'
[0.434s] Level 1:colcon.colcon_core.environment:checking '/home/entity014/3GP6-bot/robot_ws/install/robot_interface/lib/pkgconfig/robot_interface.pc'
[0.434s] Level 1:colcon.colcon_core.environment:checking '/home/entity014/3GP6-bot/robot_ws/install/robot_interface/lib/python3.10/site-packages'
[0.434s] Level 1:colcon.colcon_core.environment:checking '/home/entity014/3GP6-bot/robot_ws/install/robot_interface/bin'
[0.435s] INFO:colcon.colcon_core.shell:Creating package script '/home/entity014/3GP6-bot/robot_ws/install/robot_interface/share/robot_interface/package.ps1'
[0.436s] INFO:colcon.colcon_core.shell:Creating package descriptor '/home/entity014/3GP6-bot/robot_ws/install/robot_interface/share/robot_interface/package.dsv'
[0.436s] INFO:colcon.colcon_core.shell:Creating package script '/home/entity014/3GP6-bot/robot_ws/install/robot_interface/share/robot_interface/package.sh'
[0.437s] INFO:colcon.colcon_core.shell:Creating package script '/home/entity014/3GP6-bot/robot_ws/install/robot_interface/share/robot_interface/package.bash'
[0.438s] INFO:colcon.colcon_core.shell:Creating package script '/home/entity014/3GP6-bot/robot_ws/install/robot_interface/share/robot_interface/package.zsh'
[0.438s] Level 1:colcon.colcon_core.environment:create_file_with_runtime_dependencies(/home/entity014/3GP6-bot/robot_ws/install/robot_interface/share/colcon-core/packages/robot_interface)
[0.713s] DEBUG:colcon.colcon_core.event_handler.log_command:Invoked command in '/home/entity014/3GP6-bot/robot_ws/build/robot_core' returned '0': CMAKE_PREFIX_PATH=${CMAKE_PREFIX_PATH}:/home/entity014/Ros-Major/project_ws/install/object_detect:/home/entity014/Ros-Major/650610841_final/install/lidar_650610841:/home/entity014/turtlebot3_ws/install/turtlebot3_teleop:/home/entity014/turtlebot3_ws/install/turtlebot3_example:/opt/ros/humble /usr/bin/cmake --build /home/entity014/3GP6-bot/robot_ws/build/robot_core -- -j16 -l16
[0.715s] DEBUG:colcon.colcon_core.event_handler.log_command:Invoking command in '/home/entity014/3GP6-bot/robot_ws/build/robot_core': CMAKE_PREFIX_PATH=${CMAKE_PREFIX_PATH}:/home/entity014/Ros-Major/project_ws/install/object_detect:/home/entity014/Ros-Major/650610841_final/install/lidar_650610841:/home/entity014/turtlebot3_ws/install/turtlebot3_teleop:/home/entity014/turtlebot3_ws/install/turtlebot3_example:/opt/ros/humble /usr/bin/cmake --install /home/entity014/3GP6-bot/robot_ws/build/robot_core
[0.779s] Level 1:colcon.colcon_core.environment:create_environment_scripts_only(robot_core)
[0.779s] Level 1:colcon.colcon_core.environment:checking '/home/entity014/3GP6-bot/robot_ws/install/robot_core' for CMake module files
[0.780s] DEBUG:colcon.colcon_core.event_handler.log_command:Invoked command in '/home/entity014/3GP6-bot/robot_ws/build/robot_core' returned '0': CMAKE_PREFIX_PATH=${CMAKE_PREFIX_PATH}:/home/entity014/Ros-Major/project_ws/install/object_detect:/home/entity014/Ros-Major/650610841_final/install/lidar_650610841:/home/entity014/turtlebot3_ws/install/turtlebot3_teleop:/home/entity014/turtlebot3_ws/install/turtlebot3_example:/opt/ros/humble /usr/bin/cmake --install /home/entity014/3GP6-bot/robot_ws/build/robot_core
[0.781s] Level 1:colcon.colcon_core.environment:checking '/home/entity014/3GP6-bot/robot_ws/install/robot_core' for CMake config files
[0.781s] Level 1:colcon.colcon_core.shell:create_environment_hook('robot_core', 'cmake_prefix_path')
[0.781s] INFO:colcon.colcon_core.shell:Creating environment hook '/home/entity014/3GP6-bot/robot_ws/install/robot_core/share/robot_core/hook/cmake_prefix_path.ps1'
[0.782s] INFO:colcon.colcon_core.shell:Creating environment descriptor '/home/entity014/3GP6-bot/robot_ws/install/robot_core/share/robot_core/hook/cmake_prefix_path.dsv'
[0.783s] INFO:colcon.colcon_core.shell:Creating environment hook '/home/entity014/3GP6-bot/robot_ws/install/robot_core/share/robot_core/hook/cmake_prefix_path.sh'
[0.783s] Level 1:colcon.colcon_core.environment:checking '/home/entity014/3GP6-bot/robot_ws/install/robot_core/lib'
[0.784s] Level 1:colcon.colcon_core.environment:checking '/home/entity014/3GP6-bot/robot_ws/install/robot_core/bin'
[0.784s] Level 1:colcon.colcon_core.environment:checking '/home/entity014/3GP6-bot/robot_ws/install/robot_core/lib/pkgconfig/robot_core.pc'
[0.784s] Level 1:colcon.colcon_core.environment:checking '/home/entity014/3GP6-bot/robot_ws/install/robot_core/lib/python3.10/site-packages'
[0.784s] Level 1:colcon.colcon_core.environment:checking '/home/entity014/3GP6-bot/robot_ws/install/robot_core/bin'
[0.785s] INFO:colcon.colcon_core.shell:Creating package script '/home/entity014/3GP6-bot/robot_ws/install/robot_core/share/robot_core/package.ps1'
[0.785s] INFO:colcon.colcon_core.shell:Creating package descriptor '/home/entity014/3GP6-bot/robot_ws/install/robot_core/share/robot_core/package.dsv'
[0.786s] INFO:colcon.colcon_core.shell:Creating package script '/home/entity014/3GP6-bot/robot_ws/install/robot_core/share/robot_core/package.sh'
[0.786s] INFO:colcon.colcon_core.shell:Creating package script '/home/entity014/3GP6-bot/robot_ws/install/robot_core/share/robot_core/package.bash'
[0.787s] INFO:colcon.colcon_core.shell:Creating package script '/home/entity014/3GP6-bot/robot_ws/install/robot_core/share/robot_core/package.zsh'
[0.787s] Level 1:colcon.colcon_core.environment:create_file_with_runtime_dependencies(/home/entity014/3GP6-bot/robot_ws/install/robot_core/share/colcon-core/packages/robot_core)
[0.788s] Level 1:colcon.colcon_core.environment:create_environment_scripts_only(robot_core)
[0.788s] Level 1:colcon.colcon_core.environment:checking '/home/entity014/3GP6-bot/robot_ws/install/robot_core' for CMake module files
[0.789s] Level 1:colcon.colcon_core.environment:checking '/home/entity014/3GP6-bot/robot_ws/install/robot_core' for CMake config files
[0.789s] Level 1:colcon.colcon_core.shell:create_environment_hook('robot_core', 'cmake_prefix_path')
[0.789s] INFO:colcon.colcon_core.shell:Creating environment hook '/home/entity014/3GP6-bot/robot_ws/install/robot_core/share/robot_core/hook/cmake_prefix_path.ps1'
[0.790s] INFO:colcon.colcon_core.shell:Creating environment descriptor '/home/entity014/3GP6-bot/robot_ws/install/robot_core/share/robot_core/hook/cmake_prefix_path.dsv'
[0.792s] INFO:colcon.colcon_core.shell:Creating environment hook '/home/entity014/3GP6-bot/robot_ws/install/robot_core/share/robot_core/hook/cmake_prefix_path.sh'
[0.797s] Level 1:colcon.colcon_core.environment:checking '/home/entity014/3GP6-bot/robot_ws/install/robot_core/lib'
[0.797s] Level 1:colcon.colcon_core.environment:checking '/home/entity014/3GP6-bot/robot_ws/install/robot_core/bin'
[0.798s] Level 1:colcon.colcon_core.environment:checking '/home/entity014/3GP6-bot/robot_ws/install/robot_core/lib/pkgconfig/robot_core.pc'
[0.800s] Level 1:colcon.colcon_core.environment:checking '/home/entity014/3GP6-bot/robot_ws/install/robot_core/lib/python3.10/site-packages'
[0.802s] Level 1:colcon.colcon_core.environment:checking '/home/entity014/3GP6-bot/robot_ws/install/robot_core/bin'
[0.803s] INFO:colcon.colcon_core.shell:Creating package script '/home/entity014/3GP6-bot/robot_ws/install/robot_core/share/robot_core/package.ps1'
[0.804s] INFO:colcon.colcon_core.shell:Creating package descriptor '/home/entity014/3GP6-bot/robot_ws/install/robot_core/share/robot_core/package.dsv'
[0.804s] INFO:colcon.colcon_core.shell:Creating package script '/home/entity014/3GP6-bot/robot_ws/install/robot_core/share/robot_core/package.sh'
[0.806s] INFO:colcon.colcon_core.shell:Creating package script '/home/entity014/3GP6-bot/robot_ws/install/robot_core/share/robot_core/package.bash'
[0.807s] INFO:colcon.colcon_core.shell:Creating package script '/home/entity014/3GP6-bot/robot_ws/install/robot_core/share/robot_core/package.zsh'
[0.807s] Level 1:colcon.colcon_core.environment:create_file_with_runtime_dependencies(/home/entity014/3GP6-bot/robot_ws/install/robot_core/share/colcon-core/packages/robot_core)
[0.871s] DEBUG:colcon.colcon_core.event_handler.log_command:Invoked command in '/home/entity014/3GP6-bot/robot_ws/build/robot_description' returned '0': CMAKE_PREFIX_PATH=${CMAKE_PREFIX_PATH}:/home/entity014/Ros-Major/project_ws/install/object_detect:/home/entity014/Ros-Major/650610841_final/install/lidar_650610841:/home/entity014/turtlebot3_ws/install/turtlebot3_teleop:/home/entity014/turtlebot3_ws/install/turtlebot3_example:/opt/ros/humble /usr/bin/cmake --build /home/entity014/3GP6-bot/robot_ws/build/robot_description -- -j16 -l16
[0.872s] DEBUG:colcon.colcon_core.event_handler.log_command:Invoking command in '/home/entity014/3GP6-bot/robot_ws/build/robot_description': CMAKE_PREFIX_PATH=${CMAKE_PREFIX_PATH}:/home/entity014/Ros-Major/project_ws/install/object_detect:/home/entity014/Ros-Major/650610841_final/install/lidar_650610841:/home/entity014/turtlebot3_ws/install/turtlebot3_teleop:/home/entity014/turtlebot3_ws/install/turtlebot3_example:/opt/ros/humble /usr/bin/cmake --install /home/entity014/3GP6-bot/robot_ws/build/robot_description
[0.938s] Level 1:colcon.colcon_core.environment:create_environment_scripts_only(robot_description)
[0.938s] Level 1:colcon.colcon_core.environment:checking '/home/entity014/3GP6-bot/robot_ws/install/robot_description' for CMake module files
[0.939s] DEBUG:colcon.colcon_core.event_handler.log_command:Invoked command in '/home/entity014/3GP6-bot/robot_ws/build/robot_description' returned '0': CMAKE_PREFIX_PATH=${CMAKE_PREFIX_PATH}:/home/entity014/Ros-Major/project_ws/install/object_detect:/home/entity014/Ros-Major/650610841_final/install/lidar_650610841:/home/entity014/turtlebot3_ws/install/turtlebot3_teleop:/home/entity014/turtlebot3_ws/install/turtlebot3_example:/opt/ros/humble /usr/bin/cmake --install /home/entity014/3GP6-bot/robot_ws/build/robot_description
[0.939s] Level 1:colcon.colcon_core.environment:checking '/home/entity014/3GP6-bot/robot_ws/install/robot_description' for CMake config files
[0.939s] Level 1:colcon.colcon_core.shell:create_environment_hook('robot_description', 'cmake_prefix_path')
[0.939s] INFO:colcon.colcon_core.shell:Creating environment hook '/home/entity014/3GP6-bot/robot_ws/install/robot_description/share/robot_description/hook/cmake_prefix_path.ps1'
[0.940s] INFO:colcon.colcon_core.shell:Creating environment descriptor '/home/entity014/3GP6-bot/robot_ws/install/robot_description/share/robot_description/hook/cmake_prefix_path.dsv'
[0.940s] INFO:colcon.colcon_core.shell:Creating environment hook '/home/entity014/3GP6-bot/robot_ws/install/robot_description/share/robot_description/hook/cmake_prefix_path.sh'
[0.941s] Level 1:colcon.colcon_core.environment:checking '/home/entity014/3GP6-bot/robot_ws/install/robot_description/bin'
[0.941s] Level 1:colcon.colcon_core.environment:checking '/home/entity014/3GP6-bot/robot_ws/install/robot_description/lib/pkgconfig/robot_description.pc'
[0.941s] Level 1:colcon.colcon_core.environment:checking '/home/entity014/3GP6-bot/robot_ws/install/robot_description/lib/python3.10/site-packages'
[0.941s] Level 1:colcon.colcon_core.environment:checking '/home/entity014/3GP6-bot/robot_ws/install/robot_description/bin'
[0.941s] INFO:colcon.colcon_core.shell:Creating package script '/home/entity014/3GP6-bot/robot_ws/install/robot_description/share/robot_description/package.ps1'
[0.941s] INFO:colcon.colcon_core.shell:Creating package descriptor '/home/entity014/3GP6-bot/robot_ws/install/robot_description/share/robot_description/package.dsv'
[0.942s] INFO:colcon.colcon_core.shell:Creating package script '/home/entity014/3GP6-bot/robot_ws/install/robot_description/share/robot_description/package.sh'
[0.942s] INFO:colcon.colcon_core.shell:Creating package script '/home/entity014/3GP6-bot/robot_ws/install/robot_description/share/robot_description/package.bash'
[0.942s] INFO:colcon.colcon_core.shell:Creating package script '/home/entity014/3GP6-bot/robot_ws/install/robot_description/share/robot_description/package.zsh'
[0.942s] Level 1:colcon.colcon_core.environment:create_file_with_runtime_dependencies(/home/entity014/3GP6-bot/robot_ws/install/robot_description/share/colcon-core/packages/robot_description)
[0.943s] Level 1:colcon.colcon_core.environment:create_environment_scripts_only(robot_description)
[0.943s] Level 1:colcon.colcon_core.environment:checking '/home/entity014/3GP6-bot/robot_ws/install/robot_description' for CMake module files
[0.943s] Level 1:colcon.colcon_core.environment:checking '/home/entity014/3GP6-bot/robot_ws/install/robot_description' for CMake config files
[0.943s] Level 1:colcon.colcon_core.shell:create_environment_hook('robot_description', 'cmake_prefix_path')
[0.944s] INFO:colcon.colcon_core.shell:Creating environment hook '/home/entity014/3GP6-bot/robot_ws/install/robot_description/share/robot_description/hook/cmake_prefix_path.ps1'
[0.944s] INFO:colcon.colcon_core.shell:Creating environment descriptor '/home/entity014/3GP6-bot/robot_ws/install/robot_description/share/robot_description/hook/cmake_prefix_path.dsv'
[0.944s] INFO:colcon.colcon_core.shell:Creating environment hook '/home/entity014/3GP6-bot/robot_ws/install/robot_description/share/robot_description/hook/cmake_prefix_path.sh'
[0.945s] Level 1:colcon.colcon_core.environment:checking '/home/entity014/3GP6-bot/robot_ws/install/robot_description/bin'
[0.945s] Level 1:colcon.colcon_core.environment:checking '/home/entity014/3GP6-bot/robot_ws/install/robot_description/lib/pkgconfig/robot_description.pc'
[0.945s] Level 1:colcon.colcon_core.environment:checking '/home/entity014/3GP6-bot/robot_ws/install/robot_description/lib/python3.10/site-packages'
[0.945s] Level 1:colcon.colcon_core.environment:checking '/home/entity014/3GP6-bot/robot_ws/install/robot_description/bin'
[0.945s] INFO:colcon.colcon_core.shell:Creating package script '/home/entity014/3GP6-bot/robot_ws/install/robot_description/share/robot_description/package.ps1'
[0.946s] INFO:colcon.colcon_core.shell:Creating package descriptor '/home/entity014/3GP6-bot/robot_ws/install/robot_description/share/robot_description/package.dsv'
[0.946s] INFO:colcon.colcon_core.shell:Creating package script '/home/entity014/3GP6-bot/robot_ws/install/robot_description/share/robot_description/package.sh'
[0.946s] INFO:colcon.colcon_core.shell:Creating package script '/home/entity014/3GP6-bot/robot_ws/install/robot_description/share/robot_description/package.bash'
[0.947s] INFO:colcon.colcon_core.shell:Creating package script '/home/entity014/3GP6-bot/robot_ws/install/robot_description/share/robot_description/package.zsh'
[0.947s] Level 1:colcon.colcon_core.environment:create_file_with_runtime_dependencies(/home/entity014/3GP6-bot/robot_ws/install/robot_description/share/colcon-core/packages/robot_description)
[0.948s] DEBUG:colcon.colcon_parallel_executor.executor.parallel:closing loop
[0.948s] DEBUG:colcon.colcon_parallel_executor.executor.parallel:loop closed
[0.948s] DEBUG:colcon.colcon_parallel_executor.executor.parallel:run_until_complete finished with '0'
[0.949s] DEBUG:colcon.colcon_core.event_reactor:joining thread
[0.957s] INFO:colcon.colcon_core.plugin_system:Skipping extension 'colcon_notification.desktop_notification.terminal_notifier': Not used on non-Darwin systems
[0.957s] INFO:colcon.colcon_core.plugin_system:Skipping extension 'colcon_notification.desktop_notification.win32': Not used on non-Windows systems
[0.957s] INFO:colcon.colcon_notification.desktop_notification:Sending desktop notification using 'notify2'
[0.985s] DEBUG:colcon.colcon_core.event_reactor:joined thread
[0.988s] INFO:colcon.colcon_core.shell:Creating prefix script '/home/entity014/3GP6-bot/robot_ws/install/local_setup.ps1'
[0.989s] INFO:colcon.colcon_core.shell:Creating prefix util module '/home/entity014/3GP6-bot/robot_ws/install/_local_setup_util_ps1.py'
[0.992s] INFO:colcon.colcon_core.shell:Creating prefix chain script '/home/entity014/3GP6-bot/robot_ws/install/setup.ps1'
[0.995s] INFO:colcon.colcon_core.shell:Creating prefix script '/home/entity014/3GP6-bot/robot_ws/install/local_setup.sh'
[0.996s] INFO:colcon.colcon_core.shell:Creating prefix util module '/home/entity014/3GP6-bot/robot_ws/install/_local_setup_util_sh.py'
[0.997s] INFO:colcon.colcon_core.shell:Creating prefix chain script '/home/entity014/3GP6-bot/robot_ws/install/setup.sh'
[1.000s] INFO:colcon.colcon_core.shell:Creating prefix script '/home/entity014/3GP6-bot/robot_ws/install/local_setup.bash'
[1.001s] INFO:colcon.colcon_core.shell:Creating prefix chain script '/home/entity014/3GP6-bot/robot_ws/install/setup.bash'
[1.004s] INFO:colcon.colcon_core.shell:Creating prefix script '/home/entity014/3GP6-bot/robot_ws/install/local_setup.zsh'
[1.005s] INFO:colcon.colcon_core.shell:Creating prefix chain script '/home/entity014/3GP6-bot/robot_ws/install/setup.zsh'
