[0.028s] Invoking command in '/home/robot_ws/build/robot_core': CMAKE_PREFIX_PATH=${CMAKE_PREFIX_PATH}:/opt/ros/humble /usr/bin/cmake --build /home/robot_ws/build/robot_core -- -j16 -l16
[0.114s] Built target ament_cmake_python_copy_src
[0.695s] running egg_info
[0.697s] writing src.egg-info/PKG-INFO
[0.698s] writing dependency_links to src.egg-info/dependency_links.txt
[0.698s] writing top-level names to src.egg-info/top_level.txt
[0.709s] reading manifest file 'src.egg-info/SOURCES.txt'
[0.710s] writing manifest file 'src.egg-info/SOURCES.txt'
[0.765s] Built target ament_cmake_python_build_src_egg
[0.930s] Invoked command in '/home/robot_ws/build/robot_core' returned '0': CMAKE_PREFIX_PATH=${CMAKE_PREFIX_PATH}:/opt/ros/humble /usr/bin/cmake --build /home/robot_ws/build/robot_core -- -j16 -l16
[0.938s] Invoking command in '/home/robot_ws/build/robot_core': CMAKE_PREFIX_PATH=${CMAKE_PREFIX_PATH}:/opt/ros/humble /usr/bin/cmake --install /home/robot_ws/build/robot_core
[0.966s] -- Install configuration: ""
[0.968s] -- Up-to-date: /home/robot_ws/install/robot_core/share/robot_core/environment/pythonpath.sh
[0.970s] -- Up-to-date: /home/robot_ws/install/robot_core/share/robot_core/environment/pythonpath.dsv
[0.971s] -- Up-to-date: /home/robot_ws/install/robot_core/local/lib/python3.10/dist-packages/src-0.0.0-py3.10.egg-info
[0.972s] -- Installing: /home/robot_ws/install/robot_core/local/lib/python3.10/dist-packages/src-0.0.0-py3.10.egg-info/SOURCES.txt
[0.972s] -- Installing: /home/robot_ws/install/robot_core/local/lib/python3.10/dist-packages/src-0.0.0-py3.10.egg-info/PKG-INFO
[0.974s] -- Installing: /home/robot_ws/install/robot_core/local/lib/python3.10/dist-packages/src-0.0.0-py3.10.egg-info/top_level.txt
[0.974s] -- Installing: /home/robot_ws/install/robot_core/local/lib/python3.10/dist-packages/src-0.0.0-py3.10.egg-info/dependency_links.txt
[0.975s] -- Up-to-date: /home/robot_ws/install/robot_core/local/lib/python3.10/dist-packages/src
[0.976s] -- Up-to-date: /home/robot_ws/install/robot_core/local/lib/python3.10/dist-packages/src/detection.py
[0.977s] -- Up-to-date: /home/robot_ws/install/robot_core/local/lib/python3.10/dist-packages/src/autonomy_node.py
[0.978s] -- Up-to-date: /home/robot_ws/install/robot_core/local/lib/python3.10/dist-packages/src/__init__.py
[1.037s] Listing '/home/robot_ws/install/robot_core/local/lib/python3.10/dist-packages/src'...
[1.041s] -- Up-to-date: /home/robot_ws/install/robot_core/share/robot_core/src
[1.042s] -- Up-to-date: /home/robot_ws/install/robot_core/share/robot_core/src/detection.py
[1.043s] -- Up-to-date: /home/robot_ws/install/robot_core/share/robot_core/src/autonomy_node.py
[1.044s] -- Up-to-date: /home/robot_ws/install/robot_core/share/robot_core/src/__init__.py
[1.045s] -- Up-to-date: /home/robot_ws/install/robot_core/share/robot_core/launch
[1.046s] -- Up-to-date: /home/robot_ws/install/robot_core/share/robot_core/config
[1.047s] -- Up-to-date: /home/robot_ws/install/robot_core/lib/robot_core/autonomy_node.py
[1.048s] -- Up-to-date: /home/robot_ws/install/robot_core/lib/robot_core/robot_core
[1.048s] -- Up-to-date: /home/robot_ws/install/robot_core/lib/robot_core/robot_core/move.py
[1.049s] -- Up-to-date: /home/robot_ws/install/robot_core/share/ament_index/resource_index/package_run_dependencies/robot_core
[1.051s] -- Up-to-date: /home/robot_ws/install/robot_core/share/ament_index/resource_index/parent_prefix_path/robot_core
[1.052s] -- Up-to-date: /home/robot_ws/install/robot_core/share/robot_core/environment/ament_prefix_path.sh
[1.053s] -- Up-to-date: /home/robot_ws/install/robot_core/share/robot_core/environment/ament_prefix_path.dsv
[1.054s] -- Up-to-date: /home/robot_ws/install/robot_core/share/robot_core/environment/path.sh
[1.055s] -- Up-to-date: /home/robot_ws/install/robot_core/share/robot_core/environment/path.dsv
[1.055s] -- Up-to-date: /home/robot_ws/install/robot_core/share/robot_core/local_setup.bash
[1.055s] -- Up-to-date: /home/robot_ws/install/robot_core/share/robot_core/local_setup.sh
[1.055s] -- Up-to-date: /home/robot_ws/install/robot_core/share/robot_core/local_setup.zsh
[1.055s] -- Up-to-date: /home/robot_ws/install/robot_core/share/robot_core/local_setup.dsv
[1.055s] -- Installing: /home/robot_ws/install/robot_core/share/robot_core/package.dsv
[1.055s] -- Up-to-date: /home/robot_ws/install/robot_core/share/ament_index/resource_index/packages/robot_core
[1.055s] -- Up-to-date: /home/robot_ws/install/robot_core/share/robot_core/cmake/robot_coreConfig.cmake
[1.055s] -- Up-to-date: /home/robot_ws/install/robot_core/share/robot_core/cmake/robot_coreConfig-version.cmake
[1.055s] -- Up-to-date: /home/robot_ws/install/robot_core/share/robot_core/package.xml
[1.056s] Invoked command in '/home/robot_ws/build/robot_core' returned '0': CMAKE_PREFIX_PATH=${CMAKE_PREFIX_PATH}:/opt/ros/humble /usr/bin/cmake --install /home/robot_ws/build/robot_core
