[0.016s] Invoking command in '/home/entity014/3GP6-bot/robot_ws/build/robot_description': CMAKE_PREFIX_PATH=${CMAKE_PREFIX_PATH}:/home/entity014/Ros-Major/project_ws/install/object_detect:/home/entity014/Ros-Major/650610841_final/install/lidar_650610841:/home/entity014/turtlebot3_ws/install/turtlebot3_teleop:/home/entity014/turtlebot3_ws/install/turtlebot3_example:/opt/ros/humble /usr/bin/cmake --build /home/entity014/3GP6-bot/robot_ws/build/robot_description -- -j16 -l16
[0.095s] Built target ament_cmake_python_copy_src
[0.712s] running egg_info
[0.718s] writing src.egg-info/PKG-INFO
[0.720s] writing dependency_links to src.egg-info/dependency_links.txt
[0.721s] writing top-level names to src.egg-info/top_level.txt
[0.736s] reading manifest file 'src.egg-info/SOURCES.txt'
[0.742s] writing manifest file 'src.egg-info/SOURCES.txt'
[0.890s] Built target ament_cmake_python_build_src_egg
[0.926s] Invoked command in '/home/entity014/3GP6-bot/robot_ws/build/robot_description' returned '0': CMAKE_PREFIX_PATH=${CMAKE_PREFIX_PATH}:/home/entity014/Ros-Major/project_ws/install/object_detect:/home/entity014/Ros-Major/650610841_final/install/lidar_650610841:/home/entity014/turtlebot3_ws/install/turtlebot3_teleop:/home/entity014/turtlebot3_ws/install/turtlebot3_example:/opt/ros/humble /usr/bin/cmake --build /home/entity014/3GP6-bot/robot_ws/build/robot_description -- -j16 -l16
[0.941s] Invoking command in '/home/entity014/3GP6-bot/robot_ws/build/robot_description': CMAKE_PREFIX_PATH=${CMAKE_PREFIX_PATH}:/home/entity014/Ros-Major/project_ws/install/object_detect:/home/entity014/Ros-Major/650610841_final/install/lidar_650610841:/home/entity014/turtlebot3_ws/install/turtlebot3_teleop:/home/entity014/turtlebot3_ws/install/turtlebot3_example:/opt/ros/humble /usr/bin/cmake --install /home/entity014/3GP6-bot/robot_ws/build/robot_description
[0.949s] -- Install configuration: ""
[0.949s] -- Up-to-date: /home/entity014/3GP6-bot/robot_ws/install/robot_description/share/robot_description/environment/pythonpath.sh
[0.950s] -- Up-to-date: /home/entity014/3GP6-bot/robot_ws/install/robot_description/share/robot_description/environment/pythonpath.dsv
[0.950s] -- Up-to-date: /home/entity014/3GP6-bot/robot_ws/install/robot_description/local/lib/python3.10/dist-packages/src-0.0.0-py3.10.egg-info
[0.951s] -- Installing: /home/entity014/3GP6-bot/robot_ws/install/robot_description/local/lib/python3.10/dist-packages/src-0.0.0-py3.10.egg-info/SOURCES.txt
[0.951s] -- Installing: /home/entity014/3GP6-bot/robot_ws/install/robot_description/local/lib/python3.10/dist-packages/src-0.0.0-py3.10.egg-info/PKG-INFO
[0.952s] -- Installing: /home/entity014/3GP6-bot/robot_ws/install/robot_description/local/lib/python3.10/dist-packages/src-0.0.0-py3.10.egg-info/top_level.txt
[0.954s] -- Installing: /home/entity014/3GP6-bot/robot_ws/install/robot_description/local/lib/python3.10/dist-packages/src-0.0.0-py3.10.egg-info/dependency_links.txt
[0.961s] -- Up-to-date: /home/entity014/3GP6-bot/robot_ws/install/robot_description/local/lib/python3.10/dist-packages/src
[0.961s] -- Up-to-date: /home/entity014/3GP6-bot/robot_ws/install/robot_description/local/lib/python3.10/dist-packages/src/__init__.py
[1.170s] Listing '/home/entity014/3GP6-bot/robot_ws/install/robot_description/local/lib/python3.10/dist-packages/src'...
[1.201s] -- Up-to-date: /home/entity014/3GP6-bot/robot_ws/install/robot_description/share/robot_description/urdf
[1.202s] -- Up-to-date: /home/entity014/3GP6-bot/robot_ws/install/robot_description/share/robot_description/urdf/robot.urdf.xacro
[1.204s] -- Up-to-date: /home/entity014/3GP6-bot/robot_ws/install/robot_description/share/robot_description/urdf/base.urdf.xacro
[1.207s] -- Up-to-date: /home/entity014/3GP6-bot/robot_ws/install/robot_description/share/robot_description/urdf/properties.urdf.xacro
[1.207s] -- Up-to-date: /home/entity014/3GP6-bot/robot_ws/install/robot_description/share/robot_description/urdf/sensors
[1.208s] -- Up-to-date: /home/entity014/3GP6-bot/robot_ws/install/robot_description/share/robot_description/urdf/sensors/imu.urdf.xacro
[1.208s] -- Up-to-date: /home/entity014/3GP6-bot/robot_ws/install/robot_description/share/robot_description/urdf/sensors/depth_sensor.urdf.xacro
[1.211s] -- Up-to-date: /home/entity014/3GP6-bot/robot_ws/install/robot_description/share/robot_description/urdf/drive.urdf.xacro
[1.212s] -- Up-to-date: /home/entity014/3GP6-bot/robot_ws/install/robot_description/share/robot_description/urdf/wheel.urdf.xacro
[1.213s] -- Up-to-date: /home/entity014/3GP6-bot/robot_ws/install/robot_description/share/robot_description/src
[1.213s] -- Up-to-date: /home/entity014/3GP6-bot/robot_ws/install/robot_description/share/robot_description/src/__init__.py
[1.214s] -- Up-to-date: /home/entity014/3GP6-bot/robot_ws/install/robot_description/share/robot_description/rviz
[1.216s] -- Up-to-date: /home/entity014/3GP6-bot/robot_ws/install/robot_description/share/robot_description/rviz/view_urdf.rviz
[1.217s] -- Up-to-date: /home/entity014/3GP6-bot/robot_ws/install/robot_description/share/robot_description/rviz/description.rviz
[1.218s] -- Up-to-date: /home/entity014/3GP6-bot/robot_ws/install/robot_description/share/robot_description/worlds
[1.220s] -- Up-to-date: /home/entity014/3GP6-bot/robot_ws/install/robot_description/share/robot_description/worlds/Floor_Blend.blend
[1.221s] -- Up-to-date: /home/entity014/3GP6-bot/robot_ws/install/robot_description/share/robot_description/worlds/world.world
[1.221s] -- Up-to-date: /home/entity014/3GP6-bot/robot_ws/install/robot_description/share/robot_description/worlds/map.dae
[1.222s] -- Up-to-date: /home/entity014/3GP6-bot/robot_ws/install/robot_description/share/robot_description/worlds/Floor_Blend.blend1
[1.222s] -- Up-to-date: /home/entity014/3GP6-bot/robot_ws/install/robot_description/share/robot_description/worlds/map
[1.223s] -- Up-to-date: /home/entity014/3GP6-bot/robot_ws/install/robot_description/share/robot_description/worlds/map/model.sdf
[1.224s] -- Up-to-date: /home/entity014/3GP6-bot/robot_ws/install/robot_description/share/robot_description/worlds/map/model.config
[1.228s] -- Up-to-date: /home/entity014/3GP6-bot/robot_ws/install/robot_description/share/robot_description/launch
[1.232s] -- Up-to-date: /home/entity014/3GP6-bot/robot_ws/install/robot_description/share/robot_description/launch/description.launch.py
[1.235s] -- Up-to-date: /home/entity014/3GP6-bot/robot_ws/install/robot_description/share/robot_description/launch/gazebo.launch.py
[1.236s] -- Up-to-date: /home/entity014/3GP6-bot/robot_ws/install/robot_description/share/robot_description/config
[1.237s] -- Up-to-date: /home/entity014/3GP6-bot/robot_ws/install/robot_description/share/robot_description/config/ekf.yaml
[1.239s] -- Up-to-date: /home/entity014/3GP6-bot/robot_ws/install/robot_description/share/ament_index/resource_index/package_run_dependencies/robot_description
[1.239s] -- Up-to-date: /home/entity014/3GP6-bot/robot_ws/install/robot_description/share/ament_index/resource_index/parent_prefix_path/robot_description
[1.240s] -- Up-to-date: /home/entity014/3GP6-bot/robot_ws/install/robot_description/share/robot_description/environment/ament_prefix_path.sh
[1.240s] -- Up-to-date: /home/entity014/3GP6-bot/robot_ws/install/robot_description/share/robot_description/environment/ament_prefix_path.dsv
[1.241s] -- Up-to-date: /home/entity014/3GP6-bot/robot_ws/install/robot_description/share/robot_description/environment/path.sh
[1.241s] -- Up-to-date: /home/entity014/3GP6-bot/robot_ws/install/robot_description/share/robot_description/environment/path.dsv
[1.241s] -- Up-to-date: /home/entity014/3GP6-bot/robot_ws/install/robot_description/share/robot_description/local_setup.bash
[1.241s] -- Up-to-date: /home/entity014/3GP6-bot/robot_ws/install/robot_description/share/robot_description/local_setup.sh
[1.241s] -- Up-to-date: /home/entity014/3GP6-bot/robot_ws/install/robot_description/share/robot_description/local_setup.zsh
[1.242s] -- Up-to-date: /home/entity014/3GP6-bot/robot_ws/install/robot_description/share/robot_description/local_setup.dsv
[1.242s] -- Installing: /home/entity014/3GP6-bot/robot_ws/install/robot_description/share/robot_description/package.dsv
[1.242s] -- Up-to-date: /home/entity014/3GP6-bot/robot_ws/install/robot_description/share/ament_index/resource_index/packages/robot_description
[1.243s] -- Up-to-date: /home/entity014/3GP6-bot/robot_ws/install/robot_description/share/robot_description/cmake/robot_descriptionConfig.cmake
[1.243s] -- Up-to-date: /home/entity014/3GP6-bot/robot_ws/install/robot_description/share/robot_description/cmake/robot_descriptionConfig-version.cmake
[1.244s] -- Up-to-date: /home/entity014/3GP6-bot/robot_ws/install/robot_description/share/robot_description/package.xml
[1.250s] Invoked command in '/home/entity014/3GP6-bot/robot_ws/build/robot_description' returned '0': CMAKE_PREFIX_PATH=${CMAKE_PREFIX_PATH}:/home/entity014/Ros-Major/project_ws/install/object_detect:/home/entity014/Ros-Major/650610841_final/install/lidar_650610841:/home/entity014/turtlebot3_ws/install/turtlebot3_teleop:/home/entity014/turtlebot3_ws/install/turtlebot3_example:/opt/ros/humble /usr/bin/cmake --install /home/entity014/3GP6-bot/robot_ws/build/robot_description
